Component: ARM Compiler 5.06 update 6 (build 750) Tool: armlink [4d35ed]

==============================================================================

Section Cross References

    startup_stm32f427xx.o(STACK) refers (Special) to heapauxi.o(.text) for __use_two_region_memory
    startup_stm32f427xx.o(HEAP) refers (Special) to heapauxi.o(.text) for __use_two_region_memory
    startup_stm32f427xx.o(RESET) refers (Special) to heapauxi.o(.text) for __use_two_region_memory
    startup_stm32f427xx.o(RESET) refers to startup_stm32f427xx.o(STACK) for __initial_sp
    startup_stm32f427xx.o(RESET) refers to startup_stm32f427xx.o(.text) for Reset_Handler
    startup_stm32f427xx.o(RESET) refers to stm32f4xx_it.o(i.NMI_Handler) for NMI_Handler
    startup_stm32f427xx.o(RESET) refers to stm32f4xx_it.o(i.HardFault_Handler) for HardFault_Handler
    startup_stm32f427xx.o(RESET) refers to stm32f4xx_it.o(i.MemManage_Handler) for MemManage_Handler
    startup_stm32f427xx.o(RESET) refers to stm32f4xx_it.o(i.BusFault_Handler) for BusFault_Handler
    startup_stm32f427xx.o(RESET) refers to stm32f4xx_it.o(i.UsageFault_Handler) for UsageFault_Handler
    startup_stm32f427xx.o(RESET) refers to port.o(.emb_text) for SVC_Handler
    startup_stm32f427xx.o(RESET) refers to stm32f4xx_it.o(i.DebugMon_Handler) for DebugMon_Handler
    startup_stm32f427xx.o(RESET) refers to port.o(i.SysTick_Handler) for SysTick_Handler
    startup_stm32f427xx.o(RESET) refers to stm32f4xx_it.o(i.CAN1_RX0_IRQHandler) for CAN1_RX0_IRQHandler
    startup_stm32f427xx.o(RESET) refers to stm32f4xx_it.o(i.USART1_IRQHandler) for USART1_IRQHandler
    startup_stm32f427xx.o(RESET) refers to stm32f4xx_it.o(i.TIM6_DAC_IRQHandler) for TIM6_DAC_IRQHandler
    startup_stm32f427xx.o(RESET) refers to stm32f4xx_it.o(i.DMA2_Stream2_IRQHandler) for DMA2_Stream2_IRQHandler
    startup_stm32f427xx.o(RESET) refers to stm32f4xx_it.o(i.CAN2_RX0_IRQHandler) for CAN2_RX0_IRQHandler
    startup_stm32f427xx.o(.text) refers (Special) to heapauxi.o(.text) for __use_two_region_memory
    startup_stm32f427xx.o(.text) refers to system_stm32f4xx.o(i.SystemInit) for SystemInit
    startup_stm32f427xx.o(.text) refers to __main.o(!!!main) for __main
    startup_stm32f427xx.o(.text) refers to startup_stm32f427xx.o(HEAP) for Heap_Mem
    startup_stm32f427xx.o(.text) refers to startup_stm32f427xx.o(STACK) for Stack_Mem
    main.o(i.HAL_TIM_PeriodElapsedCallback) refers to stm32f4xx_hal.o(i.HAL_IncTick) for HAL_IncTick
    main.o(i.SystemClock_Config) refers to rt_memclr_w.o(.text) for __aeabi_memclr4
    main.o(i.SystemClock_Config) refers to stm32f4xx_hal_rcc.o(i.HAL_RCC_OscConfig) for HAL_RCC_OscConfig
    main.o(i.SystemClock_Config) refers to stm32f4xx_hal_pwr_ex.o(i.HAL_PWREx_EnableOverDrive) for HAL_PWREx_EnableOverDrive
    main.o(i.SystemClock_Config) refers to stm32f4xx_hal_rcc.o(i.HAL_RCC_ClockConfig) for HAL_RCC_ClockConfig
    main.o(i.main) refers to stm32f4xx_hal.o(i.HAL_Init) for HAL_Init
    main.o(i.main) refers to main.o(i.SystemClock_Config) for SystemClock_Config
    main.o(i.main) refers to gpio.o(i.MX_GPIO_Init) for MX_GPIO_Init
    main.o(i.main) refers to dma.o(i.MX_DMA_Init) for MX_DMA_Init
    main.o(i.main) refers to usart.o(i.MX_USART1_UART_Init) for MX_USART1_UART_Init
    main.o(i.main) refers to can.o(i.MX_CAN1_Init) for MX_CAN1_Init
    main.o(i.main) refers to can.o(i.MX_CAN2_Init) for MX_CAN2_Init
    main.o(i.main) refers to freertos.o(i.MX_FREERTOS_Init) for MX_FREERTOS_Init
    main.o(i.main) refers to cmsis_os.o(i.osKernelStart) for osKernelStart
    gpio.o(i.MX_GPIO_Init) refers to rt_memclr_w.o(.text) for __aeabi_memclr4
    gpio.o(i.MX_GPIO_Init) refers to stm32f4xx_hal_gpio.o(i.HAL_GPIO_WritePin) for HAL_GPIO_WritePin
    gpio.o(i.MX_GPIO_Init) refers to stm32f4xx_hal_gpio.o(i.HAL_GPIO_Init) for HAL_GPIO_Init
    can.o(i.CAN1_FILTER_Init) refers to stm32f4xx_hal_can.o(i.HAL_CAN_ConfigFilter) for HAL_CAN_ConfigFilter
    can.o(i.CAN1_FILTER_Init) refers to can.o(.bss) for .bss
    can.o(i.CAN2_FILTER_Init) refers to stm32f4xx_hal_can.o(i.HAL_CAN_ConfigFilter) for HAL_CAN_ConfigFilter
    can.o(i.CAN2_FILTER_Init) refers to can.o(.bss) for .bss
    can.o(i.CAN_SendData_F0) refers to stm32f4xx_hal_can.o(i.HAL_CAN_AddTxMessage) for HAL_CAN_AddTxMessage
    can.o(i.HAL_CAN_MspDeInit) refers to stm32f4xx_hal_gpio.o(i.HAL_GPIO_DeInit) for HAL_GPIO_DeInit
    can.o(i.HAL_CAN_MspDeInit) refers to stm32f4xx_hal_cortex.o(i.HAL_NVIC_DisableIRQ) for HAL_NVIC_DisableIRQ
    can.o(i.HAL_CAN_MspDeInit) refers to can.o(.data) for .data
    can.o(i.HAL_CAN_MspInit) refers to rt_memclr_w.o(.text) for __aeabi_memclr4
    can.o(i.HAL_CAN_MspInit) refers to stm32f4xx_hal_gpio.o(i.HAL_GPIO_Init) for HAL_GPIO_Init
    can.o(i.HAL_CAN_MspInit) refers to stm32f4xx_hal_cortex.o(i.HAL_NVIC_SetPriority) for HAL_NVIC_SetPriority
    can.o(i.HAL_CAN_MspInit) refers to stm32f4xx_hal_cortex.o(i.HAL_NVIC_EnableIRQ) for HAL_NVIC_EnableIRQ
[...]
    $v0                                      0x080046b0   Number         0  daddsub_clz.o(x$fpl$dadd)
    _dadd1                                   0x080046c1   Thumb Code     0  daddsub_clz.o(x$fpl$dadd)
    x$fpl$ddiv                               0x08004800   Section      688  ddiv.o(x$fpl$ddiv)
    $v0                                      0x08004800   Number         0  ddiv.o(x$fpl$ddiv)
    ddiv_entry                               0x08004807   Thumb Code     0  ddiv.o(x$fpl$ddiv)
    x$fpl$dflt                               0x08004ab0   Section       46  dflt_clz.o(x$fpl$dflt)
    $v0                                      0x08004ab0   Number         0  dflt_clz.o(x$fpl$dflt)
    x$fpl$dmul                               0x08004ae0   Section      340  dmul.o(x$fpl$dmul)
    $v0                                      0x08004ae0   Number         0  dmul.o(x$fpl$dmul)
    x$fpl$dnaninf                            0x08004c34   Section      156  dnaninf.o(x$fpl$dnaninf)
    $v0                                      0x08004c34   Number         0  dnaninf.o(x$fpl$dnaninf)
    x$fpl$dretinf                            0x08004cd0   Section       12  dretinf.o(x$fpl$dretinf)
    $v0                                      0x08004cd0   Number         0  dretinf.o(x$fpl$dretinf)
    x$fpl$drsb                               0x08004cdc   Section       22  daddsub_clz.o(x$fpl$drsb)
    $v0                                      0x08004cdc   Number         0  daddsub_clz.o(x$fpl$drsb)
    x$fpl$dsub                               0x08004cf4   Section      468  daddsub_clz.o(x$fpl$dsub)
    $v0                                      0x08004cf4   Number         0  daddsub_clz.o(x$fpl$dsub)
    _dsub1                                   0x08004d05   Thumb Code     0  daddsub_clz.o(x$fpl$dsub)
    x$fpl$fpinit                             0x08004ec8   Section       10  fpinit.o(x$fpl$fpinit)
    $v0                                      0x08004ec8   Number         0  fpinit.o(x$fpl$fpinit)
    x$fpl$fretinf                            0x08004ed2   Section       10  fretinf.o(x$fpl$fretinf)
    $v0                                      0x08004ed2   Number         0  fretinf.o(x$fpl$fretinf)
    .constdata                               0x08004edc   Section       72  freertos.o(.constdata)
    x$fpl$usenofp                            0x08004edc   Section        0  usenofp.o(x$fpl$usenofp)
    .constdata                               0x08004f24   Section        8  stm32f4xx_hal_dma.o(.constdata)
    flagBitshiftOffset                       0x08004f24   Data           8  stm32f4xx_hal_dma.o(.constdata)
    .constdata                               0x08004f2c   Section       16  system_stm32f4xx.o(.constdata)
    .constdata                               0x08004f3c   Section        8  system_stm32f4xx.o(.constdata)
    .constdata                               0x08004f48   Section      152  atan.o(.constdata)
    atanhi                                   0x08004f48   Data          32  atan.o(.constdata)
    atanlo                                   0x08004f68   Data          32  atan.o(.constdata)
    aTodd                                    0x08004f88   Data          40  atan.o(.constdata)
    aTeven                                   0x08004fb0   Data          48  atan.o(.constdata)
    .constdata                               0x08004fe0   Section        8  qnan.o(.constdata)
    .conststring                             0x08004fe8   Section       18  freertos.o(.conststring)
    .data                                    0x20000000   Section        4  can.o(.data)
    HAL_RCC_CAN1_CLK_ENABLED                 0x20000000   Data           4  can.o(.data)
    .data                                    0x20000004   Section       12  freertos.o(.data)
    .data                                    0x20000010   Section       12  stm32f4xx_hal.o(.data)
    .data                                    0x2000001c   Section        4  system_stm32f4xx.o(.data)
    .data                                    0x20000020   Section       60  tasks.o(.data)
    pxDelayedTaskList                        0x20000024   Data           4  tasks.o(.data)
    pxOverflowDelayedTaskList                0x20000028   Data           4  tasks.o(.data)
    uxDeletedTasksWaitingCleanUp             0x2000002c   Data           4  tasks.o(.data)
    uxCurrentNumberOfTasks                   0x20000030   Data           4  tasks.o(.data)
    xTickCount                               0x20000034   Data           4  tasks.o(.data)
    uxTopReadyPriority                       0x20000038   Data           4  tasks.o(.data)
    xSchedulerRunning                        0x2000003c   Data           4  tasks.o(.data)
    uxPendedTicks                            0x20000040   Data           4  tasks.o(.data)
    xYieldPending                            0x20000044   Data           4  tasks.o(.data)
    xNumOfOverflows                          0x20000048   Data           4  tasks.o(.data)
    uxTaskNumber                             0x2000004c   Data           4  tasks.o(.data)
    xNextTaskUnblockTime                     0x20000050   Data           4  tasks.o(.data)
    xIdleTaskHandle                          0x20000054   Data           4  tasks.o(.data)
    uxSchedulerSuspended                     0x20000058   Data           4  tasks.o(.data)
    .data                                    0x2000005c   Section       24  heap_4.o(.data)
    pxEnd                                    0x2000005c   Data           4  heap_4.o(.data)
    xFreeBytesRemaining                      0x20000060   Data           4  heap_4.o(.data)
    xMinimumEverFreeBytesRemaining           0x20000064   Data           4  heap_4.o(.data)
    xBlockAllocatedBit                       0x20000068   Data           4  heap_4.o(.data)
    xStart                                   0x2000006c   Data           8  heap_4.o(.data)
    .data                                    0x20000074   Section       12  port.o(.data)
    ucMaxSysCallPriority                     0x20000074   Data           1  port.o(.data)
    uxCriticalNesting                        0x20000078   Data           4  port.o(.data)
    ulMaxPRIGROUPValue                       0x2000007c   Data           4  port.o(.data)
    .data                                    0x20000080   Section       44  dr16_remote.o(.data)
    .data                                    0x200000ac   Section       12  djimotor.o(.data)
    .data                                    0x200000b8   Section       12  bldcmotor.o(.data)
    .data                                    0x200000c4   Section       24  bldcmotor.o(.data)
    .data                                    0x200000dc   Section       36  enconder.o(.data)
    .bss                                     0x20000100   Section       40  can.o(.bss)
    .bss                                     0x20000128   Section       40  can.o(.bss)
    .bss                                     0x20000150   Section       80  can.o(.bss)
    .bss                                     0x200001a0   Section      596  freertos.o(.bss)
    xIdleTaskTCBBuffer                       0x200001a0   Data          84  freertos.o(.bss)
    xIdleStack                               0x200001f4   Data         512  freertos.o(.bss)
    .bss                                     0x200003f4   Section      160  usart.o(.bss)
    .bss                                     0x20000494   Section       64  stm32f4xx_hal_timebase_tim.o(.bss)
    .bss                                     0x200004d4   Section      700  tasks.o(.bss)
    pxReadyTasksLists                        0x200004d4   Data         620  tasks.o(.bss)
    xDelayedTaskList1                        0x20000740   Data          20  tasks.o(.bss)
    xDelayedTaskList2                        0x20000754   Data          20  tasks.o(.bss)
    xPendingReadyList                        0x20000768   Data          20  tasks.o(.bss)
    xTasksWaitingTermination                 0x2000077c   Data          20  tasks.o(.bss)
    .bss                                     0x20000790   Section    15360  heap_4.o(.bss)
    ucHeap                                   0x20000790   Data       15360  heap_4.o(.bss)
    .bss                                     0x20004390   Section       44  dr16_remote.o(.bss)
    .bss                                     0x200043bc   Section      800  djimotor.o(.bss)
    .bss                                     0x200046dc   Section      368  bldcmotor.o(.bss)
    .bss                                     0x2000484c   Section       32  enconder.o(.bss)
    .bss                                     0x2000486c   Section       96  libspace.o(.bss)
    HEAP                                     0x200048d0   Section      512  startup_stm32f427xx.o(HEAP)
    Heap_Mem                                 0x200048d0   Data         512  startup_stm32f427xx.o(HEAP)
    STACK                                    0x20004ad0   Section     1024  startup_stm32f427xx.o(STACK)
    Stack_Mem                                0x20004ad0   Data        1024  startup_stm32f427xx.o(STACK)
    __initial_sp                             0x20004ed0   Data           0  startup_stm32f427xx.o(STACK)

    Global Symbols

    Symbol Name                              Value     Ov Type        Size  Object(Section)

    BuildAttributes$$THM_ISAv4$E$P$D$K$B$S$7EM$VFPi3$EXTD16$VFPS$VFMA$PE$A:L22UL41UL21$X:L11$S22US41US21$IEEE1$IW$USESV6$~STKCKD$USESV7$~SHL$OTIME$ROPI$IEEEX$EBA8$UX$STANDARDLIB$REQ8$PRES8$EABIv2 0x00000000   Number         0  anon$$obj.o ABSOLUTE
    __ARM_use_no_argv                        0x00000000   Number         0  main.o ABSOLUTE
    __ARM_exceptions_init                     - Undefined Weak Reference
    __alloca_initialize                       - Undefined Weak Reference
    __arm_preinit_                            - Undefined Weak Reference
    __cpp_initialize__aeabi_                  - Undefined Weak Reference
    __cxa_finalize                            - Undefined Weak Reference
    __rt_locale                               - Undefined Weak Reference
    __sigvec_lookup                           - Undefined Weak Reference
    _atexit_init                              - Undefined Weak Reference
    _call_atexit_fns                          - Undefined Weak Reference
    _clock_init                               - Undefined Weak Reference
    _fp_trap_init                             - Undefined Weak Reference
    _fp_trap_shutdown                         - Undefined Weak Reference
    _get_lc_collate                           - Undefined Weak Reference
    _get_lc_ctype                             - Undefined Weak Reference
    _get_lc_monetary                          - Undefined Weak Reference
    _get_lc_numeric                           - Undefined Weak Reference
    _get_lc_time                              - Undefined Weak Reference
    _getenv_init                              - Undefined Weak Reference
    _handle_redirection                       - Undefined Weak Reference
    _init_alloc                               - Undefined Weak Reference
    _init_user_alloc                          - Undefined Weak Reference
    _initio                                   - Undefined Weak Reference
    _rand_init                                - Undefined Weak Reference
    _signal_finish                            - Undefined Weak Reference
    _signal_init                              - Undefined Weak Reference
    _terminate_alloc                          - Undefined Weak Reference
    _terminate_user_alloc                     - Undefined Weak Reference
    _terminateio                              - Undefined Weak Reference
    __Vectors_Size                           0x000001ac   Number         0  startup_stm32f427xx.o ABSOLUTE
    __Vectors                                0x08000000   Data           4  startup_stm32f427xx.o(RESET)
    __Vectors_End                            0x080001ac   Data           0  startup_stm32f427xx.o(RESET)
    __main                                   0x080001ad   Thumb Code     8  __main.o(!!!main)
    __scatterload                            0x080001b5   Thumb Code     0  __scatter.o(!!!scatter)
    __scatterload_rt2                        0x080001b5   Thumb Code    44  __scatter.o(!!!scatter)
    __scatterload_rt2_thumb_only             0x080001b5   Thumb Code     0  __scatter.o(!!!scatter)
    __scatterload_null                       0x080001c3   Thumb Code     0  __scatter.o(!!!scatter)
    __scatterload_copy                       0x080001e9   Thumb Code    26  __scatter_copy.o(!!handler_copy)
    __scatterload_zeroinit                   0x08000205   Thumb Code    28  __scatter_zi.o(!!handler_zi)
    __rt_lib_init                            0x08000221   Thumb Code     0  libinit.o(.ARM.Collect$$libinit$$00000000)
    __rt_lib_init_fp_1                       0x08000223   Thumb Code     0  libinit2.o(.ARM.Collect$$libinit$$00000001)
    __rt_lib_init_alloca_1                   0x08000227   Thumb Code     0  libinit2.o(.ARM.Collect$$libinit$$0000002E)
    __rt_lib_init_argv_1                     0x08000227   Thumb Code     0  libinit2.o(.ARM.Collect$$libinit$$0000002C)
    __rt_lib_init_atexit_1                   0x08000227   Thumb Code     0  libinit2.o(.ARM.Collect$$libinit$$0000001B)
    __rt_lib_init_clock_1                    0x08000227   Thumb Code     0  libinit2.o(.ARM.Collect$$libinit$$00000021)
    __rt_lib_init_cpp_1                      0x08000227   Thumb Code     0  libinit2.o(.ARM.Collect$$libinit$$00000032)
    __rt_lib_init_exceptions_1               0x08000227   Thumb Code     0  libinit2.o(.ARM.Collect$$libinit$$00000030)
    __rt_lib_init_fp_trap_1                  0x08000227   Thumb Code     0  libinit2.o(.ARM.Collect$$libinit$$0000001F)
    __rt_lib_init_getenv_1                   0x08000227   Thumb Code     0  libinit2.o(.ARM.Collect$$libinit$$00000023)
    __rt_lib_init_heap_1                     0x08000227   Thumb Code     0  libinit2.o(.ARM.Collect$$libinit$$0000000A)
    __rt_lib_init_lc_collate_1               0x08000227   Thumb Code     0  libinit2.o(.ARM.Collect$$libinit$$00000011)
    __rt_lib_init_lc_ctype_1                 0x08000227   Thumb Code     0  libinit2.o(.ARM.Collect$$libinit$$00000013)
    __rt_lib_init_lc_monetary_1              0x08000227   Thumb Code     0  libinit2.o(.ARM.Collect$$libinit$$00000015)
    __rt_lib_init_lc_numeric_1               0x08000227   Thumb Code     0  libinit2.o(.ARM.Collect$$libinit$$00000017)
    __rt_lib_init_lc_time_1                  0x08000227   Thumb Code     0  libinit2.o(.ARM.Collect$$libinit$$00000019)
    __rt_lib_init_preinit_1                  0x08000227   Thumb Code     0  libinit2.o(.ARM.Collect$$libinit$$00000004)
    __rt_lib_init_rand_1                     0x08000227   Thumb Code     0  libinit2.o(.ARM.Collect$$libinit$$0000000E)
    __rt_lib_init_return                     0x08000227   Thumb Code     0  libinit2.o(.ARM.Collect$$libinit$$00000033)
    __rt_lib_init_signal_1                   0x08000227   Thumb Code     0  libinit2.o(.ARM.Collect$$libinit$$0000001D)
    __rt_lib_init_stdio_1                    0x08000227   Thumb Code     0  libinit2.o(.ARM.Collect$$libinit$$00000025)
    __rt_lib_init_user_alloc_1               0x08000227   Thumb Code     0  libinit2.o(.ARM.Collect$$libinit$$0000000C)
    __rt_lib_shutdown                        0x08000229   Thumb Code     0  libshutdown.o(.ARM.Collect$$libshutdown$$00000000)
    __rt_lib_shutdown_cpp_1                  0x0800022b   Thumb Code     0  libshutdown2.o(.ARM.Collect$$libshutdown$$00000002)
    __rt_lib_shutdown_fp_trap_1              0x0800022b   Thumb Code     0  libshutdown2.o(.ARM.Collect$$libshutdown$$00000007)
    __rt_lib_shutdown_heap_1                 0x0800022b   Thumb Code     0  libshutdown2.o(.ARM.Collect$$libshutdown$$0000000F)
    __rt_lib_shutdown_return                 0x0800022b   Thumb Code     0  libshutdown2.o(.ARM.Collect$$libshutdown$$00000010)
    __rt_lib_shutdown_signal_1               0x0800022b   Thumb Code     0  libshutdown2.o(.ARM.Collect$$libshutdown$$0000000A)
    __rt_lib_shutdown_stdio_1                0x0800022b   Thumb Code     0  libshutdown2.o(.ARM.Collect$$libshutdown$$00000004)
    __rt_lib_shutdown_user_alloc_1           0x0800022b   Thumb Code     0  libshutdown2.o(.ARM.Collect$$libshutdown$$0000000C)
    __rt_entry                               0x0800022d   Thumb Code     0  __rtentry.o(.ARM.Collect$$rtentry$$00000000)
    __rt_entry_presh_1                       0x0800022d   Thumb Code     0  __rtentry2.o(.ARM.Collect$$rtentry$$00000002)
    __rt_entry_sh                            0x0800022d   Thumb Code     0  __rtentry4.o(.ARM.Collect$$rtentry$$00000004)
    __rt_entry_li                            0x08000233   Thumb Code     0  __rtentry2.o(.ARM.Collect$$rtentry$$0000000A)
    __rt_entry_postsh_1                      0x08000233   Thumb Code     0  __rtentry2.o(.ARM.Collect$$rtentry$$00000009)
    __rt_entry_main                          0x08000237   Thumb Code     0  __rtentry2.o(.ARM.Collect$$rtentry$$0000000D)
    __rt_entry_postli_1                      0x08000237   Thumb Code     0  __rtentry2.o(.ARM.Collect$$rtentry$$0000000C)
    __rt_exit                                0x0800023f   Thumb Code     0  rtexit.o(.ARM.Collect$$rtexit$$00000000)
    __rt_exit_ls                             0x08000241   Thumb Code     0  rtexit2.o(.ARM.Collect$$rtexit$$00000003)
    __rt_exit_prels_1                        0x08000241   Thumb Code     0  rtexit2.o(.ARM.Collect$$rtexit$$00000002)
    __rt_exit_exit                           0x08000245   Thumb Code     0  rtexit2.o(.ARM.Collect$$rtexit$$00000004)
    SVC_Handler                              0x0800024d   Thumb Code    28  port.o(.emb_text)
    __asm___6_port_c_39a90d8d__prvStartFirstTask 0x0800026d   Thumb Code    36  port.o(.emb_text)
    __asm___6_port_c_39a90d8d__prvEnableVFP  0x08000295   Thumb Code    16  port.o(.emb_text)
    PendSV_Handler                           0x080002a9   Thumb Code    88  port.o(.emb_text)
    vPortGetIPSR                             0x08000305   Thumb Code     6  port.o(.emb_text)
    Reset_Handler                            0x0800030d   Thumb Code     8  startup_stm32f427xx.o(.text)
    ADC_IRQHandler                           0x08000327   Thumb Code     0  startup_stm32f427xx.o(.text)
    CAN1_RX1_IRQHandler                      0x08000327   Thumb Code     0  startup_stm32f427xx.o(.text)
    CAN1_SCE_IRQHandler                      0x08000327   Thumb Code     0  startup_stm32f427xx.o(.text)
    CAN1_TX_IRQHandler                       0x08000327   Thumb Code     0  startup_stm32f427xx.o(.text)
    CAN2_RX1_IRQHandler                      0x08000327   Thumb Code     0  startup_stm32f427xx.o(.text)
    CAN2_SCE_IRQHandler                      0x08000327   Thumb Code     0  startup_stm32f427xx.o(.text)
    CAN2_TX_IRQHandler                       0x08000327   Thumb Code     0  startup_stm32f427xx.o(.text)
    DCMI_IRQHandler                          0x08000327   Thumb Code     0  startup_stm32f427xx.o(.text)
    DMA1_Stream0_IRQHandler                  0x08000327   Thumb Code     0  startup_stm32f427xx.o(.text)
    DMA1_Stream1_IRQHandler                  0x08000327   Thumb Code     0  startup_stm32f427xx.o(.text)
    DMA1_Stream2_IRQHandler                  0x08000327   Thumb Code     0  startup_stm32f427xx.o(.text)
    DMA1_Stream3_IRQHandler                  0x08000327   Thumb Code     0  startup_stm32f427xx.o(.text)
    DMA1_Stream4_IRQHandler                  0x08000327   Thumb Code     0  startup_stm32f427xx.o(.text)
    DMA1_Stream5_IRQHandler                  0x08000327   Thumb Code     0  startup_stm32f427xx.o(.text)
    DMA1_Stream6_IRQHandler                  0x08000327   Thumb Code     0  startup_stm32f427xx.o(.text)
    DMA1_Stream7_IRQHandler                  0x08000327   Thumb Code     0  startup_stm32f427xx.o(.text)
    DMA2D_IRQHandler                         0x08000327   Thumb Code     0  startup_stm32f427xx.o(.text)
    DMA2_Stream0_IRQHandler                  0x08000327   Thumb Code     0  startup_stm32f427xx.o(.text)
    DMA2_Stream1_IRQHandler                  0x08000327   Thumb Code     0  startup_stm32f427xx.o(.text)
    DMA2_Stream3_IRQHandler                  0x08000327   Thumb Code     0  startup_stm32f427xx.o(.text)
    DMA2_Stream4_IRQHandler                  0x08000327   Thumb Code     0  startup_stm32f427xx.o(.text)
    DMA2_Stream5_IRQHandler                  0x08000327   Thumb Code     0  startup_stm32f427xx.o(.text)
    DMA2_Stream6_IRQHandler                  0x08000327   Thumb Code     0  startup_stm32f427xx.o(.text)
    DMA2_Stream7_IRQHandler                  0x08000327   Thumb Code     0  startup_stm32f427xx.o(.text)
    ETH_IRQHandler                           0x08000327   Thumb Code     0  startup_stm32f427xx.o(.text)
    ETH_WKUP_IRQHandler                      0x08000327   Thumb Code     0  startup_stm32f427xx.o(.text)
    EXTI0_IRQHandler                         0x08000327   Thumb Code     0  startup_stm32f427xx.o(.text)
    EXTI15_10_IRQHandler                     0x08000327   Thumb Code     0  startup_stm32f427xx.o(.text)
    EXTI1_IRQHandler                         0x08000327   Thumb Code     0  startup_stm32f427xx.o(.text)
    EXTI2_IRQHandler                         0x08000327   Thumb Code     0  startup_stm32f427xx.o(.text)
    EXTI3_IRQHandler                         0x08000327   Thumb Code     0  startup_stm32f427xx.o(.text)
    EXTI4_IRQHandler                         0x08000327   Thumb Code     0  startup_stm32f427xx.o(.text)
    EXTI9_5_IRQHandler                       0x08000327   Thumb Code     0  startup_stm32f427xx.o(.text)
    FLASH_IRQHandler                         0x08000327   Thumb Code     0  startup_stm32f427xx.o(.text)
    FMC_IRQHandler                           0x08000327   Thumb Code     0  startup_stm32f427xx.o(.text)
    FPU_IRQHandler                           0x08000327   Thumb Code     0  startup_stm32f427xx.o(.text)
    HASH_RNG_IRQHandler                      0x08000327   Thumb Code     0  startup_stm32f427xx.o(.text)
    I2C1_ER_IRQHandler                       0x08000327   Thumb Code     0  startup_stm32f427xx.o(.text)
    I2C1_EV_IRQHandler                       0x08000327   Thumb Code     0  startup_stm32f427xx.o(.text)
    I2C2_ER_IRQHandler                       0x08000327   Thumb Code     0  startup_stm32f427xx.o(.text)
    I2C2_EV_IRQHandler                       0x08000327   Thumb Code     0  startup_stm32f427xx.o(.text)
    I2C3_ER_IRQHandler                       0x08000327   Thumb Code     0  startup_stm32f427xx.o(.text)
    I2C3_EV_IRQHandler                       0x08000327   Thumb Code     0  startup_stm32f427xx.o(.text)
    OTG_FS_IRQHandler                        0x08000327   Thumb Code     0  startup_stm32f427xx.o(.text)
    OTG_FS_WKUP_IRQHandler                   0x08000327   Thumb Code     0  startup_stm32f427xx.o(.text)
    OTG_HS_EP1_IN_IRQHandler                 0x08000327   Thumb Code     0  startup_stm32f427xx.o(.text)
    OTG_HS_EP1_OUT_IRQHandler                0x08000327   Thumb Code     0  startup_stm32f427xx.o(.text)
    OTG_HS_IRQHandler                        0x08000327   Thumb Code     0  startup_stm32f427xx.o(.text)
    OTG_HS_WKUP_IRQHandler                   0x08000327   Thumb Code     0  startup_stm32f427xx.o(.text)
    PVD_IRQHandler                           0x08000327   Thumb Code     0  startup_stm32f427xx.o(.text)
    RCC_IRQHandler                           0x08000327   Thumb Code     0  startup_stm32f427xx.o(.text)
    RTC_Alarm_IRQHandler                     0x08000327   Thumb Code     0  startup_stm32f427xx.o(.text)
    RTC_WKUP_IRQHandler                      0x08000327   Thumb Code     0  startup_stm32f427xx.o(.text)
    SAI1_IRQHandler                          0x08000327   Thumb Code     0  startup_stm32f427xx.o(.text)
    SDIO_IRQHandler                          0x08000327   Thumb Code     0  startup_stm32f427xx.o(.text)
    SPI1_IRQHandler                          0x08000327   Thumb Code     0  startup_stm32f427xx.o(.text)
    SPI2_IRQHandler                          0x08000327   Thumb Code     0  startup_stm32f427xx.o(.text)
    SPI3_IRQHandler                          0x08000327   Thumb Code     0  startup_stm32f427xx.o(.text)
    SPI4_IRQHandler                          0x08000327   Thumb Code     0  startup_stm32f427xx.o(.text)
    SPI5_IRQHandler                          0x08000327   Thumb Code     0  startup_stm32f427xx.o(.text)
    SPI6_IRQHandler                          0x08000327   Thumb Code     0  startup_stm32f427xx.o(.text)
    TAMP_STAMP_IRQHandler                    0x08000327   Thumb Code     0  startup_stm32f427xx.o(.text)
    TIM1_BRK_TIM9_IRQHandler                 0x08000327   Thumb Code     0  startup_stm32f427xx.o(.text)
    TIM1_CC_IRQHandler                       0x08000327   Thumb Code     0  startup_stm32f427xx.o(.text)
    TIM1_TRG_COM_TIM11_IRQHandler            0x08000327   Thumb Code     0  startup_stm32f427xx.o(.text)
    TIM1_UP_TIM10_IRQHandler                 0x08000327   Thumb Code     0  startup_stm32f427xx.o(.text)
    TIM2_IRQHandler                          0x08000327   Thumb Code     0  startup_stm32f427xx.o(.text)
    TIM3_IRQHandler                          0x08000327   Thumb Code     0  startup_stm32f427xx.o(.text)
    TIM4_IRQHandler                          0x08000327   Thumb Code     0  startup_stm32f427xx.o(.text)
    TIM5_IRQHandler                          0x08000327   Thumb Code     0  startup_stm32f427xx.o(.text)
    TIM7_IRQHandler                          0x08000327   Thumb Code     0  startup_stm32f427xx.o(.text)
    TIM8_BRK_TIM12_IRQHandler                0x08000327   Thumb Code     0  startup_stm32f427xx.o(.text)
    TIM8_CC_IRQHandler                       0x08000327   Thumb Code     0  startup_stm32f427xx.o(.text)
    TIM8_TRG_COM_TIM14_IRQHandler            0x08000327   Thumb Code     0  startup_stm32f427xx.o(.text)
    TIM8_UP_TIM13_IRQHandler                 0x08000327   Thumb Code     0  startup_stm32f427xx.o(.text)
    UART4_IRQHandler                         0x08000327   Thumb Code     0  startup_stm32f427xx.o(.text)
    UART5_IRQHandler                         0x08000327   Thumb Code     0  startup_stm32f427xx.o(.text)
    UART7_IRQHandler                         0x08000327   Thumb Code     0  startup_stm32f427xx.o(.text)
    UART8_IRQHandler                         0x08000327   Thumb Code     0  startup_stm32f427xx.o(.text)
    USART2_IRQHandler                        0x08000327   Thumb Code     0  startup_stm32f427xx.o(.text)
    USART3_IRQHandler                        0x08000327   Thumb Code     0  startup_stm32f427xx.o(.text)
    USART6_IRQHandler                        0x08000327   Thumb Code     0  startup_stm32f427xx.o(.text)
    WWDG_IRQHandler                          0x08000327   Thumb Code     0  startup_stm32f427xx.o(.text)
    __user_initial_stackheap                 0x08000329   Thumb Code     0  startup_stm32f427xx.o(.text)
    __aeabi_uldivmod                         0x0800034d   Thumb Code     0  lludivv7m.o(.text)
    _ll_udiv                                 0x0800034d   Thumb Code   238  lludivv7m.o(.text)
    __aeabi_memcpy                           0x0800043b   Thumb Code     0  rt_memcpy_v6.o(.text)
    __rt_memcpy                              0x0800043b   Thumb Code   138  rt_memcpy_v6.o(.text)
    _memcpy_lastbytes                        0x080004a1   Thumb Code     0  rt_memcpy_v6.o(.text)
    __aeabi_memcpy4                          0x080004c5   Thumb Code     0  rt_memcpy_w.o(.text)
    __aeabi_memcpy8                          0x080004c5   Thumb Code     0  rt_memcpy_w.o(.text)
    __rt_memcpy_w                            0x080004c5   Thumb Code   100  rt_memcpy_w.o(.text)
    _memcpy_lastbytes_aligned                0x0800050d   Thumb Code     0  rt_memcpy_w.o(.text)
    __aeabi_memclr4                          0x08000529   Thumb Code     0  rt_memclr_w.o(.text)
    __aeabi_memclr8                          0x08000529   Thumb Code     0  rt_memclr_w.o(.text)
    __rt_memclr_w                            0x08000529   Thumb Code    78  rt_memclr_w.o(.text)
    _memset_w                                0x0800052d   Thumb Code     0  rt_memclr_w.o(.text)
    __use_two_region_memory                  0x08000577   Thumb Code     2  heapauxi.o(.text)
    __rt_heap_escrow$2region                 0x08000579   Thumb Code     2  heapauxi.o(.text)
    __rt_heap_expand$2region                 0x0800057b   Thumb Code     2  heapauxi.o(.text)
    __user_libspace                          0x0800057d   Thumb Code     8  libspace.o(.text)
    __user_perproc_libspace                  0x0800057d   Thumb Code     0  libspace.o(.text)
    __user_perthread_libspace                0x0800057d   Thumb Code     0  libspace.o(.text)
    __user_setup_stackheap                   0x08000585   Thumb Code    74  sys_stackheap_outer.o(.text)
    exit                                     0x080005cf   Thumb Code    18  exit.o(.text)
    _sys_exit                                0x080005e1   Thumb Code     8  sys_exit.o(.text)
    __I$use$semihosting                      0x080005ed   Thumb Code     0  use_no_semi.o(.text)
    __use_no_semihosting_swi                 0x080005ed   Thumb Code     2  use_no_semi.o(.text)
    __semihosting_library_function           0x080005ef   Thumb Code     0  indicate_semi.o(.text)
    BLDCMotor_Process                        0x080005f1   Thumb Code   458  bldcmotor.o(i.BLDCMotor_Process)
    BLDC_Motor_CAN2_IT_Init                  0x080007d1   Thumb Code    46  bldcmotor.o(i.BLDC_Motor_CAN2_IT_Init)
    BusFault_Handler                         0x08000809   Thumb Code     2  stm32f4xx_it.o(i.BusFault_Handler)
    CAN1_DJIHandler                          0x0800080d   Thumb Code    52  djimotor.o(i.CAN1_DJIHandler)
    CAN1_EncHandler                          0x08000849   Thumb Code    52  enconder.o(i.CAN1_EncHandler)
    CAN1_FILTER_Init                         0x08000885   Thumb Code    42  can.o(i.CAN1_FILTER_Init)
    CAN1_RX0_IRQHandler                      0x080008b5   Thumb Code    70  stm32f4xx_it.o(i.CAN1_RX0_IRQHandler)
    CAN2_BLDCHandler                         0x08000909   Thumb Code    52  bldcmotor.o(i.CAN2_BLDCHandler)
    CAN2_FILTER_Init                         0x08000945   Thumb Code    42  can.o(i.CAN2_FILTER_Init)
    CAN2_RX0_IRQHandler                      0x08000975   Thumb Code    70  stm32f4xx_it.o(i.CAN2_RX0_IRQHandler)
    CANTaskEnter                             0x080009c9   Thumb Code   146  freertos.o(i.CANTaskEnter)
    CAN_SendData_F0                          0x08000a6d   Thumb Code    42  can.o(i.CAN_SendData_F0)
    DJI_Motor3508Process                     0x08000a99   Thumb Code   134  djimotor.o(i.DJI_Motor3508Process)
    DJI_Motor_CAN1_IT_Init                   0x08000b25   Thumb Code    46  djimotor.o(i.DJI_Motor_CAN1_IT_Init)
    DMA2_Stream2_IRQHandler                  0x08000b5d   Thumb Code     6  stm32f4xx_it.o(i.DMA2_Stream2_IRQHandler)
    DR16_Handler                             0x08000c0d   Thumb Code    76  dr16_remote.o(i.DR16_Handler)
    DR16_Process                             0x08000c61   Thumb Code   354  dr16_remote.o(i.DR16_Process)
    DR16_ReInit                              0x08000ddd   Thumb Code    32  dr16_remote.o(i.DR16_ReInit)
    DR16_USART1_IT_Init                      0x08000e01   Thumb Code    74  dr16_remote.o(i.DR16_USART1_IT_Init)
    DebugMon_Handler                         0x08000e55   Thumb Code     2  stm32f4xx_it.o(i.DebugMon_Handler)
    Enc_CAN1_IT_Init                         0x08000e59   Thumb Code    46  enconder.o(i.Enc_CAN1_IT_Init)
    Encoder_Baud_Config                      0x08000e91   Thumb Code    36  enconder.o(i.Encoder_Baud_Config)
    Encoder_ID_Config                        0x08000eb9   Thumb Code    36  enconder.o(i.Encoder_ID_Config)
    Encoder_Process                          0x08000ee1   Thumb Code    52  enconder.o(i.Encoder_Process)
    Encoder_Read_Config                      0x08000f19   Thumb Code    36  enconder.o(i.Encoder_Read_Config)
    Encoder_Read_Mode                        0x08000f41   Thumb Code    36  enconder.o(i.Encoder_Read_Mode)
    Encoder_Time_Config                      0x08000f69   Thumb Code    40  enconder.o(i.Encoder_Time_Config)
    Encoder_Zero_Config                      0x08000f95   Thumb Code    36  enconder.o(i.Encoder_Zero_Config)
    Error_Handler                            0x08000fbd   Thumb Code     2  main.o(i.Error_Handler)
    HAL_CAN_AddTxMessage                     0x08000fbf   Thumb Code   200  stm32f4xx_hal_can.o(i.HAL_CAN_AddTxMessage)
    HAL_CAN_ConfigFilter                     0x08001089   Thumb Code   262  stm32f4xx_hal_can.o(i.HAL_CAN_ConfigFilter)
    HAL_CAN_ErrorCallback                    0x08001195   Thumb Code     2  stm32f4xx_hal_can.o(i.HAL_CAN_ErrorCallback)
    HAL_CAN_GetRxMessage                     0x08001197   Thumb Code   232  stm32f4xx_hal_can.o(i.HAL_CAN_GetRxMessage)
    HAL_CAN_IRQHandler                       0x0800127f   Thumb Code   508  stm32f4xx_hal_can.o(i.HAL_CAN_IRQHandler)
    HAL_CAN_Init                             0x0800147b   Thumb Code   282  stm32f4xx_hal_can.o(i.HAL_CAN_Init)
    HAL_CAN_MspInit                          0x08001595   Thumb Code   228  can.o(i.HAL_CAN_MspInit)
    HAL_CAN_RxFifo0FullCallback              0x08001691   Thumb Code     2  stm32f4xx_hal_can.o(i.HAL_CAN_RxFifo0FullCallback)
    HAL_CAN_RxFifo0MsgPendingCallback        0x08001693   Thumb Code     2  stm32f4xx_hal_can.o(i.HAL_CAN_RxFifo0MsgPendingCallback)
    HAL_CAN_RxFifo1FullCallback              0x08001695   Thumb Code     2  stm32f4xx_hal_can.o(i.HAL_CAN_RxFifo1FullCallback)
    HAL_CAN_RxFifo1MsgPendingCallback        0x08001697   Thumb Code     2  stm32f4xx_hal_can.o(i.HAL_CAN_RxFifo1MsgPendingCallback)
    HAL_CAN_SleepCallback                    0x08001699   Thumb Code     2  stm32f4xx_hal_can.o(i.HAL_CAN_SleepCallback)
    HAL_CAN_Start                            0x0800169d   Thumb Code    88  stm32f4xx_hal_can.o(i.HAL_CAN_Start)
    HAL_CAN_TxMailbox0AbortCallback          0x080016f5   Thumb Code     2  stm32f4xx_hal_can.o(i.HAL_CAN_TxMailbox0AbortCallback)
    HAL_CAN_TxMailbox0CompleteCallback       0x080016f7   Thumb Code     2  stm32f4xx_hal_can.o(i.HAL_CAN_TxMailbox0CompleteCallback)
    HAL_CAN_TxMailbox1AbortCallback          0x080016f9   Thumb Code     2  stm32f4xx_hal_can.o(i.HAL_CAN_TxMailbox1AbortCallback)
    HAL_CAN_TxMailbox1CompleteCallback       0x080016fb   Thumb Code     2  stm32f4xx_hal_can.o(i.HAL_CAN_TxMailbox1CompleteCallback)
    HAL_CAN_TxMailbox2AbortCallback          0x080016fd   Thumb Code     2  stm32f4xx_hal_can.o(i.HAL_CAN_TxMailbox2AbortCallback)
    HAL_CAN_TxMailbox2CompleteCallback       0x080016ff   Thumb Code     2  stm32f4xx_hal_can.o(i.HAL_CAN_TxMailbox2CompleteCallback)
    HAL_CAN_WakeUpFromRxMsgCallback          0x08001701   Thumb Code     2  stm32f4xx_hal_can.o(i.HAL_CAN_WakeUpFromRxMsgCallback)
    HAL_DMA_Abort_IT                         0x08001703   Thumb Code    36  stm32f4xx_hal_dma.o(i.HAL_DMA_Abort_IT)
    HAL_DMA_IRQHandler                       0x08001729   Thumb Code   412  stm32f4xx_hal_dma.o(i.HAL_DMA_IRQHandler)
    HAL_DMA_Init                             0x080018c9   Thumb Code   206  stm32f4xx_hal_dma.o(i.HAL_DMA_Init)
    HAL_DMA_Start                            0x0800199d   Thumb Code    70  stm32f4xx_hal_dma.o(i.HAL_DMA_Start)
    HAL_GPIO_Init                            0x080019e5   Thumb Code   414  stm32f4xx_hal_gpio.o(i.HAL_GPIO_Init)
    HAL_GPIO_TogglePin                       0x08001bb9   Thumb Code    14  stm32f4xx_hal_gpio.o(i.HAL_GPIO_TogglePin)
    HAL_GPIO_WritePin                        0x08001bc7   Thumb Code    10  stm32f4xx_hal_gpio.o(i.HAL_GPIO_WritePin)
    HAL_GetTick                              0x08001bd1   Thumb Code     6  stm32f4xx_hal.o(i.HAL_GetTick)
    HAL_IncTick                              0x08001bdd   Thumb Code    12  stm32f4xx_hal.o(i.HAL_IncTick)
    HAL_Init                                 0x08001bed   Thumb Code    48  stm32f4xx_hal.o(i.HAL_Init)
    HAL_InitTick                             0x08001c21   Thumb Code   100  stm32f4xx_hal_timebase_tim.o(i.HAL_InitTick)
    HAL_MspInit                              0x08001c95   Thumb Code    52  stm32f4xx_hal_msp.o(i.HAL_MspInit)
    HAL_NVIC_EnableIRQ                       0x08001ccd   Thumb Code    26  stm32f4xx_hal_cortex.o(i.HAL_NVIC_EnableIRQ)
    HAL_NVIC_SetPriority                     0x08001ce9   Thumb Code    60  stm32f4xx_hal_cortex.o(i.HAL_NVIC_SetPriority)
    HAL_NVIC_SetPriorityGrouping             0x08001d29   Thumb Code    26  stm32f4xx_hal_cortex.o(i.HAL_NVIC_SetPriorityGrouping)
    HAL_PWREx_EnableOverDrive                0x08001d4d   Thumb Code    98  stm32f4xx_hal_pwr_ex.o(i.HAL_PWREx_EnableOverDrive)
    HAL_RCC_ClockConfig                      0x08001dbd   Thumb Code   288  stm32f4xx_hal_rcc.o(i.HAL_RCC_ClockConfig)
    HAL_RCC_GetClockConfig                   0x08001ef1   Thumb Code    54  stm32f4xx_hal_rcc.o(i.HAL_RCC_GetClockConfig)
    HAL_RCC_GetPCLK1Freq                     0x08001f31   Thumb Code    20  stm32f4xx_hal_rcc.o(i.HAL_RCC_GetPCLK1Freq)
    HAL_RCC_GetPCLK2Freq                     0x08001f51   Thumb Code    20  stm32f4xx_hal_rcc.o(i.HAL_RCC_GetPCLK2Freq)
    HAL_RCC_GetSysClockFreq                  0x08001f71   Thumb Code    88  stm32f4xx_hal_rcc.o(i.HAL_RCC_GetSysClockFreq)
    HAL_RCC_OscConfig                        0x08001fd5   Thumb Code   840  stm32f4xx_hal_rcc.o(i.HAL_RCC_OscConfig)
    HAL_TIMEx_BreakCallback                  0x08002331   Thumb Code     2  stm32f4xx_hal_tim_ex.o(i.HAL_TIMEx_BreakCallback)
    HAL_TIMEx_CommutCallback                 0x08002333   Thumb Code     2  stm32f4xx_hal_tim_ex.o(i.HAL_TIMEx_CommutCallback)
    HAL_TIM_Base_Init                        0x08002335   Thumb Code    54  stm32f4xx_hal_tim.o(i.HAL_TIM_Base_Init)
    HAL_TIM_Base_MspInit                     0x0800236b   Thumb Code     2  stm32f4xx_hal_tim.o(i.HAL_TIM_Base_MspInit)
    HAL_TIM_Base_Start_IT                    0x0800236d   Thumb Code    34  stm32f4xx_hal_tim.o(i.HAL_TIM_Base_Start_IT)
    HAL_TIM_IC_CaptureCallback               0x0800238f   Thumb Code     2  stm32f4xx_hal_tim.o(i.HAL_TIM_IC_CaptureCallback)
    HAL_TIM_IRQHandler                       0x08002391   Thumb Code   358  stm32f4xx_hal_tim.o(i.HAL_TIM_IRQHandler)
    HAL_TIM_OC_DelayElapsedCallback          0x080024f7   Thumb Code     2  stm32f4xx_hal_tim.o(i.HAL_TIM_OC_DelayElapsedCallback)
    HAL_TIM_PWM_PulseFinishedCallback        0x080024f9   Thumb Code     2  stm32f4xx_hal_tim.o(i.HAL_TIM_PWM_PulseFinishedCallback)
    HAL_TIM_PeriodElapsedCallback            0x080024fd   Thumb Code    14  main.o(i.HAL_TIM_PeriodElapsedCallback)
    HAL_TIM_TriggerCallback                  0x08002511   Thumb Code     2  stm32f4xx_hal_tim.o(i.HAL_TIM_TriggerCallback)
    HAL_UART_ErrorCallback                   0x08002513   Thumb Code     2  stm32f4xx_hal_uart.o(i.HAL_UART_ErrorCallback)
    HAL_UART_IRQHandler                      0x08002515   Thumb Code   270  stm32f4xx_hal_uart.o(i.HAL_UART_IRQHandler)
    HAL_UART_Init                            0x08002629   Thumb Code    98  stm32f4xx_hal_uart.o(i.HAL_UART_Init)
    HAL_UART_MspInit                         0x0800268d   Thumb Code   156  usart.o(i.HAL_UART_MspInit)
    HAL_UART_RxCpltCallback                  0x0800273d   Thumb Code     2  stm32f4xx_hal_uart.o(i.HAL_UART_RxCpltCallback)
    HAL_UART_TxCpltCallback                  0x0800273f   Thumb Code     2  stm32f4xx_hal_uart.o(i.HAL_UART_TxCpltCallback)
    HardFault_Handler                        0x08002741   Thumb Code     2  stm32f4xx_it.o(i.HardFault_Handler)
    MX_CAN1_Init                             0x08002745   Thumb Code    60  can.o(i.MX_CAN1_Init)
    MX_CAN2_Init                             0x08002789   Thumb Code    60  can.o(i.MX_CAN2_Init)
    MX_DMA_Init                              0x080027cd   Thumb Code    40  dma.o(i.MX_DMA_Init)
    MX_FREERTOS_Init                         0x080027f9   Thumb Code    74  freertos.o(i.MX_FREERTOS_Init)
    MX_GPIO_Init                             0x0800284d   Thumb Code   134  gpio.o(i.MX_GPIO_Init)
    MX_USART1_UART_Init                      0x080028dd   Thumb Code    46  usart.o(i.MX_USART1_UART_Init)
    MemManage_Handler                        0x08002919   Thumb Code     2  stm32f4xx_it.o(i.MemManage_Handler)
    NMI_Handler                              0x0800291b   Thumb Code     2  stm32f4xx_it.o(i.NMI_Handler)
    StartTaskEnter                           0x0800291d   Thumb Code    44  freertos.o(i.StartTaskEnter)
    SysTick_Handler                          0x08002959   Thumb Code    38  port.o(i.SysTick_Handler)
    SystemClock_Config                       0x08002985   Thumb Code   128  main.o(i.SystemClock_Config)
    SystemInit                               0x08002a0d   Thumb Code    22  system_stm32f4xx.o(i.SystemInit)
    TIM6_DAC_IRQHandler                      0x08002a29   Thumb Code     6  stm32f4xx_it.o(i.TIM6_DAC_IRQHandler)
    TIM_Base_SetConfig                       0x08002a35   Thumb Code   156  stm32f4xx_hal_tim.o(i.TIM_Base_SetConfig)
    USART1_IRQHandler                        0x08002d4d   Thumb Code    30  stm32f4xx_it.o(i.USART1_IRQHandler)
    UsageFault_Handler                       0x08002d79   Thumb Code     2  stm32f4xx_it.o(i.UsageFault_Handler)
    __ARM_fpclassify                         0x08002d7b   Thumb Code    48  fpclassify.o(i.__ARM_fpclassify)
    __hardfp_atan                            0x08002dd1   Thumb Code   622  atan.o(i.__hardfp_atan)
    __hardfp_atan2                           0x080030a9   Thumb Code   432  atan2.o(i.__hardfp_atan2)
    __kernel_poly                            0x08003299   Thumb Code   248  poly.o(i.__kernel_poly)
    __mathlib_dbl_infnan                     0x08003391   Thumb Code    20  dunder.o(i.__mathlib_dbl_infnan)
    __mathlib_dbl_infnan2                    0x080033a5   Thumb Code    20  dunder.o(i.__mathlib_dbl_infnan2)
    __mathlib_dbl_underflow                  0x080033b9   Thumb Code    24  dunder.o(i.__mathlib_dbl_underflow)
    atan                                     0x080033d9   Thumb Code    16  atan.o(i.atan)
    buffer_get_int16                         0x080033e9   Thumb Code    16  bldcmotor.o(i.buffer_get_int16)
    buffer_get_int32                         0x080033f9   Thumb Code    24  bldcmotor.o(i.buffer_get_int32)
    fabs                                     0x08003411   Thumb Code    24  fabs.o(i.fabs)
    main                                     0x08003429   Thumb Code    38  main.o(i.main)
    osDelay                                  0x0800345b   Thumb Code    14  cmsis_os.o(i.osDelay)
    osKernelStart                            0x08003469   Thumb Code    10  cmsis_os.o(i.osKernelStart)
    osMessageCreate                          0x08003473   Thumb Code    38  cmsis_os.o(i.osMessageCreate)
    osThreadCreate                           0x08003499   Thumb Code    84  cmsis_os.o(i.osThreadCreate)
    pvPortMalloc                             0x08003945   Thumb Code   210  heap_4.o(i.pvPortMalloc)
    pxPortInitialiseStack                    0x08003a1d   Thumb Code    40  port.o(i.pxPortInitialiseStack)
    uxListRemove                             0x08003a49   Thumb Code    38  list.o(i.uxListRemove)
    vApplicationGetIdleTaskMemory            0x08003a71   Thumb Code    16  freertos.o(i.vApplicationGetIdleTaskMemory)
    vListInitialise                          0x08003a85   Thumb Code    22  list.o(i.vListInitialise)
    vListInitialiseItem                      0x08003a9b   Thumb Code     6  list.o(i.vListInitialiseItem)
    vListInsert                              0x08003aa1   Thumb Code    48  list.o(i.vListInsert)
    vListInsertEnd                           0x08003ad1   Thumb Code    24  list.o(i.vListInsertEnd)
    vPortEnterCritical                       0x08003ae9   Thumb Code    54  port.o(i.vPortEnterCritical)
    vPortExitCritical                        0x08003b29   Thumb Code    34  port.o(i.vPortExitCritical)
    vPortFree                                0x08003b51   Thumb Code    88  heap_4.o(i.vPortFree)
    vPortSetupTimerInterrupt                 0x08003bad   Thumb Code    32  port.o(i.vPortSetupTimerInterrupt)
    vPortValidateInterruptPriority           0x08003bd1   Thumb Code    74  port.o(i.vPortValidateInterruptPriority)
    vTaskDelay                               0x08003c25   Thumb Code    66  tasks.o(i.vTaskDelay)
    vTaskDelete                              0x08003c71   Thumb Code   156  tasks.o(i.vTaskDelete)
    vTaskInternalSetTimeOutState             0x08003d1d   Thumb Code    12  tasks.o(i.vTaskInternalSetTimeOutState)
    vTaskMissedYield                         0x08003d2d   Thumb Code     8  tasks.o(i.vTaskMissedYield)
    vTaskPlaceOnEventList                    0x08003d39   Thumb Code    44  tasks.o(i.vTaskPlaceOnEventList)
    vTaskStartScheduler                      0x08003d69   Thumb Code    90  tasks.o(i.vTaskStartScheduler)
    vTaskSuspendAll                          0x08003dd5   Thumb Code    10  tasks.o(i.vTaskSuspendAll)
    vTaskSwitchContext                       0x08003de5   Thumb Code    82  tasks.o(i.vTaskSwitchContext)
    xPortStartScheduler                      0x08003e41   Thumb Code   222  port.o(i.xPortStartScheduler)
    xQueueGenericCreate                      0x08003f35   Thumb Code    72  queue.o(i.xQueueGenericCreate)
    xQueueGenericCreateStatic                0x08003f7d   Thumb Code   102  queue.o(i.xQueueGenericCreateStatic)
    xQueueGenericReset                       0x08003fe5   Thumb Code   132  queue.o(i.xQueueGenericReset)
    xQueueGenericSendFromISR                 0x0800406d   Thumb Code   188  queue.o(i.xQueueGenericSendFromISR)
    xQueueReceive                            0x08004129   Thumb Code   308  queue.o(i.xQueueReceive)
    xTaskCheckForTimeOut                     0x08004261   Thumb Code   102  tasks.o(i.xTaskCheckForTimeOut)
    xTaskCreate                              0x080042cd   Thumb Code    90  tasks.o(i.xTaskCreate)
    xTaskCreateStatic                        0x08004327   Thumb Code    86  tasks.o(i.xTaskCreateStatic)
    xTaskGetSchedulerState                   0x0800437d   Thumb Code    22  tasks.o(i.xTaskGetSchedulerState)
    xTaskIncrementTick                       0x08004399   Thumb Code   192  tasks.o(i.xTaskIncrementTick)
    xTaskPriorityDisinherit                  0x08004461   Thumb Code   144  tasks.o(i.xTaskPriorityDisinherit)
    xTaskRemoveFromEventList                 0x080044f9   Thumb Code   106  tasks.o(i.xTaskRemoveFromEventList)
    xTaskResumeAll                           0x08004571   Thumb Code   182  tasks.o(i.xTaskResumeAll)
    __aeabi_dneg                             0x08004635   Thumb Code     0  basic.o(x$fpl$basic)
    _dneg                                    0x08004635   Thumb Code     6  basic.o(x$fpl$basic)
    __aeabi_fneg                             0x0800463b   Thumb Code     0  basic.o(x$fpl$basic)
    _fneg                                    0x0800463b   Thumb Code     6  basic.o(x$fpl$basic)
    _dabs                                    0x08004641   Thumb Code     6  basic.o(x$fpl$basic)
    _fabs                                    0x08004647   Thumb Code     6  basic.o(x$fpl$basic)
    __aeabi_d2f                              0x0800464d   Thumb Code     0  d2f.o(x$fpl$d2f)
    _d2f                                     0x0800464d   Thumb Code    98  d2f.o(x$fpl$d2f)
    __aeabi_dadd                             0x080046b1   Thumb Code     0  daddsub_clz.o(x$fpl$dadd)
    _dadd                                    0x080046b1   Thumb Code   332  daddsub_clz.o(x$fpl$dadd)
    __aeabi_ddiv                             0x08004801   Thumb Code     0  ddiv.o(x$fpl$ddiv)
    _ddiv                                    0x08004801   Thumb Code   552  ddiv.o(x$fpl$ddiv)
    __aeabi_i2d                              0x08004ab1   Thumb Code     0  dflt_clz.o(x$fpl$dflt)
    _dflt                                    0x08004ab1   Thumb Code    46  dflt_clz.o(x$fpl$dflt)
    __aeabi_dmul                             0x08004ae1   Thumb Code     0  dmul.o(x$fpl$dmul)
    _dmul                                    0x08004ae1   Thumb Code   332  dmul.o(x$fpl$dmul)
    __fpl_dnaninf                            0x08004c35   Thumb Code   156  dnaninf.o(x$fpl$dnaninf)
    __fpl_dretinf                            0x08004cd1   Thumb Code    12  dretinf.o(x$fpl$dretinf)
    __aeabi_drsub                            0x08004cdd   Thumb Code     0  daddsub_clz.o(x$fpl$drsb)
    _drsb                                    0x08004cdd   Thumb Code    22  daddsub_clz.o(x$fpl$drsb)
    __aeabi_dsub                             0x08004cf5   Thumb Code     0  daddsub_clz.o(x$fpl$dsub)
    _dsub                                    0x08004cf5   Thumb Code   464  daddsub_clz.o(x$fpl$dsub)
    _fp_init                                 0x08004ec9   Thumb Code    10  fpinit.o(x$fpl$fpinit)
    __fplib_config_fpu_vfp                   0x08004ed1   Thumb Code     0  fpinit.o(x$fpl$fpinit)
    __fplib_config_pureend_doubles           0x08004ed1   Thumb Code     0  fpinit.o(x$fpl$fpinit)
    __fpl_fretinf                            0x08004ed3   Thumb Code    10  fretinf.o(x$fpl$fretinf)
    __I$use$fp                               0x08004edc   Number         0  usenofp.o(x$fpl$usenofp)
    AHBPrescTable                            0x08004f2c   Data          16  system_stm32f4xx.o(.constdata)
    APBPrescTable                            0x08004f3c   Data           8  system_stm32f4xx.o(.constdata)
    __mathlib_zero                           0x08004fe0   Data           8  qnan.o(.constdata)
    Region$$Table$$Base                      0x08004ffc   Number         0  anon$$obj.o(Region$$Table)
    Region$$Table$$Limit                     0x0800501c   Number         0  anon$$obj.o(Region$$Table)
    StartTaskHandle                          0x20000004   Data           4  freertos.o(.data)
    CANTaskHandle                            0x20000008   Data           4  freertos.o(.data)
    xQueueCanReceiveHandle                   0x2000000c   Data           4  freertos.o(.data)
    uwTickFreq                               0x20000010   Data           1  stm32f4xx_hal.o(.data)
    uwTickPrio                               0x20000014   Data           4  stm32f4xx_hal.o(.data)
    uwTick                                   0x20000018   Data           4  stm32f4xx_hal.o(.data)
    SystemCoreClock                          0x2000001c   Data           4  system_stm32f4xx.o(.data)
    pxCurrentTCB                             0x20000020   Data           4  tasks.o(.data)
    DR16                                     0x20000080   Data          44  dr16_remote.o(.data)
    DJIMotorFunction                         0x200000ac   Data          12  djimotor.o(.data)
    BLDCMotorFunction                        0x200000b8   Data          12  bldcmotor.o(.data)
    BLDC_Cmd                                 0x200000c4   Data           1  bldcmotor.o(.data)
    stat_tmp                                 0x200000c8   Data           4  bldcmotor.o(.data)
    stat_tmp_2                               0x200000cc   Data           4  bldcmotor.o(.data)
    stat_tmp_3                               0x200000d0   Data           4  bldcmotor.o(.data)
    stat_tmp_4                               0x200000d4   Data           4  bldcmotor.o(.data)
    stat_tmp_5                               0x200000d8   Data           4  bldcmotor.o(.data)
    EnconderFunction                         0x200000dc   Data          36  enconder.o(.data)
    CAN1_Filter                              0x20000100   Data          40  can.o(.bss)
    CAN2_Filter                              0x20000128   Data          40  can.o(.bss)
    hcan1                                    0x20000150   Data          40  can.o(.bss)
    hcan2                                    0x20000178   Data          40  can.o(.bss)
    huart1                                   0x200003f4   Data          64  usart.o(.bss)
    hdma_usart1_rx                           0x20000434   Data          96  usart.o(.bss)
    htim6                                    0x20000494   Data          64  stm32f4xx_hal_timebase_tim.o(.bss)
    DR16Buffer                               0x20004390   Data          22  dr16_remote.o(.bss)
    DR16_Export_data                         0x200043a8   Data          20  dr16_remote.o(.bss)
    M3508_MoonWheel                          0x200043bc   Data         800  djimotor.o(.bss)
    BLDC_Motors                              0x200046dc   Data         368  bldcmotor.o(.bss)
    Enconder                                 0x2000484c   Data          32  enconder.o(.bss)
    __libspace_start                         0x2000486c   Data          96  libspace.o(.bss)
    __temporary_stack_top$libspace           0x200048cc   Data           0  libspace.o(.bss)



==============================================================================

Memory Map of the image

  Image Entry point : 0x080001ad

  Load Region LR_IROM1 (Base: 0x08000000, Size: 0x0000511c, Max: 0x00200000, ABSOLUTE)

    Execution Region ER_IROM1 (Exec base: 0x08000000, Load base: 0x08000000, Size: 0x0000501c, Max: 0x00200000, ABSOLUTE)

    Exec Addr    Load Addr    Size         Type   Attr      Idx    E Section Name        Object

    0x08000000   0x08000000   0x000001ac   Data   RO            3    RESET               startup_stm32f427xx.o
    0x080001ac   0x080001ac   0x00000008   Code   RO         5143  * !!!main             c_w.l(__main.o)
    0x080001b4   0x080001b4   0x00000034   Code   RO         5417    !!!scatter          c_w.l(__scatter.o)
    0x080001e8   0x080001e8   0x0000001a   Code   RO         5419    !!handler_copy      c_w.l(__scatter_copy.o)
    0x08000202   0x08000202   0x00000002   PAD
    0x08000204   0x08000204   0x0000001c   Code   RO         5421    !!handler_zi        c_w.l(__scatter_zi.o)
    0x08000220   0x08000220   0x00000002   Code   RO         5290    .ARM.Collect$$libinit$$00000000  c_w.l(libinit.o)
    0x08000222   0x08000222   0x00000004   Code   RO         5299    .ARM.Collect$$libinit$$00000001  c_w.l(libinit2.o)
    0x08000226   0x08000226   0x00000000   Code   RO         5302    .ARM.Collect$$libinit$$00000004  c_w.l(libinit2.o)
    0x08000226   0x08000226   0x00000000   Code   RO         5305    .ARM.Collect$$libinit$$0000000A  c_w.l(libinit2.o)
    0x08000226   0x08000226   0x00000000   Code   RO         5307    .ARM.Collect$$libinit$$0000000C  c_w.l(libinit2.o)
    0x08000226   0x08000226   0x00000000   Code   RO         5309    .ARM.Collect$$libinit$$0000000E  c_w.l(libinit2.o)
    0x08000226   0x08000226   0x00000000   Code   RO         5312    .ARM.Collect$$libinit$$00000011  c_w.l(libinit2.o)
    0x08000226   0x08000226   0x00000000   Code   RO         5314    .ARM.Collect$$libinit$$00000013  c_w.l(libinit2.o)
    0x08000226   0x08000226   0x00000000   Code   RO         5316    .ARM.Collect$$libinit$$00000015  c_w.l(libinit2.o)
    0x08000226   0x08000226   0x00000000   Code   RO         5318    .ARM.Collect$$libinit$$00000017  c_w.l(libinit2.o)
    0x08000226   0x08000226   0x00000000   Code   RO         5320    .ARM.Collect$$libinit$$00000019  c_w.l(libinit2.o)
    0x08000226   0x08000226   0x00000000   Code   RO         5322    .ARM.Collect$$libinit$$0000001B  c_w.l(libinit2.o)
    0x08000226   0x08000226   0x00000000   Code   RO         5324    .ARM.Collect$$libinit$$0000001D  c_w.l(libinit2.o)
    0x08000226   0x08000226   0x00000000   Code   RO         5326    .ARM.Collect$$libinit$$0000001F  c_w.l(libinit2.o)
    0x08000226   0x08000226   0x00000000   Code   RO         5328    .ARM.Collect$$libinit$$00000021  c_w.l(libinit2.o)
    0x08000226   0x08000226   0x00000000   Code   RO         5330    .ARM.Collect$$libinit$$00000023  c_w.l(libinit2.o)
    0x08000226   0x08000226   0x00000000   Code   RO         5332    .ARM.Collect$$libinit$$00000025  c_w.l(libinit2.o)
    0x08000226   0x08000226   0x00000000   Code   RO         5336    .ARM.Collect$$libinit$$0000002C  c_w.l(libinit2.o)
    0x08000226   0x08000226   0x00000000   Code   RO         5338    .ARM.Collect$$libinit$$0000002E  c_w.l(libinit2.o)
    0x08000226   0x08000226   0x00000000   Code   RO         5340    .ARM.Collect$$libinit$$00000030  c_w.l(libinit2.o)
    0x08000226   0x08000226   0x00000000   Code   RO         5342    .ARM.Collect$$libinit$$00000032  c_w.l(libinit2.o)
    0x08000226   0x08000226   0x00000002   Code   RO         5343    .ARM.Collect$$libinit$$00000033  c_w.l(libinit2.o)
    0x08000228   0x08000228   0x00000002   Code   RO         5374    .ARM.Collect$$libshutdown$$00000000  c_w.l(libshutdown.o)
    0x0800022a   0x0800022a   0x00000000   Code   RO         5400    .ARM.Collect$$libshutdown$$00000002  c_w.l(libshutdown2.o)
    0x0800022a   0x0800022a   0x00000000   Code   RO         5402    .ARM.Collect$$libshutdown$$00000004  c_w.l(libshutdown2.o)
    0x0800022a   0x0800022a   0x00000000   Code   RO         5405    .ARM.Collect$$libshutdown$$00000007  c_w.l(libshutdown2.o)
    0x0800022a   0x0800022a   0x00000000   Code   RO         5408    .ARM.Collect$$libshutdown$$0000000A  c_w.l(libshutdown2.o)
    0x0800022a   0x0800022a   0x00000000   Code   RO         5410    .ARM.Collect$$libshutdown$$0000000C  c_w.l(libshutdown2.o)
    0x0800022a   0x0800022a   0x00000000   Code   RO         5413    .ARM.Collect$$libshutdown$$0000000F  c_w.l(libshutdown2.o)
    0x0800022a   0x0800022a   0x00000002   Code   RO         5414    .ARM.Collect$$libshutdown$$00000010  c_w.l(libshutdown2.o)
    0x0800022c   0x0800022c   0x00000000   Code   RO         5183    .ARM.Collect$$rtentry$$00000000  c_w.l(__rtentry.o)
    0x0800022c   0x0800022c   0x00000000   Code   RO         5247    .ARM.Collect$$rtentry$$00000002  c_w.l(__rtentry2.o)
    0x0800022c   0x0800022c   0x00000006   Code   RO         5259    .ARM.Collect$$rtentry$$00000004  c_w.l(__rtentry4.o)
    0x08000232   0x08000232   0x00000000   Code   RO         5249    .ARM.Collect$$rtentry$$00000009  c_w.l(__rtentry2.o)
    0x08000232   0x08000232   0x00000004   Code   RO         5250    .ARM.Collect$$rtentry$$0000000A  c_w.l(__rtentry2.o)
    0x08000236   0x08000236   0x00000000   Code   RO         5252    .ARM.Collect$$rtentry$$0000000C  c_w.l(__rtentry2.o)
    0x08000236   0x08000236   0x00000008   Code   RO         5253    .ARM.Collect$$rtentry$$0000000D  c_w.l(__rtentry2.o)
    0x0800023e   0x0800023e   0x00000002   Code   RO         5291    .ARM.Collect$$rtexit$$00000000  c_w.l(rtexit.o)
    0x08000240   0x08000240   0x00000000   Code   RO         5347    .ARM.Collect$$rtexit$$00000002  c_w.l(rtexit2.o)
    0x08000240   0x08000240   0x00000004   Code   RO         5348    .ARM.Collect$$rtexit$$00000003  c_w.l(rtexit2.o)
    0x08000244   0x08000244   0x00000006   Code   RO         5349    .ARM.Collect$$rtexit$$00000004  c_w.l(rtexit2.o)
    0x0800024a   0x0800024a   0x00000002   PAD
    0x0800024c   0x0800024c   0x000000be   Code   RO         4676    .emb_text           port.o
    0x0800030a   0x0800030a   0x00000002   PAD
    0x0800030c   0x0800030c   0x00000040   Code   RO            4    .text               startup_stm32f427xx.o
    0x0800034c   0x0800034c   0x000000ee   Code   RO         5129    .text               c_w.l(lludivv7m.o)
    0x0800043a   0x0800043a   0x0000008a   Code   RO         5133    .text               c_w.l(rt_memcpy_v6.o)
    0x080004c4   0x080004c4   0x00000064   Code   RO         5135    .text               c_w.l(rt_memcpy_w.o)
    0x08000528   0x08000528   0x0000004e   Code   RO         5139    .text               c_w.l(rt_memclr_w.o)
    0x08000576   0x08000576   0x00000006   Code   RO         5141    .text               c_w.l(heapauxi.o)
    0x0800057c   0x0800057c   0x00000008   Code   RO         5274    .text               c_w.l(libspace.o)
    0x08000584   0x08000584   0x0000004a   Code   RO         5277    .text               c_w.l(sys_stackheap_outer.o)
    0x080005ce   0x080005ce   0x00000012   Code   RO         5279    .text               c_w.l(exit.o)
    0x080005e0   0x080005e0   0x0000000c   Code   RO         5344    .text               c_w.l(sys_exit.o)
    0x080005ec   0x080005ec   0x00000002   Code   RO         5363    .text               c_w.l(use_no_semi.o)
    0x080005ee   0x080005ee   0x00000000   Code   RO         5365    .text               c_w.l(indicate_semi.o)
    0x080005ee   0x080005ee   0x00000002   PAD
    0x080005f0   0x080005f0   0x000001e0   Code   RO         4901    i.BLDCMotor_Process  bldcmotor.o
    0x080007d0   0x080007d0   0x00000038   Code   RO         4902    i.BLDC_Motor_CAN2_IT_Init  bldcmotor.o
    0x08000808   0x08000808   0x00000002   Code   RO          551    i.BusFault_Handler  stm32f4xx_it.o
    0x0800080a   0x0800080a   0x00000002   PAD
    0x0800080c   0x0800080c   0x0000003c   Code   RO         4838    i.CAN1_DJIHandler   djimotor.o
    0x08000848   0x08000848   0x0000003c   Code   RO         5015    i.CAN1_EncHandler   enconder.o
    0x08000884   0x08000884   0x00000030   Code   RO          342    i.CAN1_FILTER_Init  can.o
    0x080008b4   0x080008b4   0x00000054   Code   RO          552    i.CAN1_RX0_IRQHandler  stm32f4xx_it.o
    0x08000908   0x08000908   0x0000003c   Code   RO         4903    i.CAN2_BLDCHandler  bldcmotor.o
    0x08000944   0x08000944   0x00000030   Code   RO          343    i.CAN2_FILTER_Init  can.o
    0x08000974   0x08000974   0x00000054   Code   RO          553    i.CAN2_RX0_IRQHandler  stm32f4xx_it.o
    0x080009c8   0x080009c8   0x000000a4   Code   RO          438    i.CANTaskEnter      freertos.o
    0x08000a6c   0x08000a6c   0x0000002a   Code   RO          344    i.CAN_SendData_F0   can.o
    0x08000a96   0x08000a96   0x00000002   PAD
    0x08000a98   0x08000a98   0x0000008c   Code   RO         4839    i.DJI_Motor3508Process  djimotor.o
    0x08000b24   0x08000b24   0x00000038   Code   RO         4840    i.DJI_Motor_CAN1_IT_Init  djimotor.o
    0x08000b5c   0x08000b5c   0x0000000c   Code   RO          554    i.DMA2_Stream2_IRQHandler  stm32f4xx_it.o
    0x08000b68   0x08000b68   0x00000028   Code   RO         1451    i.DMA_CalcBaseAndBitshift  stm32f4xx_hal_dma.o
    0x08000b90   0x08000b90   0x00000054   Code   RO         1452    i.DMA_CheckFifoParam  stm32f4xx_hal_dma.o
    0x08000be4   0x08000be4   0x00000028   Code   RO         1453    i.DMA_SetConfig     stm32f4xx_hal_dma.o
    0x08000c0c   0x08000c0c   0x00000054   Code   RO         4789    i.DR16_Handler      dr16_remote.o
    0x08000c60   0x08000c60   0x0000017c   Code   RO         4790    i.DR16_Process      dr16_remote.o
    0x08000ddc   0x08000ddc   0x00000024   Code   RO         4791    i.DR16_ReInit       dr16_remote.o
    0x08000e00   0x08000e00   0x00000054   Code   RO         4792    i.DR16_USART1_IT_Init  dr16_remote.o
    0x08000e54   0x08000e54   0x00000002   Code   RO          555    i.DebugMon_Handler  stm32f4xx_it.o
    0x08000e56   0x08000e56   0x00000002   PAD
    0x08000e58   0x08000e58   0x00000038   Code   RO         5016    i.Enc_CAN1_IT_Init  enconder.o
    0x08000e90   0x08000e90   0x00000028   Code   RO         5017    i.Encoder_Baud_Config  enconder.o
    0x08000eb8   0x08000eb8   0x00000028   Code   RO         5018    i.Encoder_ID_Config  enconder.o
    0x08000ee0   0x08000ee0   0x00000038   Code   RO         5019    i.Encoder_Process   enconder.o
    0x08000f18   0x08000f18   0x00000028   Code   RO         5020    i.Encoder_Read_Config  enconder.o
    0x08000f40   0x08000f40   0x00000028   Code   RO         5021    i.Encoder_Read_Mode  enconder.o
    0x08000f68   0x08000f68   0x0000002c   Code   RO         5022    i.Encoder_Time_Config  enconder.o
    0x08000f94   0x08000f94   0x00000028   Code   RO         5023    i.Encoder_Zero_Config  enconder.o
    0x08000fbc   0x08000fbc   0x00000002   Code   RO           13    i.Error_Handler     main.o
    0x08000fbe   0x08000fbe   0x000000c8   Code   RO          708    i.HAL_CAN_AddTxMessage  stm32f4xx_hal_can.o
    0x08001086   0x08001086   0x00000002   PAD
    0x08001088   0x08001088   0x0000010c   Code   RO          709    i.HAL_CAN_ConfigFilter  stm32f4xx_hal_can.o
    0x08001194   0x08001194   0x00000002   Code   RO          712    i.HAL_CAN_ErrorCallback  stm32f4xx_hal_can.o
    0x08001196   0x08001196   0x000000e8   Code   RO          715    i.HAL_CAN_GetRxMessage  stm32f4xx_hal_can.o
    0x0800127e   0x0800127e   0x000001fc   Code   RO          719    i.HAL_CAN_IRQHandler  stm32f4xx_hal_can.o
    0x0800147a   0x0800147a   0x0000011a   Code   RO          720    i.HAL_CAN_Init      stm32f4xx_hal_can.o
    0x08001594   0x08001594   0x000000fc   Code   RO          346    i.HAL_CAN_MspInit   can.o
    0x08001690   0x08001690   0x00000002   Code   RO          727    i.HAL_CAN_RxFifo0FullCallback  stm32f4xx_hal_can.o
    0x08001692   0x08001692   0x00000002   Code   RO          728    i.HAL_CAN_RxFifo0MsgPendingCallback  stm32f4xx_hal_can.o
    0x08001694   0x08001694   0x00000002   Code   RO          729    i.HAL_CAN_RxFifo1FullCallback  stm32f4xx_hal_can.o
    0x08001696   0x08001696   0x00000002   Code   RO          730    i.HAL_CAN_RxFifo1MsgPendingCallback  stm32f4xx_hal_can.o
    0x08001698   0x08001698   0x00000002   Code   RO          731    i.HAL_CAN_SleepCallback  stm32f4xx_hal_can.o
    0x0800169a   0x0800169a   0x00000002   PAD
    0x0800169c   0x0800169c   0x00000058   Code   RO          732    i.HAL_CAN_Start     stm32f4xx_hal_can.o
    0x080016f4   0x080016f4   0x00000002   Code   RO          734    i.HAL_CAN_TxMailbox0AbortCallback  stm32f4xx_hal_can.o
    0x080016f6   0x080016f6   0x00000002   Code   RO          735    i.HAL_CAN_TxMailbox0CompleteCallback  stm32f4xx_hal_can.o
    0x080016f8   0x080016f8   0x00000002   Code   RO          736    i.HAL_CAN_TxMailbox1AbortCallback  stm32f4xx_hal_can.o
    0x080016fa   0x080016fa   0x00000002   Code   RO          737    i.HAL_CAN_TxMailbox1CompleteCallback  stm32f4xx_hal_can.o
    0x080016fc   0x080016fc   0x00000002   Code   RO          738    i.HAL_CAN_TxMailbox2AbortCallback  stm32f4xx_hal_can.o
    0x080016fe   0x080016fe   0x00000002   Code   RO          739    i.HAL_CAN_TxMailbox2CompleteCallback  stm32f4xx_hal_can.o
    0x08001700   0x08001700   0x00000002   Code   RO          741    i.HAL_CAN_WakeUpFromRxMsgCallback  stm32f4xx_hal_can.o
    0x08001702   0x08001702   0x00000024   Code   RO         1455    i.HAL_DMA_Abort_IT  stm32f4xx_hal_dma.o
    0x08001726   0x08001726   0x00000002   PAD
    0x08001728   0x08001728   0x000001a0   Code   RO         1459    i.HAL_DMA_IRQHandler  stm32f4xx_hal_dma.o
    0x080018c8   0x080018c8   0x000000d4   Code   RO         1460    i.HAL_DMA_Init      stm32f4xx_hal_dma.o
    0x0800199c   0x0800199c   0x00000046   Code   RO         1463    i.HAL_DMA_Start     stm32f4xx_hal_dma.o
    0x080019e2   0x080019e2   0x00000002   PAD
    0x080019e4   0x080019e4   0x000001d4   Code   RO         1347    i.HAL_GPIO_Init     stm32f4xx_hal_gpio.o
    0x08001bb8   0x08001bb8   0x0000000e   Code   RO         1350    i.HAL_GPIO_TogglePin  stm32f4xx_hal_gpio.o
    0x08001bc6   0x08001bc6   0x0000000a   Code   RO         1351    i.HAL_GPIO_WritePin  stm32f4xx_hal_gpio.o
    0x08001bd0   0x08001bd0   0x0000000c   Code   RO         1899    i.HAL_GetTick       stm32f4xx_hal.o
    0x08001bdc   0x08001bdc   0x00000010   Code   RO         1905    i.HAL_IncTick       stm32f4xx_hal.o
    0x08001bec   0x08001bec   0x00000034   Code   RO         1906    i.HAL_Init          stm32f4xx_hal.o
    0x08001c20   0x08001c20   0x00000074   Code   RO          667    i.HAL_InitTick      stm32f4xx_hal_timebase_tim.o
    0x08001c94   0x08001c94   0x00000038   Code   RO          643    i.HAL_MspInit       stm32f4xx_hal_msp.o
    0x08001ccc   0x08001ccc   0x0000001a   Code   RO         1754    i.HAL_NVIC_EnableIRQ  stm32f4xx_hal_cortex.o
    0x08001ce6   0x08001ce6   0x00000002   PAD
    0x08001ce8   0x08001ce8   0x00000040   Code   RO         1760    i.HAL_NVIC_SetPriority  stm32f4xx_hal_cortex.o
    0x08001d28   0x08001d28   0x00000024   Code   RO         1761    i.HAL_NVIC_SetPriorityGrouping  stm32f4xx_hal_cortex.o
    0x08001d4c   0x08001d4c   0x00000070   Code   RO         1683    i.HAL_PWREx_EnableOverDrive  stm32f4xx_hal_pwr_ex.o
    0x08001dbc   0x08001dbc   0x00000134   Code   RO          941    i.HAL_RCC_ClockConfig  stm32f4xx_hal_rcc.o
    0x08001ef0   0x08001ef0   0x00000040   Code   RO          945    i.HAL_RCC_GetClockConfig  stm32f4xx_hal_rcc.o
    0x08001f30   0x08001f30   0x00000020   Code   RO          948    i.HAL_RCC_GetPCLK1Freq  stm32f4xx_hal_rcc.o
    0x08001f50   0x08001f50   0x00000020   Code   RO          949    i.HAL_RCC_GetPCLK2Freq  stm32f4xx_hal_rcc.o
    0x08001f70   0x08001f70   0x00000064   Code   RO          950    i.HAL_RCC_GetSysClockFreq  stm32f4xx_hal_rcc.o
    0x08001fd4   0x08001fd4   0x0000035c   Code   RO          953    i.HAL_RCC_OscConfig  stm32f4xx_hal_rcc.o
    0x08002330   0x08002330   0x00000002   Code   RO         2831    i.HAL_TIMEx_BreakCallback  stm32f4xx_hal_tim_ex.o
    0x08002332   0x08002332   0x00000002   Code   RO         2832    i.HAL_TIMEx_CommutCallback  stm32f4xx_hal_tim_ex.o
    0x08002334   0x08002334   0x00000036   Code   RO         2156    i.HAL_TIM_Base_Init  stm32f4xx_hal_tim.o
    0x0800236a   0x0800236a   0x00000002   Code   RO         2158    i.HAL_TIM_Base_MspInit  stm32f4xx_hal_tim.o
    0x0800236c   0x0800236c   0x00000022   Code   RO         2161    i.HAL_TIM_Base_Start_IT  stm32f4xx_hal_tim.o
    0x0800238e   0x0800238e   0x00000002   Code   RO         2185    i.HAL_TIM_IC_CaptureCallback  stm32f4xx_hal_tim.o
    0x08002390   0x08002390   0x00000166   Code   RO         2199    i.HAL_TIM_IRQHandler  stm32f4xx_hal_tim.o
    0x080024f6   0x080024f6   0x00000002   Code   RO         2202    i.HAL_TIM_OC_DelayElapsedCallback  stm32f4xx_hal_tim.o
    0x080024f8   0x080024f8   0x00000002   Code   RO         2229    i.HAL_TIM_PWM_PulseFinishedCallback  stm32f4xx_hal_tim.o
    0x080024fa   0x080024fa   0x00000002   PAD
    0x080024fc   0x080024fc   0x00000014   Code   RO           14    i.HAL_TIM_PeriodElapsedCallback  main.o
    0x08002510   0x08002510   0x00000002   Code   RO         2242    i.HAL_TIM_TriggerCallback  stm32f4xx_hal_tim.o
    0x08002512   0x08002512   0x00000002   Code   RO         3103    i.HAL_UART_ErrorCallback  stm32f4xx_hal_uart.o
    0x08002514   0x08002514   0x00000114   Code   RO         3106    i.HAL_UART_IRQHandler  stm32f4xx_hal_uart.o
    0x08002628   0x08002628   0x00000062   Code   RO         3107    i.HAL_UART_Init     stm32f4xx_hal_uart.o
    0x0800268a   0x0800268a   0x00000002   PAD
    0x0800268c   0x0800268c   0x000000b0   Code   RO          510    i.HAL_UART_MspInit  usart.o
    0x0800273c   0x0800273c   0x00000002   Code   RO         3113    i.HAL_UART_RxCpltCallback  stm32f4xx_hal_uart.o
    0x0800273e   0x0800273e   0x00000002   Code   RO         3118    i.HAL_UART_TxCpltCallback  stm32f4xx_hal_uart.o
    0x08002740   0x08002740   0x00000002   Code   RO          556    i.HardFault_Handler  stm32f4xx_it.o
    0x08002742   0x08002742   0x00000002   PAD
    0x08002744   0x08002744   0x00000044   Code   RO          347    i.MX_CAN1_Init      can.o
    0x08002788   0x08002788   0x00000044   Code   RO          348    i.MX_CAN2_Init      can.o
    0x080027cc   0x080027cc   0x0000002c   Code   RO          411    i.MX_DMA_Init       dma.o
    0x080027f8   0x080027f8   0x00000054   Code   RO          439    i.MX_FREERTOS_Init  freertos.o
    0x0800284c   0x0800284c   0x00000090   Code   RO          222    i.MX_GPIO_Init      gpio.o
    0x080028dc   0x080028dc   0x0000003c   Code   RO          511    i.MX_USART1_UART_Init  usart.o
    0x08002918   0x08002918   0x00000002   Code   RO          557    i.MemManage_Handler  stm32f4xx_it.o
    0x0800291a   0x0800291a   0x00000002   Code   RO          558    i.NMI_Handler       stm32f4xx_it.o
    0x0800291c   0x0800291c   0x0000003c   Code   RO          440    i.StartTaskEnter    freertos.o
    0x08002958   0x08002958   0x0000002c   Code   RO         4677    i.SysTick_Handler   port.o
    0x08002984   0x08002984   0x00000088   Code   RO           15    i.SystemClock_Config  main.o
    0x08002a0c   0x08002a0c   0x0000001c   Code   RO         3409    i.SystemInit        system_stm32f4xx.o
    0x08002a28   0x08002a28   0x0000000c   Code   RO          559    i.TIM6_DAC_IRQHandler  stm32f4xx_it.o
    0x08002a34   0x08002a34   0x000000c8   Code   RO         2244    i.TIM_Base_SetConfig  stm32f4xx_hal_tim.o
    0x08002afc   0x08002afc   0x00000010   Code   RO         3120    i.UART_DMAAbortOnError  stm32f4xx_hal_uart.o
    0x08002b0c   0x08002b0c   0x0000001c   Code   RO         3130    i.UART_EndRxTransfer  stm32f4xx_hal_uart.o
    0x08002b28   0x08002b28   0x00000096   Code   RO         3132    i.UART_Receive_IT   stm32f4xx_hal_uart.o
    0x08002bbe   0x08002bbe   0x00000002   PAD
    0x08002bc0   0x08002bc0   0x00000128   Code   RO         3133    i.UART_SetConfig    stm32f4xx_hal_uart.o
    0x08002ce8   0x08002ce8   0x00000062   Code   RO         3134    i.UART_Transmit_IT  stm32f4xx_hal_uart.o
    0x08002d4a   0x08002d4a   0x00000002   PAD
    0x08002d4c   0x08002d4c   0x0000002c   Code   RO          560    i.USART1_IRQHandler  stm32f4xx_it.o
    0x08002d78   0x08002d78   0x00000002   Code   RO          561    i.UsageFault_Handler  stm32f4xx_it.o
    0x08002d7a   0x08002d7a   0x00000030   Code   RO         5270    i.__ARM_fpclassify  m_wm.l(fpclassify.o)
    0x08002daa   0x08002daa   0x00000020   Code   RO         1767    i.__NVIC_SetPriority  stm32f4xx_hal_cortex.o
    0x08002dca   0x08002dca   0x00000006   PAD
    0x08002dd0   0x08002dd0   0x000002d8   Code   RO         5211    i.__hardfp_atan     m_wm.l(atan.o)
    0x080030a8   0x080030a8   0x000001f0   Code   RO         5159    i.__hardfp_atan2    m_wm.l(atan2.o)
    0x08003298   0x08003298   0x000000f8   Code   RO         5272    i.__kernel_poly     m_wm.l(poly.o)
    0x08003390   0x08003390   0x00000014   Code   RO         5226    i.__mathlib_dbl_infnan  m_wm.l(dunder.o)
    0x080033a4   0x080033a4   0x00000014   Code   RO         5227    i.__mathlib_dbl_infnan2  m_wm.l(dunder.o)
    0x080033b8   0x080033b8   0x00000020   Code   RO         5231    i.__mathlib_dbl_underflow  m_wm.l(dunder.o)
    0x080033d8   0x080033d8   0x00000010   Code   RO         5213    i.atan              m_wm.l(atan.o)
    0x080033e8   0x080033e8   0x00000010   Code   RO         4912    i.buffer_get_int16  bldcmotor.o
    0x080033f8   0x080033f8   0x00000018   Code   RO         4913    i.buffer_get_int32  bldcmotor.o
    0x08003410   0x08003410   0x00000018   Code   RO         5241    i.fabs              m_wm.l(fabs.o)
    0x08003428   0x08003428   0x00000026   Code   RO           16    i.main              main.o
    0x0800344e   0x0800344e   0x0000000c   Code   RO         4245    i.makeFreeRtosPriority  cmsis_os.o
    0x0800345a   0x0800345a   0x0000000e   Code   RO         4247    i.osDelay           cmsis_os.o
    0x08003468   0x08003468   0x0000000a   Code   RO         4250    i.osKernelStart     cmsis_os.o
    0x08003472   0x08003472   0x00000026   Code   RO         4259    i.osMessageCreate   cmsis_os.o
    0x08003498   0x08003498   0x00000054   Code   RO         4284    i.osThreadCreate    cmsis_os.o
    0x080034ec   0x080034ec   0x00000050   Code   RO         3942    i.prvAddCurrentTaskToDelayedList  tasks.o
    0x0800353c   0x0800353c   0x000000c8   Code   RO         3943    i.prvAddNewTaskToReadyList  tasks.o
    0x08003604   0x08003604   0x00000026   Code   RO         3618    i.prvCopyDataFromQueue  queue.o
    0x0800362a   0x0800362a   0x0000006c   Code   RO         3619    i.prvCopyDataToQueue  queue.o
    0x08003696   0x08003696   0x00000034   Code   RO         3944    i.prvDeleteTCB      tasks.o
    0x080036ca   0x080036ca   0x00000002   PAD
    0x080036cc   0x080036cc   0x0000004c   Code   RO         4615    i.prvHeapInit       heap_4.o
    0x08003718   0x08003718   0x00000060   Code   RO         3945    i.prvIdleTask       tasks.o
    0x08003778   0x08003778   0x00000016   Code   RO         3621    i.prvInitialiseNewQueue  queue.o
    0x0800378e   0x0800378e   0x00000098   Code   RO         3946    i.prvInitialiseNewTask  tasks.o
    0x08003826   0x08003826   0x00000002   PAD
    0x08003828   0x08003828   0x0000004c   Code   RO         4616    i.prvInsertBlockIntoFreeList  heap_4.o
    0x08003874   0x08003874   0x0000001c   Code   RO         3622    i.prvIsQueueEmpty   queue.o
    0x08003890   0x08003890   0x00000020   Code   RO         3947    i.prvResetNextTaskUnblockTime  tasks.o
    0x080038b0   0x080038b0   0x00000028   Code   RO         4678    i.prvTaskExitError  port.o
    0x080038d8   0x080038d8   0x0000006a   Code   RO         3623    i.prvUnlockQueue    queue.o
    0x08003942   0x08003942   0x00000002   PAD
    0x08003944   0x08003944   0x000000d8   Code   RO         4617    i.pvPortMalloc      heap_4.o
    0x08003a1c   0x08003a1c   0x0000002c   Code   RO         4679    i.pxPortInitialiseStack  port.o
    0x08003a48   0x08003a48   0x00000026   Code   RO         3578    i.uxListRemove      list.o
    0x08003a6e   0x08003a6e   0x00000002   PAD
    0x08003a70   0x08003a70   0x00000014   Code   RO          441    i.vApplicationGetIdleTaskMemory  freertos.o
    0x08003a84   0x08003a84   0x00000016   Code   RO         3579    i.vListInitialise   list.o
    0x08003a9a   0x08003a9a   0x00000006   Code   RO         3580    i.vListInitialiseItem  list.o
    0x08003aa0   0x08003aa0   0x00000030   Code   RO         3581    i.vListInsert       list.o
    0x08003ad0   0x08003ad0   0x00000018   Code   RO         3582    i.vListInsertEnd    list.o
    0x08003ae8   0x08003ae8   0x00000040   Code   RO         4681    i.vPortEnterCritical  port.o
    0x08003b28   0x08003b28   0x00000028   Code   RO         4682    i.vPortExitCritical  port.o
    0x08003b50   0x08003b50   0x0000005c   Code   RO         4618    i.vPortFree         heap_4.o
    0x08003bac   0x08003bac   0x00000024   Code   RO         4683    i.vPortSetupTimerInterrupt  port.o
    0x08003bd0   0x08003bd0   0x00000054   Code   RO         4684    i.vPortValidateInterruptPriority  port.o
    0x08003c24   0x08003c24   0x0000004c   Code   RO         3955    i.vTaskDelay        tasks.o
    0x08003c70   0x08003c70   0x000000ac   Code   RO         3957    i.vTaskDelete       tasks.o
    0x08003d1c   0x08003d1c   0x00000010   Code   RO         3959    i.vTaskInternalSetTimeOutState  tasks.o
    0x08003d2c   0x08003d2c   0x0000000c   Code   RO         3960    i.vTaskMissedYield  tasks.o
    0x08003d38   0x08003d38   0x00000030   Code   RO         3962    i.vTaskPlaceOnEventList  tasks.o
    0x08003d68   0x08003d68   0x0000006c   Code   RO         3968    i.vTaskStartScheduler  tasks.o
    0x08003dd4   0x08003dd4   0x00000010   Code   RO         3969    i.vTaskSuspendAll   tasks.o
    0x08003de4   0x08003de4   0x0000005c   Code   RO         3970    i.vTaskSwitchContext  tasks.o
    0x08003e40   0x08003e40   0x000000f4   Code   RO         4685    i.xPortStartScheduler  port.o
    0x08003f34   0x08003f34   0x00000048   Code   RO         3632    i.xQueueGenericCreate  queue.o
    0x08003f7c   0x08003f7c   0x00000066   Code   RO         3633    i.xQueueGenericCreateStatic  queue.o
    0x08003fe2   0x08003fe2   0x00000002   PAD
    0x08003fe4   0x08003fe4   0x00000088   Code   RO         3634    i.xQueueGenericReset  queue.o
    0x0800406c   0x0800406c   0x000000bc   Code   RO         3636    i.xQueueGenericSendFromISR  queue.o
    0x08004128   0x08004128   0x00000138   Code   RO         3642    i.xQueueReceive     queue.o
    0x08004260   0x08004260   0x0000006c   Code   RO         3971    i.xTaskCheckForTimeOut  tasks.o
    0x080042cc   0x080042cc   0x0000005a   Code   RO         3972    i.xTaskCreate       tasks.o
    0x08004326   0x08004326   0x00000056   Code   RO         3973    i.xTaskCreateStatic  tasks.o
    0x0800437c   0x0800437c   0x0000001c   Code   RO         3978    i.xTaskGetSchedulerState  tasks.o
    0x08004398   0x08004398   0x000000c8   Code   RO         3981    i.xTaskIncrementTick  tasks.o
    0x08004460   0x08004460   0x00000098   Code   RO         3984    i.xTaskPriorityDisinherit  tasks.o
    0x080044f8   0x080044f8   0x00000078   Code   RO         3986    i.xTaskRemoveFromEventList  tasks.o
    0x08004570   0x08004570   0x000000c4   Code   RO         3987    i.xTaskResumeAll    tasks.o
    0x08004634   0x08004634   0x00000018   Code   RO         5192    x$fpl$basic         fz_wm.l(basic.o)
    0x0800464c   0x0800464c   0x00000062   Code   RO         5145    x$fpl$d2f           fz_wm.l(d2f.o)
    0x080046ae   0x080046ae   0x00000002   PAD
    0x080046b0   0x080046b0   0x00000150   Code   RO         5194    x$fpl$dadd          fz_wm.l(daddsub_clz.o)
    0x08004800   0x08004800   0x000002b0   Code   RO         5148    x$fpl$ddiv          fz_wm.l(ddiv.o)
    0x08004ab0   0x08004ab0   0x0000002e   Code   RO         5152    x$fpl$dflt          fz_wm.l(dflt_clz.o)
    0x08004ade   0x08004ade   0x00000002   PAD
    0x08004ae0   0x08004ae0   0x00000154   Code   RO         5157    x$fpl$dmul          fz_wm.l(dmul.o)
    0x08004c34   0x08004c34   0x0000009c   Code   RO         5202    x$fpl$dnaninf       fz_wm.l(dnaninf.o)
    0x08004cd0   0x08004cd0   0x0000000c   Code   RO         5204    x$fpl$dretinf       fz_wm.l(dretinf.o)
    0x08004cdc   0x08004cdc   0x00000016   Code   RO         5195    x$fpl$drsb          fz_wm.l(daddsub_clz.o)
    0x08004cf2   0x08004cf2   0x00000002   PAD
    0x08004cf4   0x08004cf4   0x000001d4   Code   RO         5196    x$fpl$dsub          fz_wm.l(daddsub_clz.o)
    0x08004ec8   0x08004ec8   0x0000000a   Code   RO         5359    x$fpl$fpinit        fz_wm.l(fpinit.o)
    0x08004ed2   0x08004ed2   0x0000000a   Code   RO         5208    x$fpl$fretinf       fz_wm.l(fretinf.o)
    0x08004edc   0x08004edc   0x00000000   Code   RO         5210    x$fpl$usenofp       fz_wm.l(usenofp.o)
    0x08004edc   0x08004edc   0x00000048   Data   RO          443    .constdata          freertos.o
    0x08004f24   0x08004f24   0x00000008   Data   RO         1466    .constdata          stm32f4xx_hal_dma.o
    0x08004f2c   0x08004f2c   0x00000010   Data   RO         3410    .constdata          system_stm32f4xx.o
    0x08004f3c   0x08004f3c   0x00000008   Data   RO         3411    .constdata          system_stm32f4xx.o
    0x08004f44   0x08004f44   0x00000004   PAD
    0x08004f48   0x08004f48   0x00000098   Data   RO         5214    .constdata          m_wm.l(atan.o)
    0x08004fe0   0x08004fe0   0x00000008   Data   RO         5245    .constdata          m_wm.l(qnan.o)
    0x08004fe8   0x08004fe8   0x00000012   Data   RO          444    .conststring        freertos.o
    0x08004ffa   0x08004ffa   0x00000002   PAD
    0x08004ffc   0x08004ffc   0x00000020   Data   RO         5415    Region$$Table       anon$$obj.o


    Execution Region RW_IRAM2 (Exec base: 0x10000000, Load base: 0x0800511c, Size: 0x00000000, Max: 0x00010000, ABSOLUTE)

    **** No section assigned to this execution region ****


    Execution Region RW_IRAM1 (Exec base: 0x20000000, Load base: 0x0800501c, Size: 0x00004ed0, Max: 0x00030000, ABSOLUTE)

    Exec Addr    Load Addr    Size         Type   Attr      Idx    E Section Name        Object

    0x20000000   0x0800501c   0x00000004   Data   RW          352    .data               can.o
    0x20000004   0x08005020   0x0000000c   Data   RW          445    .data               freertos.o
    0x20000010   0x0800502c   0x0000000c   Data   RW         1913    .data               stm32f4xx_hal.o
    0x2000001c   0x08005038   0x00000004   Data   RW         3412    .data               system_stm32f4xx.o
    0x20000020   0x0800503c   0x0000003c   Data   RW         3989    .data               tasks.o
    0x2000005c   0x08005078   0x00000018   Data   RW         4623    .data               heap_4.o
    0x20000074   0x08005090   0x0000000c   Data   RW         4686    .data               port.o
    0x20000080   0x0800509c   0x0000002c   Data   RW         4794    .data               dr16_remote.o
    0x200000ac   0x080050c8   0x0000000c   Data   RW         4842    .data               djimotor.o
    0x200000b8   0x080050d4   0x0000000c   Data   RW         4917    .data               bldcmotor.o
    0x200000c4   0x080050e0   0x00000018   Data   RW         4918    .data               bldcmotor.o
    0x200000dc   0x080050f8   0x00000024   Data   RW         5025    .data               enconder.o
    0x20000100        -       0x00000028   Zero   RW          349    .bss                can.o
    0x20000128        -       0x00000028   Zero   RW          350    .bss                can.o
    0x20000150        -       0x00000050   Zero   RW          351    .bss                can.o
    0x200001a0        -       0x00000254   Zero   RW          442    .bss                freertos.o
    0x200003f4        -       0x000000a0   Zero   RW          512    .bss                usart.o
    0x20000494        -       0x00000040   Zero   RW          670    .bss                stm32f4xx_hal_timebase_tim.o
    0x200004d4        -       0x000002bc   Zero   RW         3988    .bss                tasks.o
    0x20000790        -       0x00003c00   Zero   RW         4622    .bss                heap_4.o
    0x20004390        -       0x0000002c   Zero   RW         4793    .bss                dr16_remote.o
    0x200043bc        -       0x00000320   Zero   RW         4841    .bss                djimotor.o
    0x200046dc        -       0x00000170   Zero   RW         4916    .bss                bldcmotor.o
    0x2000484c        -       0x00000020   Zero   RW         5024    .bss                enconder.o
    0x2000486c        -       0x00000060   Zero   RW         5275    .bss                c_w.l(libspace.o)
    0x200048cc   0x0800511c   0x00000004   PAD
    0x200048d0        -       0x00000200   Zero   RW            2    HEAP                startup_stm32f427xx.o
    0x20004ad0        -       0x00000400   Zero   RW            1    STACK               startup_stm32f427xx.o


==============================================================================

Image component sizes


      Code (inc. data)   RO Data    RW Data    ZI Data      Debug   Object Name

       636         40          0         36        368       6355   bldcmotor.o
       526         52          0          4        160       4378   can.o
       158          0          0          0          0      26223   cmsis_os.o
         0          0          0          0          0       7364   croutine.o
       256         24          0         12        800       4983   djimotor.o
        44          4          0          0          0        854   dma.o
       584         48          0         44         44       4917   dr16_remote.o
       416         46          0         36         32       7119   enconder.o
         0          0          0          0          0      21180   event_groups.o
       328         48         90         12        596       3570   freertos.o
       144         10          0          0          0     741723   gpio.o
       460         24          0         24      15360       7355   heap_4.o
       138          0          0          0          0       3602   list.o
       196         14          0          0          0     773886   main.o
       786         82          0         12          0      11913   port.o
      1112          8          0          0          0      14826   queue.o
        64         26        428          0       1536        832   startup_stm32f427xx.o
        80         14          0         12          0       8274   stm32f4xx_hal.o
      1604          6          0          0          0      13940   stm32f4xx_hal_can.o
       158         14          0          0          0      33106   stm32f4xx_hal_cortex.o
       898         16          8          0          0       6323   stm32f4xx_hal_dma.o
       492         54          0          0          0       3109   stm32f4xx_hal_gpio.o
        56          4          0          0          0        934   stm32f4xx_hal_msp.o
       112         14          0          0          0       1384   stm32f4xx_hal_pwr_ex.o
      1396         86          0          0          0       5925   stm32f4xx_hal_rcc.o
       656         44          0          0          0       7248   stm32f4xx_hal_tim.o
         4          0          0          0          0       1685   stm32f4xx_hal_tim_ex.o
       116         16          0          0         64       1483   stm32f4xx_hal_timebase_tim.o
       968         16          0          0          0       7451   stm32f4xx_hal_uart.o
       248         54          0          0          0       5589   stm32f4xx_it.o
         0          0          0          0          0        400   stream_buffer.o
        28          6         24          4          0       1219   system_stm32f4xx.o
      2132        170          0         60        700      25620   tasks.o
         0          0          0          0          0       2476   timers.o
       236         34          0          0        160       1829   usart.o

    ----------------------------------------------------------------------
     15076        974        588        256      19820    1769075   Object Totals
         0          0         32          0          0          0   (incl. Generated)
        44          0          6          0          0          0   (incl. Padding)

    ----------------------------------------------------------------------

      Code (inc. data)   RO Data    RW Data    ZI Data      Debug   Library Member Name

         8          0          0          0          0         68   __main.o
         0          0          0          0          0          0   __rtentry.o
        12          0          0          0          0          0   __rtentry2.o
         6          0          0          0          0          0   __rtentry4.o
        52          8          0          0          0          0   __scatter.o
        26          0          0          0          0          0   __scatter_copy.o
        28          0          0          0          0          0   __scatter_zi.o
        18          0          0          0          0         80   exit.o
         6          0          0          0          0        152   heapauxi.o
         0          0          0          0          0          0   indicate_semi.o
         2          0          0          0          0          0   libinit.o
         6          0          0          0          0          0   libinit2.o
         2          0          0          0          0          0   libshutdown.o
         2          0          0          0          0          0   libshutdown2.o
         8          4          0          0         96         68   libspace.o
       238          0          0          0          0        100   lludivv7m.o
        78          0          0          0          0         80   rt_memclr_w.o
       138          0          0          0          0         68   rt_memcpy_v6.o
       100          0          0          0          0         80   rt_memcpy_w.o
         2          0          0          0          0          0   rtexit.o
        10          0          0          0          0          0   rtexit2.o
        12          4          0          0          0         68   sys_exit.o
        74          0          0          0          0         80   sys_stackheap_outer.o
         2          0          0          0          0         68   use_no_semi.o
        24          0          0          0          0        164   basic.o
        98          4          0          0          0        140   d2f.o
       826         16          0          0          0        492   daddsub_clz.o
       688        140          0          0          0        256   ddiv.o
        46          0          0          0          0        116   dflt_clz.o
       340         12          0          0          0        152   dmul.o
       156          4          0          0          0        140   dnaninf.o
        12          0          0          0          0        116   dretinf.o
        10          0          0          0          0        116   fpinit.o
        10          0          0          0          0        116   fretinf.o
         0          0          0          0          0          0   usenofp.o
       744        106        152          0          0        352   atan.o
       496         64          0          0          0        192   atan2.o
        72          8          0          0          0        372   dunder.o
        24          0          0          0          0        124   fabs.o
        48          0          0          0          0        124   fpclassify.o
       248          0          0          0          0        152   poly.o
         0          0          8          0          0          0   qnan.o

    ----------------------------------------------------------------------
      4684        370        160          0        100       4036   Library Totals
        12          0          0          0          4          0   (incl. Padding)

    ----------------------------------------------------------------------

      Code (inc. data)   RO Data    RW Data    ZI Data      Debug   Library Name

       830         16          0          0         96        912   c_w.l
      2210        176          0          0          0       1808   fz_wm.l
      1632        178        160          0          0       1316   m_wm.l

    ----------------------------------------------------------------------
      4684        370        160          0        100       4036   Library Totals

    ----------------------------------------------------------------------

==============================================================================


      Code (inc. data)   RO Data    RW Data    ZI Data      Debug   

     19760       1344        748        256      19920    1754247   Grand Totals
     19760       1344        748        256      19920    1754247   ELF Image Totals
     19760       1344        748        256          0          0   ROM Totals

==============================================================================

    Total RO  Size (Code + RO Data)                20508 (  20.03kB)
    Total RW  Size (RW Data + ZI Data)             20176 (  19.70kB)
    Total ROM Size (Code + RO Data + RW Data)      20764 (  20.28kB)

==============================================================================

