<html>
<body>
<pre>
<h1>µVision Build Log</h1>
<h2>Tool Versions:</h2>
IDE-Version: µVision V5.27.1.0
Copyright (C) 2019 ARM Ltd and ARM Germany GmbH. All rights reserved.
License Information: zhou zhouzhanhong, 11111, LIC=WHYH9-44JB6-DYJV3-A05IY-AMN3S-P29YC
 
Tool Versions:
Toolchain:       MDK-ARM Plus  Version: 5.27.1.0
Toolchain Path:  D:\Keil\MDK_Core\ARM\ARMCC\Bin
C Compiler:      Armcc.exe V5.06 update 6 (build 750)
Assembler:       Armasm.exe V5.06 update 6 (build 750)
Linker/Locator:  ArmLink.exe V5.06 update 6 (build 750)
Library Manager: ArmAr.exe V5.06 update 6 (build 750)
Hex Converter:   FromElf.exe V5.06 update 6 (build 750)
CPU DLL:         SARMCM3.DLL V5.27.1.0
Dialog DLL:      DCM.DLL V1.17.2.0
Target DLL:      CMSIS_AGDI.dll V1.31.17.0
Dialog DLL:      TCM.DLL V1.36.1.0
 
<h2>Project:</h2>
E:\Undergraduate_Design\Core\GraduationPro\MDK-ARM\GraduationPro.uvprojx
Project File Date:  04/07/2021

<h2>Output:</h2>
*** Using Compiler 'V5.06 update 6 (build 750)', folder: 'D:\Keil\MDK_Core\ARM\ARMCC\Bin'
Build target 'GraduationPro'
compiling Classical_Control.c...
..\Src\Classical_Control.c(45): warning:  #177-D: variable "Enconder_BaseAbsEnc"  was declared but never referenced
  	int Enconder_BaseAbsEnc[4] = {EncoderRB_BaseAbsEnc, \
..\Src\Classical_Control.c(244): warning:  #177-D: variable "Omega_Angle"  was declared but never referenced
  	float Omega_Angle[4]= {0.0f,0.0f,0.0f,0.0f};
..\Src\Classical_Control.c: 2 warnings, 0 errors
linking...
Program Size: Code=31872 RO-data=1104 RW-data=1104 ZI-data=19216  
FromELF: creating hex file...
"GraduationPro\GraduationPro.axf" - 0 Error(s), 2 Warning(s).

<h2>Software Packages used:</h2>

Package Vendor: ARM
                http://www.keil.com/pack/ARM.CMSIS.5.7.0.pack
                ARM.CMSIS.5.7.0
                CMSIS (Cortex Microcontroller Software Interface Standard)
   * Component: CORE Version: 5.4.0

Package Vendor: Keil
                http://www.keil.com/pack/Keil.STM32F4xx_DFP.2.15.0.pack
                Keil.STM32F4xx_DFP.2.15.0
                STMicroelectronics STM32F4 Series Device Support, Drivers and Examples

<h2>Collection of Component include folders:</h2>
  .\RTE\_GraduationPro
  D:\Keil\MDK_Pack\ARM\CMSIS\5.7.0\CMSIS\Core\Include
  D:\Keil\MDK_Pack\Keil\STM32F4xx_DFP\2.15.0\Drivers\CMSIS\Device\ST\STM32F4xx\Include

<h2>Collection of Component Files used:</h2>

   * Component: ARM::CMSIS:CORE:5.4.0
Build Time Elapsed:  00:00:03
</pre>
</body>
</html>
