Component: ARM Compiler 5.06 update 6 (build 750) Tool: armlink [4d35ed]

==============================================================================

Section Cross References

    startup_stm32f427xx.o(STACK) refers (Special) to heapauxi.o(.text) for __use_two_region_memory
    startup_stm32f427xx.o(HEAP) refers (Special) to heapauxi.o(.text) for __use_two_region_memory
    startup_stm32f427xx.o(RESET) refers (Special) to heapauxi.o(.text) for __use_two_region_memory
    startup_stm32f427xx.o(RESET) refers to startup_stm32f427xx.o(STACK) for __initial_sp
    startup_stm32f427xx.o(RESET) refers to startup_stm32f427xx.o(.text) for Reset_Handler
    startup_stm32f427xx.o(RESET) refers to stm32f4xx_it.o(i.NMI_Handler) for NMI_Handler
    startup_stm32f427xx.o(RESET) refers to stm32f4xx_it.o(i.HardFault_Handler) for HardFault_Handler
    startup_stm32f427xx.o(RESET) refers to stm32f4xx_it.o(i.MemManage_Handler) for MemManage_Handler
    startup_stm32f427xx.o(RESET) refers to stm32f4xx_it.o(i.BusFault_Handler) for BusFault_Handler
    startup_stm32f427xx.o(RESET) refers to stm32f4xx_it.o(i.UsageFault_Handler) for UsageFault_Handler
    startup_stm32f427xx.o(RESET) refers to port.o(.emb_text) for SVC_Handler
    startup_stm32f427xx.o(RESET) refers to stm32f4xx_it.o(i.DebugMon_Handler) for DebugMon_Handler
    startup_stm32f427xx.o(RESET) refers to port.o(i.SysTick_Handler) for SysTick_Handler
    startup_stm32f427xx.o(RESET) refers to stm32f4xx_it.o(i.CAN1_RX0_IRQHandler) for CAN1_RX0_IRQHandler
    startup_stm32f427xx.o(RESET) refers to stm32f4xx_it.o(i.USART1_IRQHandler) for USART1_IRQHandler
    startup_stm32f427xx.o(RESET) refers to stm32f4xx_it.o(i.TIM6_DAC_IRQHandler) for TIM6_DAC_IRQHandler
    startup_stm32f427xx.o(RESET) refers to stm32f4xx_it.o(i.DMA2_Stream2_IRQHandler) for DMA2_Stream2_IRQHandler
    startup_stm32f427xx.o(RESET) refers to stm32f4xx_it.o(i.CAN2_RX0_IRQHandler) for CAN2_RX0_IRQHandler
    startup_stm32f427xx.o(.text) refers (Special) to heapauxi.o(.text) for __use_two_region_memory
    startup_stm32f427xx.o(.text) refers to system_stm32f4xx.o(i.SystemInit) for SystemInit
    startup_stm32f427xx.o(.text) refers to __main.o(!!!main) for __main
    startup_stm32f427xx.o(.text) refers to startup_stm32f427xx.o(HEAP) for Heap_Mem
    startup_stm32f427xx.o(.text) refers to startup_stm32f427xx.o(STACK) for Stack_Mem
    main.o(i.HAL_TIM_PeriodElapsedCallback) refers to stm32f4xx_hal.o(i.HAL_IncTick) for HAL_IncTick
    main.o(i.SystemClock_Config) refers to rt_memclr_w.o(.text) for __aeabi_memclr4
    main.o(i.SystemClock_Config) refers to stm32f4xx_hal_rcc.o(i.HAL_RCC_OscConfig) for HAL_RCC_OscConfig
    main.o(i.SystemClock_Config) refers to stm32f4xx_hal_pwr_ex.o(i.HAL_PWREx_EnableOverDrive) for HAL_PWREx_EnableOverDrive
    main.o(i.SystemClock_Config) refers to stm32f4xx_hal_rcc.o(i.HAL_RCC_ClockConfig) for HAL_RCC_ClockConfig
    main.o(i.main) refers to stm32f4xx_hal.o(i.HAL_Init) for HAL_Init
    main.o(i.main) refers to main.o(i.SystemClock_Config) for SystemClock_Config
    main.o(i.main) refers to gpio.o(i.MX_GPIO_Init) for MX_GPIO_Init
    main.o(i.main) refers to dma.o(i.MX_DMA_Init) for MX_DMA_Init
    main.o(i.main) refers to usart.o(i.MX_USART1_UART_Init) for MX_USART1_UART_Init
    main.o(i.main) refers to can.o(i.MX_CAN1_Init) for MX_CAN1_Init
    main.o(i.main) refers to can.o(i.MX_CAN2_Init) for MX_CAN2_Init
    main.o(i.main) refers to freertos.o(i.MX_FREERTOS_Init) for MX_FREERTOS_Init
    main.o(i.main) refers to cmsis_os.o(i.osKernelStart) for osKernelStart
    gpio.o(i.MX_GPIO_Init) refers to rt_memclr_w.o(.text) for __aeabi_memclr4
    gpio.o(i.MX_GPIO_Init) refers to stm32f4xx_hal_gpio.o(i.HAL_GPIO_WritePin) for HAL_GPIO_WritePin
    gpio.o(i.MX_GPIO_Init) refers to stm32f4xx_hal_gpio.o(i.HAL_GPIO_Init) for HAL_GPIO_Init
    can.o(i.CAN1_FILTER_Init) refers to stm32f4xx_hal_can.o(i.HAL_CAN_ConfigFilter) for HAL_CAN_ConfigFilter
    can.o(i.CAN1_FILTER_Init) refers to can.o(.bss) for .bss
    can.o(i.CAN2_FILTER_Init) refers to stm32f4xx_hal_can.o(i.HAL_CAN_ConfigFilter) for HAL_CAN_ConfigFilter
    can.o(i.CAN2_FILTER_Init) refers to can.o(.bss) for .bss
    can.o(i.HAL_CAN_MspDeInit) refers to stm32f4xx_hal_gpio.o(i.HAL_GPIO_DeInit) for HAL_GPIO_DeInit
    can.o(i.HAL_CAN_MspDeInit) refers to stm32f4xx_hal_cortex.o(i.HAL_NVIC_DisableIRQ) for HAL_NVIC_DisableIRQ
    can.o(i.HAL_CAN_MspDeInit) refers to can.o(.data) for .data
    can.o(i.HAL_CAN_MspInit) refers to rt_memclr_w.o(.text) for __aeabi_memclr4
    can.o(i.HAL_CAN_MspInit) refers to stm32f4xx_hal_gpio.o(i.HAL_GPIO_Init) for HAL_GPIO_Init
    can.o(i.HAL_CAN_MspInit) refers to stm32f4xx_hal_cortex.o(i.HAL_NVIC_SetPriority) for HAL_NVIC_SetPriority
    can.o(i.HAL_CAN_MspInit) refers to stm32f4xx_hal_cortex.o(i.HAL_NVIC_EnableIRQ) for HAL_NVIC_EnableIRQ
    can.o(i.HAL_CAN_MspInit) refers to can.o(.data) for .data
    can.o(i.MX_CAN1_Init) refers to stm32f4xx_hal_can.o(i.HAL_CAN_Init) for HAL_CAN_Init
[...]
    i.HAL_RCC_GetPCLK2Freq                   0x08001ba8   Section        0  stm32f4xx_hal_rcc.o(i.HAL_RCC_GetPCLK2Freq)
    i.HAL_RCC_GetSysClockFreq                0x08001bc8   Section        0  stm32f4xx_hal_rcc.o(i.HAL_RCC_GetSysClockFreq)
    i.HAL_RCC_OscConfig                      0x08001c2c   Section        0  stm32f4xx_hal_rcc.o(i.HAL_RCC_OscConfig)
    i.HAL_TIMEx_BreakCallback                0x08001f88   Section        0  stm32f4xx_hal_tim_ex.o(i.HAL_TIMEx_BreakCallback)
    i.HAL_TIMEx_CommutCallback               0x08001f8a   Section        0  stm32f4xx_hal_tim_ex.o(i.HAL_TIMEx_CommutCallback)
    i.HAL_TIM_Base_Init                      0x08001f8c   Section        0  stm32f4xx_hal_tim.o(i.HAL_TIM_Base_Init)
    i.HAL_TIM_Base_MspInit                   0x08001fc2   Section        0  stm32f4xx_hal_tim.o(i.HAL_TIM_Base_MspInit)
    i.HAL_TIM_Base_Start_IT                  0x08001fc4   Section        0  stm32f4xx_hal_tim.o(i.HAL_TIM_Base_Start_IT)
    i.HAL_TIM_IC_CaptureCallback             0x08001fe6   Section        0  stm32f4xx_hal_tim.o(i.HAL_TIM_IC_CaptureCallback)
    i.HAL_TIM_IRQHandler                     0x08001fe8   Section        0  stm32f4xx_hal_tim.o(i.HAL_TIM_IRQHandler)
    i.HAL_TIM_OC_DelayElapsedCallback        0x0800214e   Section        0  stm32f4xx_hal_tim.o(i.HAL_TIM_OC_DelayElapsedCallback)
    i.HAL_TIM_PWM_PulseFinishedCallback      0x08002150   Section        0  stm32f4xx_hal_tim.o(i.HAL_TIM_PWM_PulseFinishedCallback)
    i.HAL_TIM_PeriodElapsedCallback          0x08002154   Section        0  main.o(i.HAL_TIM_PeriodElapsedCallback)
    i.HAL_TIM_TriggerCallback                0x08002168   Section        0  stm32f4xx_hal_tim.o(i.HAL_TIM_TriggerCallback)
    i.HAL_UART_ErrorCallback                 0x0800216a   Section        0  stm32f4xx_hal_uart.o(i.HAL_UART_ErrorCallback)
    i.HAL_UART_IRQHandler                    0x0800216c   Section        0  stm32f4xx_hal_uart.o(i.HAL_UART_IRQHandler)
    i.HAL_UART_Init                          0x08002280   Section        0  stm32f4xx_hal_uart.o(i.HAL_UART_Init)
    i.HAL_UART_MspInit                       0x080022e4   Section        0  usart.o(i.HAL_UART_MspInit)
    i.HAL_UART_RxCpltCallback                0x08002394   Section        0  stm32f4xx_hal_uart.o(i.HAL_UART_RxCpltCallback)
    i.HAL_UART_TxCpltCallback                0x08002396   Section        0  stm32f4xx_hal_uart.o(i.HAL_UART_TxCpltCallback)
    i.HardFault_Handler                      0x08002398   Section        0  stm32f4xx_it.o(i.HardFault_Handler)
    i.MX_CAN1_Init                           0x0800239c   Section        0  can.o(i.MX_CAN1_Init)
    i.MX_CAN2_Init                           0x080023e0   Section        0  can.o(i.MX_CAN2_Init)
    i.MX_DMA_Init                            0x08002424   Section        0  dma.o(i.MX_DMA_Init)
    i.MX_FREERTOS_Init                       0x08002450   Section        0  freertos.o(i.MX_FREERTOS_Init)
    i.MX_GPIO_Init                           0x080024a4   Section        0  gpio.o(i.MX_GPIO_Init)
    i.MX_USART1_UART_Init                    0x08002534   Section        0  usart.o(i.MX_USART1_UART_Init)
    i.MemManage_Handler                      0x08002570   Section        0  stm32f4xx_it.o(i.MemManage_Handler)
    i.NMI_Handler                            0x08002572   Section        0  stm32f4xx_it.o(i.NMI_Handler)
    i.StartTaskEnter                         0x08002574   Section        0  freertos.o(i.StartTaskEnter)
    i.SysTick_Handler                        0x080025a8   Section        0  port.o(i.SysTick_Handler)
    i.SystemClock_Config                     0x080025d4   Section        0  main.o(i.SystemClock_Config)
    i.SystemInit                             0x0800265c   Section        0  system_stm32f4xx.o(i.SystemInit)
    i.TIM6_DAC_IRQHandler                    0x08002678   Section        0  stm32f4xx_it.o(i.TIM6_DAC_IRQHandler)
    i.TIM_Base_SetConfig                     0x08002684   Section        0  stm32f4xx_hal_tim.o(i.TIM_Base_SetConfig)
    i.UART_DMAAbortOnError                   0x0800274c   Section        0  stm32f4xx_hal_uart.o(i.UART_DMAAbortOnError)
    UART_DMAAbortOnError                     0x0800274d   Thumb Code    16  stm32f4xx_hal_uart.o(i.UART_DMAAbortOnError)
    i.UART_EndRxTransfer                     0x0800275c   Section        0  stm32f4xx_hal_uart.o(i.UART_EndRxTransfer)
    UART_EndRxTransfer                       0x0800275d   Thumb Code    28  stm32f4xx_hal_uart.o(i.UART_EndRxTransfer)
    i.UART_Receive_IT                        0x08002778   Section        0  stm32f4xx_hal_uart.o(i.UART_Receive_IT)
    UART_Receive_IT                          0x08002779   Thumb Code   150  stm32f4xx_hal_uart.o(i.UART_Receive_IT)
    i.UART_SetConfig                         0x08002810   Section        0  stm32f4xx_hal_uart.o(i.UART_SetConfig)
    UART_SetConfig                           0x08002811   Thumb Code   286  stm32f4xx_hal_uart.o(i.UART_SetConfig)
    i.UART_Transmit_IT                       0x08002938   Section        0  stm32f4xx_hal_uart.o(i.UART_Transmit_IT)
    UART_Transmit_IT                         0x08002939   Thumb Code    98  stm32f4xx_hal_uart.o(i.UART_Transmit_IT)
    i.USART1_IRQHandler                      0x0800299c   Section        0  stm32f4xx_it.o(i.USART1_IRQHandler)
    i.UsageFault_Handler                     0x080029c8   Section        0  stm32f4xx_it.o(i.UsageFault_Handler)
    i.__NVIC_SetPriority                     0x080029ca   Section        0  stm32f4xx_hal_cortex.o(i.__NVIC_SetPriority)
    __NVIC_SetPriority                       0x080029cb   Thumb Code    32  stm32f4xx_hal_cortex.o(i.__NVIC_SetPriority)
    i.buffer_get_int16                       0x080029ea   Section        0  bldcmotor.o(i.buffer_get_int16)
    i.buffer_get_int32                       0x080029fa   Section        0  bldcmotor.o(i.buffer_get_int32)
    i.main                                   0x08002a12   Section        0  main.o(i.main)
    i.makeFreeRtosPriority                   0x08002a38   Section        0  cmsis_os.o(i.makeFreeRtosPriority)
    makeFreeRtosPriority                     0x08002a39   Thumb Code    12  cmsis_os.o(i.makeFreeRtosPriority)
    i.osDelay                                0x08002a44   Section        0  cmsis_os.o(i.osDelay)
    i.osKernelStart                          0x08002a52   Section        0  cmsis_os.o(i.osKernelStart)
    i.osMessageCreate                        0x08002a5c   Section        0  cmsis_os.o(i.osMessageCreate)
    i.osThreadCreate                         0x08002a82   Section        0  cmsis_os.o(i.osThreadCreate)
    i.prvAddCurrentTaskToDelayedList         0x08002ad8   Section        0  tasks.o(i.prvAddCurrentTaskToDelayedList)
    prvAddCurrentTaskToDelayedList           0x08002ad9   Thumb Code    76  tasks.o(i.prvAddCurrentTaskToDelayedList)
    i.prvAddNewTaskToReadyList               0x08002b28   Section        0  tasks.o(i.prvAddNewTaskToReadyList)
    prvAddNewTaskToReadyList                 0x08002b29   Thumb Code   182  tasks.o(i.prvAddNewTaskToReadyList)
    i.prvCopyDataFromQueue                   0x08002bf0   Section        0  queue.o(i.prvCopyDataFromQueue)
    prvCopyDataFromQueue                     0x08002bf1   Thumb Code    38  queue.o(i.prvCopyDataFromQueue)
    i.prvCopyDataToQueue                     0x08002c16   Section        0  queue.o(i.prvCopyDataToQueue)
    prvCopyDataToQueue                       0x08002c17   Thumb Code   108  queue.o(i.prvCopyDataToQueue)
    i.prvDeleteTCB                           0x08002c82   Section        0  tasks.o(i.prvDeleteTCB)
    prvDeleteTCB                             0x08002c83   Thumb Code    52  tasks.o(i.prvDeleteTCB)
    i.prvHeapInit                            0x08002cb8   Section        0  heap_4.o(i.prvHeapInit)
    prvHeapInit                              0x08002cb9   Thumb Code    66  heap_4.o(i.prvHeapInit)
    i.prvIdleTask                            0x08002d04   Section        0  tasks.o(i.prvIdleTask)
    prvIdleTask                              0x08002d05   Thumb Code    82  tasks.o(i.prvIdleTask)
    i.prvInitialiseNewQueue                  0x08002d64   Section        0  queue.o(i.prvInitialiseNewQueue)
    prvInitialiseNewQueue                    0x08002d65   Thumb Code    22  queue.o(i.prvInitialiseNewQueue)
    i.prvInitialiseNewTask                   0x08002d7a   Section        0  tasks.o(i.prvInitialiseNewTask)
    prvInitialiseNewTask                     0x08002d7b   Thumb Code   152  tasks.o(i.prvInitialiseNewTask)
    i.prvInsertBlockIntoFreeList             0x08002e14   Section        0  heap_4.o(i.prvInsertBlockIntoFreeList)
    prvInsertBlockIntoFreeList               0x08002e15   Thumb Code    72  heap_4.o(i.prvInsertBlockIntoFreeList)
    i.prvIsQueueEmpty                        0x08002e60   Section        0  queue.o(i.prvIsQueueEmpty)
    prvIsQueueEmpty                          0x08002e61   Thumb Code    28  queue.o(i.prvIsQueueEmpty)
    i.prvResetNextTaskUnblockTime            0x08002e7c   Section        0  tasks.o(i.prvResetNextTaskUnblockTime)
    prvResetNextTaskUnblockTime              0x08002e7d   Thumb Code    26  tasks.o(i.prvResetNextTaskUnblockTime)
    i.prvTaskExitError                       0x08002e9c   Section        0  port.o(i.prvTaskExitError)
    prvTaskExitError                         0x08002e9d   Thumb Code    36  port.o(i.prvTaskExitError)
    i.prvUnlockQueue                         0x08002ec4   Section        0  queue.o(i.prvUnlockQueue)
    prvUnlockQueue                           0x08002ec5   Thumb Code   106  queue.o(i.prvUnlockQueue)
    i.pvPortMalloc                           0x08002f30   Section        0  heap_4.o(i.pvPortMalloc)
    i.pxPortInitialiseStack                  0x08003008   Section        0  port.o(i.pxPortInitialiseStack)
    i.uxListRemove                           0x08003034   Section        0  list.o(i.uxListRemove)
    i.vApplicationGetIdleTaskMemory          0x0800305c   Section        0  freertos.o(i.vApplicationGetIdleTaskMemory)
    i.vListInitialise                        0x08003070   Section        0  list.o(i.vListInitialise)
    i.vListInitialiseItem                    0x08003086   Section        0  list.o(i.vListInitialiseItem)
    i.vListInsert                            0x0800308c   Section        0  list.o(i.vListInsert)
    i.vListInsertEnd                         0x080030bc   Section        0  list.o(i.vListInsertEnd)
    i.vPortEnterCritical                     0x080030d4   Section        0  port.o(i.vPortEnterCritical)
    i.vPortExitCritical                      0x08003114   Section        0  port.o(i.vPortExitCritical)
    i.vPortFree                              0x0800313c   Section        0  heap_4.o(i.vPortFree)
    i.vPortSetupTimerInterrupt               0x08003198   Section        0  port.o(i.vPortSetupTimerInterrupt)
    i.vPortValidateInterruptPriority         0x080031bc   Section        0  port.o(i.vPortValidateInterruptPriority)
    i.vTaskDelay                             0x08003210   Section        0  tasks.o(i.vTaskDelay)
    i.vTaskDelete                            0x0800325c   Section        0  tasks.o(i.vTaskDelete)
    i.vTaskInternalSetTimeOutState           0x08003308   Section        0  tasks.o(i.vTaskInternalSetTimeOutState)
    i.vTaskMissedYield                       0x08003318   Section        0  tasks.o(i.vTaskMissedYield)
    i.vTaskPlaceOnEventList                  0x08003324   Section        0  tasks.o(i.vTaskPlaceOnEventList)
    i.vTaskStartScheduler                    0x08003354   Section        0  tasks.o(i.vTaskStartScheduler)
    i.vTaskSuspendAll                        0x080033c0   Section        0  tasks.o(i.vTaskSuspendAll)
    i.vTaskSwitchContext                     0x080033d0   Section        0  tasks.o(i.vTaskSwitchContext)
    i.xPortStartScheduler                    0x0800342c   Section        0  port.o(i.xPortStartScheduler)
    i.xQueueGenericCreate                    0x08003520   Section        0  queue.o(i.xQueueGenericCreate)
    i.xQueueGenericCreateStatic              0x08003568   Section        0  queue.o(i.xQueueGenericCreateStatic)
    i.xQueueGenericReset                     0x080035d0   Section        0  queue.o(i.xQueueGenericReset)
    i.xQueueGenericSendFromISR               0x08003658   Section        0  queue.o(i.xQueueGenericSendFromISR)
    i.xQueueReceive                          0x08003714   Section        0  queue.o(i.xQueueReceive)
    i.xTaskCheckForTimeOut                   0x0800384c   Section        0  tasks.o(i.xTaskCheckForTimeOut)
    i.xTaskCreate                            0x080038b8   Section        0  tasks.o(i.xTaskCreate)
    i.xTaskCreateStatic                      0x08003912   Section        0  tasks.o(i.xTaskCreateStatic)
    i.xTaskGetSchedulerState                 0x08003968   Section        0  tasks.o(i.xTaskGetSchedulerState)
    i.xTaskIncrementTick                     0x08003984   Section        0  tasks.o(i.xTaskIncrementTick)
    i.xTaskPriorityDisinherit                0x08003a4c   Section        0  tasks.o(i.xTaskPriorityDisinherit)
    i.xTaskRemoveFromEventList               0x08003ae4   Section        0  tasks.o(i.xTaskRemoveFromEventList)
    i.xTaskResumeAll                         0x08003b5c   Section        0  tasks.o(i.xTaskResumeAll)
    x$fpl$fpinit                             0x08003c20   Section       10  fpinit.o(x$fpl$fpinit)
    $v0                                      0x08003c20   Number         0  fpinit.o(x$fpl$fpinit)
    .constdata                               0x08003c2c   Section       72  freertos.o(.constdata)
    .constdata                               0x08003c74   Section        8  stm32f4xx_hal_dma.o(.constdata)
    flagBitshiftOffset                       0x08003c74   Data           8  stm32f4xx_hal_dma.o(.constdata)
    .constdata                               0x08003c7c   Section       16  system_stm32f4xx.o(.constdata)
    .constdata                               0x08003c8c   Section        8  system_stm32f4xx.o(.constdata)
    .conststring                             0x08003c94   Section       18  freertos.o(.conststring)
    .data                                    0x20000000   Section        4  can.o(.data)
    HAL_RCC_CAN1_CLK_ENABLED                 0x20000000   Data           4  can.o(.data)
    .data                                    0x20000004   Section       12  freertos.o(.data)
    .data                                    0x20000010   Section       12  stm32f4xx_hal.o(.data)
    .data                                    0x2000001c   Section        4  system_stm32f4xx.o(.data)
    .data                                    0x20000020   Section       60  tasks.o(.data)
    pxDelayedTaskList                        0x20000024   Data           4  tasks.o(.data)
    pxOverflowDelayedTaskList                0x20000028   Data           4  tasks.o(.data)
    uxDeletedTasksWaitingCleanUp             0x2000002c   Data           4  tasks.o(.data)
    uxCurrentNumberOfTasks                   0x20000030   Data           4  tasks.o(.data)
    xTickCount                               0x20000034   Data           4  tasks.o(.data)
    uxTopReadyPriority                       0x20000038   Data           4  tasks.o(.data)
    xSchedulerRunning                        0x2000003c   Data           4  tasks.o(.data)
    uxPendedTicks                            0x20000040   Data           4  tasks.o(.data)
    xYieldPending                            0x20000044   Data           4  tasks.o(.data)
    xNumOfOverflows                          0x20000048   Data           4  tasks.o(.data)
    uxTaskNumber                             0x2000004c   Data           4  tasks.o(.data)
    xNextTaskUnblockTime                     0x20000050   Data           4  tasks.o(.data)
    xIdleTaskHandle                          0x20000054   Data           4  tasks.o(.data)
    uxSchedulerSuspended                     0x20000058   Data           4  tasks.o(.data)
    .data                                    0x2000005c   Section       24  heap_4.o(.data)
    pxEnd                                    0x2000005c   Data           4  heap_4.o(.data)
    xFreeBytesRemaining                      0x20000060   Data           4  heap_4.o(.data)
    xMinimumEverFreeBytesRemaining           0x20000064   Data           4  heap_4.o(.data)
    xBlockAllocatedBit                       0x20000068   Data           4  heap_4.o(.data)
    xStart                                   0x2000006c   Data           8  heap_4.o(.data)
    .data                                    0x20000074   Section       12  port.o(.data)
    ucMaxSysCallPriority                     0x20000074   Data           1  port.o(.data)
    uxCriticalNesting                        0x20000078   Data           4  port.o(.data)
    ulMaxPRIGROUPValue                       0x2000007c   Data           4  port.o(.data)
    .data                                    0x20000080   Section       44  dr16_remote.o(.data)
    .data                                    0x200000ac   Section       12  djimotor.o(.data)
    .data                                    0x200000b8   Section       12  bldcmotor.o(.data)
    .data                                    0x200000c4   Section       24  bldcmotor.o(.data)
    .bss                                     0x200000dc   Section       40  can.o(.bss)
    .bss                                     0x20000104   Section       40  can.o(.bss)
    .bss                                     0x2000012c   Section       80  can.o(.bss)
    .bss                                     0x2000017c   Section      596  freertos.o(.bss)
    xIdleTaskTCBBuffer                       0x2000017c   Data          84  freertos.o(.bss)
    xIdleStack                               0x200001d0   Data         512  freertos.o(.bss)
    .bss                                     0x200003d0   Section      160  usart.o(.bss)
    .bss                                     0x20000470   Section       64  stm32f4xx_hal_timebase_tim.o(.bss)
    .bss                                     0x200004b0   Section      700  tasks.o(.bss)
    pxReadyTasksLists                        0x200004b0   Data         620  tasks.o(.bss)
    xDelayedTaskList1                        0x2000071c   Data          20  tasks.o(.bss)
    xDelayedTaskList2                        0x20000730   Data          20  tasks.o(.bss)
    xPendingReadyList                        0x20000744   Data          20  tasks.o(.bss)
    xTasksWaitingTermination                 0x20000758   Data          20  tasks.o(.bss)
    .bss                                     0x2000076c   Section    15360  heap_4.o(.bss)
    ucHeap                                   0x2000076c   Data       15360  heap_4.o(.bss)
    .bss                                     0x2000436c   Section       40  dr16_remote.o(.bss)
    .bss                                     0x20004394   Section      800  djimotor.o(.bss)
    .bss                                     0x200046b4   Section      368  bldcmotor.o(.bss)
    .bss                                     0x20004824   Section       96  libspace.o(.bss)
    HEAP                                     0x20004888   Section      512  startup_stm32f427xx.o(HEAP)
    Heap_Mem                                 0x20004888   Data         512  startup_stm32f427xx.o(HEAP)
    STACK                                    0x20004a88   Section     1024  startup_stm32f427xx.o(STACK)
    Stack_Mem                                0x20004a88   Data        1024  startup_stm32f427xx.o(STACK)
    __initial_sp                             0x20004e88   Data           0  startup_stm32f427xx.o(STACK)

    Global Symbols

    Symbol Name                              Value     Ov Type        Size  Object(Section)

    BuildAttributes$$THM_ISAv4$E$P$D$K$B$S$7EM$VFPi3$EXTD16$VFPS$VFMA$PE$A:L22UL41UL21$X:L11$S22US41US21$IEEE1$IW$USESV6$~STKCKD$USESV7$~SHL$OSPACE$ROPI$EBA8$UX$STANDARDLIB$REQ8$PRES8$EABIv2 0x00000000   Number         0  anon$$obj.o ABSOLUTE
    __ARM_use_no_argv                        0x00000000   Number         0  main.o ABSOLUTE
    __ARM_exceptions_init                     - Undefined Weak Reference
    __alloca_initialize                       - Undefined Weak Reference
    __arm_preinit_                            - Undefined Weak Reference
    __cpp_initialize__aeabi_                  - Undefined Weak Reference
    __cxa_finalize                            - Undefined Weak Reference
    __rt_locale                               - Undefined Weak Reference
    __sigvec_lookup                           - Undefined Weak Reference
    _atexit_init                              - Undefined Weak Reference
    _call_atexit_fns                          - Undefined Weak Reference
    _clock_init                               - Undefined Weak Reference
    _fp_trap_init                             - Undefined Weak Reference
    _fp_trap_shutdown                         - Undefined Weak Reference
    _get_lc_collate                           - Undefined Weak Reference
    _get_lc_ctype                             - Undefined Weak Reference
    _get_lc_monetary                          - Undefined Weak Reference
    _get_lc_numeric                           - Undefined Weak Reference
    _get_lc_time                              - Undefined Weak Reference
    _getenv_init                              - Undefined Weak Reference
    _handle_redirection                       - Undefined Weak Reference
    _init_alloc                               - Undefined Weak Reference
    _init_user_alloc                          - Undefined Weak Reference
    _initio                                   - Undefined Weak Reference
    _rand_init                                - Undefined Weak Reference
    _signal_finish                            - Undefined Weak Reference
    _signal_init                              - Undefined Weak Reference
    _terminate_alloc                          - Undefined Weak Reference
    _terminate_user_alloc                     - Undefined Weak Reference
    _terminateio                              - Undefined Weak Reference
    __Vectors_Size                           0x000001ac   Number         0  startup_stm32f427xx.o ABSOLUTE
    __Vectors                                0x08000000   Data           4  startup_stm32f427xx.o(RESET)
    __Vectors_End                            0x080001ac   Data           0  startup_stm32f427xx.o(RESET)
    __main                                   0x080001ad   Thumb Code     8  __main.o(!!!main)
    __scatterload                            0x080001b5   Thumb Code     0  __scatter.o(!!!scatter)
    __scatterload_rt2                        0x080001b5   Thumb Code    44  __scatter.o(!!!scatter)
    __scatterload_rt2_thumb_only             0x080001b5   Thumb Code     0  __scatter.o(!!!scatter)
    __scatterload_null                       0x080001c3   Thumb Code     0  __scatter.o(!!!scatter)
    __scatterload_copy                       0x080001e9   Thumb Code    26  __scatter_copy.o(!!handler_copy)
    __scatterload_zeroinit                   0x08000205   Thumb Code    28  __scatter_zi.o(!!handler_zi)
    __rt_lib_init                            0x08000221   Thumb Code     0  libinit.o(.ARM.Collect$$libinit$$00000000)
    __rt_lib_init_fp_1                       0x08000223   Thumb Code     0  libinit2.o(.ARM.Collect$$libinit$$00000001)
    __rt_lib_init_alloca_1                   0x08000227   Thumb Code     0  libinit2.o(.ARM.Collect$$libinit$$0000002E)
    __rt_lib_init_argv_1                     0x08000227   Thumb Code     0  libinit2.o(.ARM.Collect$$libinit$$0000002C)
    __rt_lib_init_atexit_1                   0x08000227   Thumb Code     0  libinit2.o(.ARM.Collect$$libinit$$0000001B)
    __rt_lib_init_clock_1                    0x08000227   Thumb Code     0  libinit2.o(.ARM.Collect$$libinit$$00000021)
    __rt_lib_init_cpp_1                      0x08000227   Thumb Code     0  libinit2.o(.ARM.Collect$$libinit$$00000032)
    __rt_lib_init_exceptions_1               0x08000227   Thumb Code     0  libinit2.o(.ARM.Collect$$libinit$$00000030)
    __rt_lib_init_fp_trap_1                  0x08000227   Thumb Code     0  libinit2.o(.ARM.Collect$$libinit$$0000001F)
    __rt_lib_init_getenv_1                   0x08000227   Thumb Code     0  libinit2.o(.ARM.Collect$$libinit$$00000023)
    __rt_lib_init_heap_1                     0x08000227   Thumb Code     0  libinit2.o(.ARM.Collect$$libinit$$0000000A)
    __rt_lib_init_lc_collate_1               0x08000227   Thumb Code     0  libinit2.o(.ARM.Collect$$libinit$$00000011)
    __rt_lib_init_lc_ctype_1                 0x08000227   Thumb Code     0  libinit2.o(.ARM.Collect$$libinit$$00000013)
    __rt_lib_init_lc_monetary_1              0x08000227   Thumb Code     0  libinit2.o(.ARM.Collect$$libinit$$00000015)
    __rt_lib_init_lc_numeric_1               0x08000227   Thumb Code     0  libinit2.o(.ARM.Collect$$libinit$$00000017)
    __rt_lib_init_lc_time_1                  0x08000227   Thumb Code     0  libinit2.o(.ARM.Collect$$libinit$$00000019)
    __rt_lib_init_preinit_1                  0x08000227   Thumb Code     0  libinit2.o(.ARM.Collect$$libinit$$00000004)
    __rt_lib_init_rand_1                     0x08000227   Thumb Code     0  libinit2.o(.ARM.Collect$$libinit$$0000000E)
    __rt_lib_init_return                     0x08000227   Thumb Code     0  libinit2.o(.ARM.Collect$$libinit$$00000033)
    __rt_lib_init_signal_1                   0x08000227   Thumb Code     0  libinit2.o(.ARM.Collect$$libinit$$0000001D)
    __rt_lib_init_stdio_1                    0x08000227   Thumb Code     0  libinit2.o(.ARM.Collect$$libinit$$00000025)
    __rt_lib_init_user_alloc_1               0x08000227   Thumb Code     0  libinit2.o(.ARM.Collect$$libinit$$0000000C)
    __rt_lib_shutdown                        0x08000229   Thumb Code     0  libshutdown.o(.ARM.Collect$$libshutdown$$00000000)
    __rt_lib_shutdown_cpp_1                  0x0800022b   Thumb Code     0  libshutdown2.o(.ARM.Collect$$libshutdown$$00000002)
    __rt_lib_shutdown_fp_trap_1              0x0800022b   Thumb Code     0  libshutdown2.o(.ARM.Collect$$libshutdown$$00000007)
    __rt_lib_shutdown_heap_1                 0x0800022b   Thumb Code     0  libshutdown2.o(.ARM.Collect$$libshutdown$$0000000F)
    __rt_lib_shutdown_return                 0x0800022b   Thumb Code     0  libshutdown2.o(.ARM.Collect$$libshutdown$$00000010)
    __rt_lib_shutdown_signal_1               0x0800022b   Thumb Code     0  libshutdown2.o(.ARM.Collect$$libshutdown$$0000000A)
    __rt_lib_shutdown_stdio_1                0x0800022b   Thumb Code     0  libshutdown2.o(.ARM.Collect$$libshutdown$$00000004)
    __rt_lib_shutdown_user_alloc_1           0x0800022b   Thumb Code     0  libshutdown2.o(.ARM.Collect$$libshutdown$$0000000C)
    __rt_entry                               0x0800022d   Thumb Code     0  __rtentry.o(.ARM.Collect$$rtentry$$00000000)
    __rt_entry_presh_1                       0x0800022d   Thumb Code     0  __rtentry2.o(.ARM.Collect$$rtentry$$00000002)
    __rt_entry_sh                            0x0800022d   Thumb Code     0  __rtentry4.o(.ARM.Collect$$rtentry$$00000004)
    __rt_entry_li                            0x08000233   Thumb Code     0  __rtentry2.o(.ARM.Collect$$rtentry$$0000000A)
    __rt_entry_postsh_1                      0x08000233   Thumb Code     0  __rtentry2.o(.ARM.Collect$$rtentry$$00000009)
    __rt_entry_main                          0x08000237   Thumb Code     0  __rtentry2.o(.ARM.Collect$$rtentry$$0000000D)
    __rt_entry_postli_1                      0x08000237   Thumb Code     0  __rtentry2.o(.ARM.Collect$$rtentry$$0000000C)
    __rt_exit                                0x0800023f   Thumb Code     0  rtexit.o(.ARM.Collect$$rtexit$$00000000)
    __rt_exit_ls                             0x08000241   Thumb Code     0  rtexit2.o(.ARM.Collect$$rtexit$$00000003)
    __rt_exit_prels_1                        0x08000241   Thumb Code     0  rtexit2.o(.ARM.Collect$$rtexit$$00000002)
    __rt_exit_exit                           0x08000245   Thumb Code     0  rtexit2.o(.ARM.Collect$$rtexit$$00000004)
    SVC_Handler                              0x0800024d   Thumb Code    28  port.o(.emb_text)
    __asm___6_port_c_39a90d8d__prvStartFirstTask 0x0800026d   Thumb Code    36  port.o(.emb_text)
    __asm___6_port_c_39a90d8d__prvEnableVFP  0x08000295   Thumb Code    16  port.o(.emb_text)
    PendSV_Handler                           0x080002a9   Thumb Code    88  port.o(.emb_text)
    vPortGetIPSR                             0x08000305   Thumb Code     6  port.o(.emb_text)
    Reset_Handler                            0x0800030d   Thumb Code     8  startup_stm32f427xx.o(.text)
    ADC_IRQHandler                           0x08000327   Thumb Code     0  startup_stm32f427xx.o(.text)
    CAN1_RX1_IRQHandler                      0x08000327   Thumb Code     0  startup_stm32f427xx.o(.text)
    CAN1_SCE_IRQHandler                      0x08000327   Thumb Code     0  startup_stm32f427xx.o(.text)
    CAN1_TX_IRQHandler                       0x08000327   Thumb Code     0  startup_stm32f427xx.o(.text)
    CAN2_RX1_IRQHandler                      0x08000327   Thumb Code     0  startup_stm32f427xx.o(.text)
    CAN2_SCE_IRQHandler                      0x08000327   Thumb Code     0  startup_stm32f427xx.o(.text)
    CAN2_TX_IRQHandler                       0x08000327   Thumb Code     0  startup_stm32f427xx.o(.text)
    DCMI_IRQHandler                          0x08000327   Thumb Code     0  startup_stm32f427xx.o(.text)
    DMA1_Stream0_IRQHandler                  0x08000327   Thumb Code     0  startup_stm32f427xx.o(.text)
    DMA1_Stream1_IRQHandler                  0x08000327   Thumb Code     0  startup_stm32f427xx.o(.text)
    DMA1_Stream2_IRQHandler                  0x08000327   Thumb Code     0  startup_stm32f427xx.o(.text)
    DMA1_Stream3_IRQHandler                  0x08000327   Thumb Code     0  startup_stm32f427xx.o(.text)
    DMA1_Stream4_IRQHandler                  0x08000327   Thumb Code     0  startup_stm32f427xx.o(.text)
    DMA1_Stream5_IRQHandler                  0x08000327   Thumb Code     0  startup_stm32f427xx.o(.text)
    DMA1_Stream6_IRQHandler                  0x08000327   Thumb Code     0  startup_stm32f427xx.o(.text)
    DMA1_Stream7_IRQHandler                  0x08000327   Thumb Code     0  startup_stm32f427xx.o(.text)
    DMA2D_IRQHandler                         0x08000327   Thumb Code     0  startup_stm32f427xx.o(.text)
    DMA2_Stream0_IRQHandler                  0x08000327   Thumb Code     0  startup_stm32f427xx.o(.text)
    DMA2_Stream1_IRQHandler                  0x08000327   Thumb Code     0  startup_stm32f427xx.o(.text)
    DMA2_Stream3_IRQHandler                  0x08000327   Thumb Code     0  startup_stm32f427xx.o(.text)
    DMA2_Stream4_IRQHandler                  0x08000327   Thumb Code     0  startup_stm32f427xx.o(.text)
    DMA2_Stream5_IRQHandler                  0x08000327   Thumb Code     0  startup_stm32f427xx.o(.text)
    DMA2_Stream6_IRQHandler                  0x08000327   Thumb Code     0  startup_stm32f427xx.o(.text)
    DMA2_Stream7_IRQHandler                  0x08000327   Thumb Code     0  startup_stm32f427xx.o(.text)
    ETH_IRQHandler                           0x08000327   Thumb Code     0  startup_stm32f427xx.o(.text)
    ETH_WKUP_IRQHandler                      0x08000327   Thumb Code     0  startup_stm32f427xx.o(.text)
    EXTI0_IRQHandler                         0x08000327   Thumb Code     0  startup_stm32f427xx.o(.text)
    EXTI15_10_IRQHandler                     0x08000327   Thumb Code     0  startup_stm32f427xx.o(.text)
    EXTI1_IRQHandler                         0x08000327   Thumb Code     0  startup_stm32f427xx.o(.text)
    EXTI2_IRQHandler                         0x08000327   Thumb Code     0  startup_stm32f427xx.o(.text)
    EXTI3_IRQHandler                         0x08000327   Thumb Code     0  startup_stm32f427xx.o(.text)
    EXTI4_IRQHandler                         0x08000327   Thumb Code     0  startup_stm32f427xx.o(.text)
    EXTI9_5_IRQHandler                       0x08000327   Thumb Code     0  startup_stm32f427xx.o(.text)
    FLASH_IRQHandler                         0x08000327   Thumb Code     0  startup_stm32f427xx.o(.text)
    FMC_IRQHandler                           0x08000327   Thumb Code     0  startup_stm32f427xx.o(.text)
    FPU_IRQHandler                           0x08000327   Thumb Code     0  startup_stm32f427xx.o(.text)
    HASH_RNG_IRQHandler                      0x08000327   Thumb Code     0  startup_stm32f427xx.o(.text)
    I2C1_ER_IRQHandler                       0x08000327   Thumb Code     0  startup_stm32f427xx.o(.text)
    I2C1_EV_IRQHandler                       0x08000327   Thumb Code     0  startup_stm32f427xx.o(.text)
    I2C2_ER_IRQHandler                       0x08000327   Thumb Code     0  startup_stm32f427xx.o(.text)
    I2C2_EV_IRQHandler                       0x08000327   Thumb Code     0  startup_stm32f427xx.o(.text)
    I2C3_ER_IRQHandler                       0x08000327   Thumb Code     0  startup_stm32f427xx.o(.text)
    I2C3_EV_IRQHandler                       0x08000327   Thumb Code     0  startup_stm32f427xx.o(.text)
    OTG_FS_IRQHandler                        0x08000327   Thumb Code     0  startup_stm32f427xx.o(.text)
    OTG_FS_WKUP_IRQHandler                   0x08000327   Thumb Code     0  startup_stm32f427xx.o(.text)
    OTG_HS_EP1_IN_IRQHandler                 0x08000327   Thumb Code     0  startup_stm32f427xx.o(.text)
    OTG_HS_EP1_OUT_IRQHandler                0x08000327   Thumb Code     0  startup_stm32f427xx.o(.text)
    OTG_HS_IRQHandler                        0x08000327   Thumb Code     0  startup_stm32f427xx.o(.text)
    OTG_HS_WKUP_IRQHandler                   0x08000327   Thumb Code     0  startup_stm32f427xx.o(.text)
    PVD_IRQHandler                           0x08000327   Thumb Code     0  startup_stm32f427xx.o(.text)
    RCC_IRQHandler                           0x08000327   Thumb Code     0  startup_stm32f427xx.o(.text)
    RTC_Alarm_IRQHandler                     0x08000327   Thumb Code     0  startup_stm32f427xx.o(.text)
    RTC_WKUP_IRQHandler                      0x08000327   Thumb Code     0  startup_stm32f427xx.o(.text)
    SAI1_IRQHandler                          0x08000327   Thumb Code     0  startup_stm32f427xx.o(.text)
    SDIO_IRQHandler                          0x08000327   Thumb Code     0  startup_stm32f427xx.o(.text)
    SPI1_IRQHandler                          0x08000327   Thumb Code     0  startup_stm32f427xx.o(.text)
    SPI2_IRQHandler                          0x08000327   Thumb Code     0  startup_stm32f427xx.o(.text)
    SPI3_IRQHandler                          0x08000327   Thumb Code     0  startup_stm32f427xx.o(.text)
    SPI4_IRQHandler                          0x08000327   Thumb Code     0  startup_stm32f427xx.o(.text)
    SPI5_IRQHandler                          0x08000327   Thumb Code     0  startup_stm32f427xx.o(.text)
    SPI6_IRQHandler                          0x08000327   Thumb Code     0  startup_stm32f427xx.o(.text)
    TAMP_STAMP_IRQHandler                    0x08000327   Thumb Code     0  startup_stm32f427xx.o(.text)
    TIM1_BRK_TIM9_IRQHandler                 0x08000327   Thumb Code     0  startup_stm32f427xx.o(.text)
    TIM1_CC_IRQHandler                       0x08000327   Thumb Code     0  startup_stm32f427xx.o(.text)
    TIM1_TRG_COM_TIM11_IRQHandler            0x08000327   Thumb Code     0  startup_stm32f427xx.o(.text)
    TIM1_UP_TIM10_IRQHandler                 0x08000327   Thumb Code     0  startup_stm32f427xx.o(.text)
    TIM2_IRQHandler                          0x08000327   Thumb Code     0  startup_stm32f427xx.o(.text)
    TIM3_IRQHandler                          0x08000327   Thumb Code     0  startup_stm32f427xx.o(.text)
    TIM4_IRQHandler                          0x08000327   Thumb Code     0  startup_stm32f427xx.o(.text)
    TIM5_IRQHandler                          0x08000327   Thumb Code     0  startup_stm32f427xx.o(.text)
    TIM7_IRQHandler                          0x08000327   Thumb Code     0  startup_stm32f427xx.o(.text)
    TIM8_BRK_TIM12_IRQHandler                0x08000327   Thumb Code     0  startup_stm32f427xx.o(.text)
    TIM8_CC_IRQHandler                       0x08000327   Thumb Code     0  startup_stm32f427xx.o(.text)
    TIM8_TRG_COM_TIM14_IRQHandler            0x08000327   Thumb Code     0  startup_stm32f427xx.o(.text)
    TIM8_UP_TIM13_IRQHandler                 0x08000327   Thumb Code     0  startup_stm32f427xx.o(.text)
    UART4_IRQHandler                         0x08000327   Thumb Code     0  startup_stm32f427xx.o(.text)
    UART5_IRQHandler                         0x08000327   Thumb Code     0  startup_stm32f427xx.o(.text)
    UART7_IRQHandler                         0x08000327   Thumb Code     0  startup_stm32f427xx.o(.text)
    UART8_IRQHandler                         0x08000327   Thumb Code     0  startup_stm32f427xx.o(.text)
    USART2_IRQHandler                        0x08000327   Thumb Code     0  startup_stm32f427xx.o(.text)
    USART3_IRQHandler                        0x08000327   Thumb Code     0  startup_stm32f427xx.o(.text)
    USART6_IRQHandler                        0x08000327   Thumb Code     0  startup_stm32f427xx.o(.text)
    WWDG_IRQHandler                          0x08000327   Thumb Code     0  startup_stm32f427xx.o(.text)
    __user_initial_stackheap                 0x08000329   Thumb Code     0  startup_stm32f427xx.o(.text)
    __aeabi_uldivmod                         0x0800034d   Thumb Code     0  lludivv7m.o(.text)
    _ll_udiv                                 0x0800034d   Thumb Code   238  lludivv7m.o(.text)
    __aeabi_memcpy                           0x0800043b   Thumb Code     0  rt_memcpy_v6.o(.text)
    __rt_memcpy                              0x0800043b   Thumb Code   138  rt_memcpy_v6.o(.text)
    _memcpy_lastbytes                        0x080004a1   Thumb Code     0  rt_memcpy_v6.o(.text)
    __aeabi_memcpy4                          0x080004c5   Thumb Code     0  rt_memcpy_w.o(.text)
    __aeabi_memcpy8                          0x080004c5   Thumb Code     0  rt_memcpy_w.o(.text)
    __rt_memcpy_w                            0x080004c5   Thumb Code   100  rt_memcpy_w.o(.text)
    _memcpy_lastbytes_aligned                0x0800050d   Thumb Code     0  rt_memcpy_w.o(.text)
    __aeabi_memclr4                          0x08000529   Thumb Code     0  rt_memclr_w.o(.text)
    __aeabi_memclr8                          0x08000529   Thumb Code     0  rt_memclr_w.o(.text)
    __rt_memclr_w                            0x08000529   Thumb Code    78  rt_memclr_w.o(.text)
    _memset_w                                0x0800052d   Thumb Code     0  rt_memclr_w.o(.text)
    __use_two_region_memory                  0x08000577   Thumb Code     2  heapauxi.o(.text)
    __rt_heap_escrow$2region                 0x08000579   Thumb Code     2  heapauxi.o(.text)
    __rt_heap_expand$2region                 0x0800057b   Thumb Code     2  heapauxi.o(.text)
    __user_setup_stackheap                   0x0800057d   Thumb Code    74  sys_stackheap_outer.o(.text)
    exit                                     0x080005c7   Thumb Code    18  exit.o(.text)
    __user_libspace                          0x080005d9   Thumb Code     8  libspace.o(.text)
    __user_perproc_libspace                  0x080005d9   Thumb Code     0  libspace.o(.text)
    __user_perthread_libspace                0x080005d9   Thumb Code     0  libspace.o(.text)
    _sys_exit                                0x080005e1   Thumb Code     8  sys_exit.o(.text)
    __I$use$semihosting                      0x080005ed   Thumb Code     0  use_no_semi.o(.text)
    __use_no_semihosting_swi                 0x080005ed   Thumb Code     2  use_no_semi.o(.text)
    __semihosting_library_function           0x080005ef   Thumb Code     0  indicate_semi.o(.text)
    BLDCMotor_Process                        0x080005f1   Thumb Code   454  bldcmotor.o(i.BLDCMotor_Process)
    BLDC_Motor_CAN2_IT_Init                  0x080007cd   Thumb Code    46  bldcmotor.o(i.BLDC_Motor_CAN2_IT_Init)
    BusFault_Handler                         0x08000805   Thumb Code     2  stm32f4xx_it.o(i.BusFault_Handler)
    CAN1_FILTER_Init                         0x08000809   Thumb Code    42  can.o(i.CAN1_FILTER_Init)
    CAN1_Handler                             0x08000839   Thumb Code    52  djimotor.o(i.CAN1_Handler)
    CAN1_RX0_IRQHandler                      0x08000875   Thumb Code    30  stm32f4xx_it.o(i.CAN1_RX0_IRQHandler)
    CAN2_FILTER_Init                         0x080008a1   Thumb Code    42  can.o(i.CAN2_FILTER_Init)
    CAN2_Handler                             0x080008d1   Thumb Code    52  bldcmotor.o(i.CAN2_Handler)
    CAN2_RX0_IRQHandler                      0x0800090d   Thumb Code    30  stm32f4xx_it.o(i.CAN2_RX0_IRQHandler)
    CANTaskEnter                             0x08000939   Thumb Code    96  freertos.o(i.CANTaskEnter)
    DJI_Motor3508Process                     0x080009a5   Thumb Code   124  djimotor.o(i.DJI_Motor3508Process)
    DJI_Motor_CAN1_IT_Init                   0x08000a25   Thumb Code    46  djimotor.o(i.DJI_Motor_CAN1_IT_Init)
    DMA2_Stream2_IRQHandler                  0x08000a5d   Thumb Code     6  stm32f4xx_it.o(i.DMA2_Stream2_IRQHandler)
    DR16_Handler                             0x08000b0d   Thumb Code    76  dr16_remote.o(i.DR16_Handler)
    DR16_Process                             0x08000b61   Thumb Code   250  dr16_remote.o(i.DR16_Process)
    DR16_ReInit                              0x08000c65   Thumb Code    32  dr16_remote.o(i.DR16_ReInit)
    DR16_USART1_IT_Init                      0x08000c89   Thumb Code    74  dr16_remote.o(i.DR16_USART1_IT_Init)
    DebugMon_Handler                         0x08000cdd   Thumb Code     2  stm32f4xx_it.o(i.DebugMon_Handler)
    Error_Handler                            0x08000cdf   Thumb Code     2  main.o(i.Error_Handler)
    HAL_CAN_ConfigFilter                     0x08000ce1   Thumb Code   262  stm32f4xx_hal_can.o(i.HAL_CAN_ConfigFilter)
    HAL_CAN_ErrorCallback                    0x08000ded   Thumb Code     2  stm32f4xx_hal_can.o(i.HAL_CAN_ErrorCallback)
    HAL_CAN_GetRxMessage                     0x08000def   Thumb Code   232  stm32f4xx_hal_can.o(i.HAL_CAN_GetRxMessage)
    HAL_CAN_IRQHandler                       0x08000ed7   Thumb Code   508  stm32f4xx_hal_can.o(i.HAL_CAN_IRQHandler)
    HAL_CAN_Init                             0x080010d3   Thumb Code   282  stm32f4xx_hal_can.o(i.HAL_CAN_Init)
    HAL_CAN_MspInit                          0x080011ed   Thumb Code   228  can.o(i.HAL_CAN_MspInit)
    HAL_CAN_RxFifo0FullCallback              0x080012e9   Thumb Code     2  stm32f4xx_hal_can.o(i.HAL_CAN_RxFifo0FullCallback)
    HAL_CAN_RxFifo0MsgPendingCallback        0x080012eb   Thumb Code     2  stm32f4xx_hal_can.o(i.HAL_CAN_RxFifo0MsgPendingCallback)
    HAL_CAN_RxFifo1FullCallback              0x080012ed   Thumb Code     2  stm32f4xx_hal_can.o(i.HAL_CAN_RxFifo1FullCallback)
    HAL_CAN_RxFifo1MsgPendingCallback        0x080012ef   Thumb Code     2  stm32f4xx_hal_can.o(i.HAL_CAN_RxFifo1MsgPendingCallback)
    HAL_CAN_SleepCallback                    0x080012f1   Thumb Code     2  stm32f4xx_hal_can.o(i.HAL_CAN_SleepCallback)
    HAL_CAN_Start                            0x080012f5   Thumb Code    88  stm32f4xx_hal_can.o(i.HAL_CAN_Start)
    HAL_CAN_TxMailbox0AbortCallback          0x0800134d   Thumb Code     2  stm32f4xx_hal_can.o(i.HAL_CAN_TxMailbox0AbortCallback)
    HAL_CAN_TxMailbox0CompleteCallback       0x0800134f   Thumb Code     2  stm32f4xx_hal_can.o(i.HAL_CAN_TxMailbox0CompleteCallback)
    HAL_CAN_TxMailbox1AbortCallback          0x08001351   Thumb Code     2  stm32f4xx_hal_can.o(i.HAL_CAN_TxMailbox1AbortCallback)
    HAL_CAN_TxMailbox1CompleteCallback       0x08001353   Thumb Code     2  stm32f4xx_hal_can.o(i.HAL_CAN_TxMailbox1CompleteCallback)
    HAL_CAN_TxMailbox2AbortCallback          0x08001355   Thumb Code     2  stm32f4xx_hal_can.o(i.HAL_CAN_TxMailbox2AbortCallback)
    HAL_CAN_TxMailbox2CompleteCallback       0x08001357   Thumb Code     2  stm32f4xx_hal_can.o(i.HAL_CAN_TxMailbox2CompleteCallback)
    HAL_CAN_WakeUpFromRxMsgCallback          0x08001359   Thumb Code     2  stm32f4xx_hal_can.o(i.HAL_CAN_WakeUpFromRxMsgCallback)
    HAL_DMA_Abort_IT                         0x0800135b   Thumb Code    36  stm32f4xx_hal_dma.o(i.HAL_DMA_Abort_IT)
    HAL_DMA_IRQHandler                       0x08001381   Thumb Code   412  stm32f4xx_hal_dma.o(i.HAL_DMA_IRQHandler)
    HAL_DMA_Init                             0x08001521   Thumb Code   206  stm32f4xx_hal_dma.o(i.HAL_DMA_Init)
    HAL_DMA_Start                            0x080015f5   Thumb Code    70  stm32f4xx_hal_dma.o(i.HAL_DMA_Start)
    HAL_GPIO_Init                            0x0800163d   Thumb Code   414  stm32f4xx_hal_gpio.o(i.HAL_GPIO_Init)
    HAL_GPIO_TogglePin                       0x08001811   Thumb Code    14  stm32f4xx_hal_gpio.o(i.HAL_GPIO_TogglePin)
    HAL_GPIO_WritePin                        0x0800181f   Thumb Code    10  stm32f4xx_hal_gpio.o(i.HAL_GPIO_WritePin)
    HAL_GetTick                              0x08001829   Thumb Code     6  stm32f4xx_hal.o(i.HAL_GetTick)
    HAL_IncTick                              0x08001835   Thumb Code    12  stm32f4xx_hal.o(i.HAL_IncTick)
    HAL_Init                                 0x08001845   Thumb Code    48  stm32f4xx_hal.o(i.HAL_Init)
    HAL_InitTick                             0x08001879   Thumb Code   100  stm32f4xx_hal_timebase_tim.o(i.HAL_InitTick)
    HAL_MspInit                              0x080018ed   Thumb Code    52  stm32f4xx_hal_msp.o(i.HAL_MspInit)
    HAL_NVIC_EnableIRQ                       0x08001925   Thumb Code    26  stm32f4xx_hal_cortex.o(i.HAL_NVIC_EnableIRQ)
    HAL_NVIC_SetPriority                     0x08001941   Thumb Code    60  stm32f4xx_hal_cortex.o(i.HAL_NVIC_SetPriority)
    HAL_NVIC_SetPriorityGrouping             0x08001981   Thumb Code    26  stm32f4xx_hal_cortex.o(i.HAL_NVIC_SetPriorityGrouping)
    HAL_PWREx_EnableOverDrive                0x080019a5   Thumb Code    98  stm32f4xx_hal_pwr_ex.o(i.HAL_PWREx_EnableOverDrive)
    HAL_RCC_ClockConfig                      0x08001a15   Thumb Code   288  stm32f4xx_hal_rcc.o(i.HAL_RCC_ClockConfig)
    HAL_RCC_GetClockConfig                   0x08001b49   Thumb Code    54  stm32f4xx_hal_rcc.o(i.HAL_RCC_GetClockConfig)
    HAL_RCC_GetPCLK1Freq                     0x08001b89   Thumb Code    20  stm32f4xx_hal_rcc.o(i.HAL_RCC_GetPCLK1Freq)
    HAL_RCC_GetPCLK2Freq                     0x08001ba9   Thumb Code    20  stm32f4xx_hal_rcc.o(i.HAL_RCC_GetPCLK2Freq)
    HAL_RCC_GetSysClockFreq                  0x08001bc9   Thumb Code    88  stm32f4xx_hal_rcc.o(i.HAL_RCC_GetSysClockFreq)
    HAL_RCC_OscConfig                        0x08001c2d   Thumb Code   840  stm32f4xx_hal_rcc.o(i.HAL_RCC_OscConfig)
    HAL_TIMEx_BreakCallback                  0x08001f89   Thumb Code     2  stm32f4xx_hal_tim_ex.o(i.HAL_TIMEx_BreakCallback)
    HAL_TIMEx_CommutCallback                 0x08001f8b   Thumb Code     2  stm32f4xx_hal_tim_ex.o(i.HAL_TIMEx_CommutCallback)
    HAL_TIM_Base_Init                        0x08001f8d   Thumb Code    54  stm32f4xx_hal_tim.o(i.HAL_TIM_Base_Init)
    HAL_TIM_Base_MspInit                     0x08001fc3   Thumb Code     2  stm32f4xx_hal_tim.o(i.HAL_TIM_Base_MspInit)
    HAL_TIM_Base_Start_IT                    0x08001fc5   Thumb Code    34  stm32f4xx_hal_tim.o(i.HAL_TIM_Base_Start_IT)
    HAL_TIM_IC_CaptureCallback               0x08001fe7   Thumb Code     2  stm32f4xx_hal_tim.o(i.HAL_TIM_IC_CaptureCallback)
    HAL_TIM_IRQHandler                       0x08001fe9   Thumb Code   358  stm32f4xx_hal_tim.o(i.HAL_TIM_IRQHandler)
    HAL_TIM_OC_DelayElapsedCallback          0x0800214f   Thumb Code     2  stm32f4xx_hal_tim.o(i.HAL_TIM_OC_DelayElapsedCallback)
    HAL_TIM_PWM_PulseFinishedCallback        0x08002151   Thumb Code     2  stm32f4xx_hal_tim.o(i.HAL_TIM_PWM_PulseFinishedCallback)
    HAL_TIM_PeriodElapsedCallback            0x08002155   Thumb Code    14  main.o(i.HAL_TIM_PeriodElapsedCallback)
    HAL_TIM_TriggerCallback                  0x08002169   Thumb Code     2  stm32f4xx_hal_tim.o(i.HAL_TIM_TriggerCallback)
    HAL_UART_ErrorCallback                   0x0800216b   Thumb Code     2  stm32f4xx_hal_uart.o(i.HAL_UART_ErrorCallback)
    HAL_UART_IRQHandler                      0x0800216d   Thumb Code   270  stm32f4xx_hal_uart.o(i.HAL_UART_IRQHandler)
    HAL_UART_Init                            0x08002281   Thumb Code    98  stm32f4xx_hal_uart.o(i.HAL_UART_Init)
    HAL_UART_MspInit                         0x080022e5   Thumb Code   156  usart.o(i.HAL_UART_MspInit)
    HAL_UART_RxCpltCallback                  0x08002395   Thumb Code     2  stm32f4xx_hal_uart.o(i.HAL_UART_RxCpltCallback)
    HAL_UART_TxCpltCallback                  0x08002397   Thumb Code     2  stm32f4xx_hal_uart.o(i.HAL_UART_TxCpltCallback)
    HardFault_Handler                        0x08002399   Thumb Code     2  stm32f4xx_it.o(i.HardFault_Handler)
    MX_CAN1_Init                             0x0800239d   Thumb Code    60  can.o(i.MX_CAN1_Init)
    MX_CAN2_Init                             0x080023e1   Thumb Code    60  can.o(i.MX_CAN2_Init)
    MX_DMA_Init                              0x08002425   Thumb Code    40  dma.o(i.MX_DMA_Init)
    MX_FREERTOS_Init                         0x08002451   Thumb Code    74  freertos.o(i.MX_FREERTOS_Init)
    MX_GPIO_Init                             0x080024a5   Thumb Code   134  gpio.o(i.MX_GPIO_Init)
    MX_USART1_UART_Init                      0x08002535   Thumb Code    46  usart.o(i.MX_USART1_UART_Init)
    MemManage_Handler                        0x08002571   Thumb Code     2  stm32f4xx_it.o(i.MemManage_Handler)
    NMI_Handler                              0x08002573   Thumb Code     2  stm32f4xx_it.o(i.NMI_Handler)
    StartTaskEnter                           0x08002575   Thumb Code    38  freertos.o(i.StartTaskEnter)
    SysTick_Handler                          0x080025a9   Thumb Code    38  port.o(i.SysTick_Handler)
    SystemClock_Config                       0x080025d5   Thumb Code   128  main.o(i.SystemClock_Config)
    SystemInit                               0x0800265d   Thumb Code    22  system_stm32f4xx.o(i.SystemInit)
    TIM6_DAC_IRQHandler                      0x08002679   Thumb Code     6  stm32f4xx_it.o(i.TIM6_DAC_IRQHandler)
    TIM_Base_SetConfig                       0x08002685   Thumb Code   156  stm32f4xx_hal_tim.o(i.TIM_Base_SetConfig)
    USART1_IRQHandler                        0x0800299d   Thumb Code    30  stm32f4xx_it.o(i.USART1_IRQHandler)
    UsageFault_Handler                       0x080029c9   Thumb Code     2  stm32f4xx_it.o(i.UsageFault_Handler)
    buffer_get_int16                         0x080029eb   Thumb Code    16  bldcmotor.o(i.buffer_get_int16)
    buffer_get_int32                         0x080029fb   Thumb Code    24  bldcmotor.o(i.buffer_get_int32)
    main                                     0x08002a13   Thumb Code    38  main.o(i.main)
    osDelay                                  0x08002a45   Thumb Code    14  cmsis_os.o(i.osDelay)
    osKernelStart                            0x08002a53   Thumb Code    10  cmsis_os.o(i.osKernelStart)
    osMessageCreate                          0x08002a5d   Thumb Code    38  cmsis_os.o(i.osMessageCreate)
    osThreadCreate                           0x08002a83   Thumb Code    84  cmsis_os.o(i.osThreadCreate)
    pvPortMalloc                             0x08002f31   Thumb Code   210  heap_4.o(i.pvPortMalloc)
    pxPortInitialiseStack                    0x08003009   Thumb Code    40  port.o(i.pxPortInitialiseStack)
    uxListRemove                             0x08003035   Thumb Code    38  list.o(i.uxListRemove)
    vApplicationGetIdleTaskMemory            0x0800305d   Thumb Code    16  freertos.o(i.vApplicationGetIdleTaskMemory)
    vListInitialise                          0x08003071   Thumb Code    22  list.o(i.vListInitialise)
    vListInitialiseItem                      0x08003087   Thumb Code     6  list.o(i.vListInitialiseItem)
    vListInsert                              0x0800308d   Thumb Code    48  list.o(i.vListInsert)
    vListInsertEnd                           0x080030bd   Thumb Code    24  list.o(i.vListInsertEnd)
    vPortEnterCritical                       0x080030d5   Thumb Code    54  port.o(i.vPortEnterCritical)
    vPortExitCritical                        0x08003115   Thumb Code    34  port.o(i.vPortExitCritical)
    vPortFree                                0x0800313d   Thumb Code    88  heap_4.o(i.vPortFree)
    vPortSetupTimerInterrupt                 0x08003199   Thumb Code    32  port.o(i.vPortSetupTimerInterrupt)
    vPortValidateInterruptPriority           0x080031bd   Thumb Code    74  port.o(i.vPortValidateInterruptPriority)
    vTaskDelay                               0x08003211   Thumb Code    66  tasks.o(i.vTaskDelay)
    vTaskDelete                              0x0800325d   Thumb Code   156  tasks.o(i.vTaskDelete)
    vTaskInternalSetTimeOutState             0x08003309   Thumb Code    12  tasks.o(i.vTaskInternalSetTimeOutState)
    vTaskMissedYield                         0x08003319   Thumb Code     8  tasks.o(i.vTaskMissedYield)
    vTaskPlaceOnEventList                    0x08003325   Thumb Code    44  tasks.o(i.vTaskPlaceOnEventList)
    vTaskStartScheduler                      0x08003355   Thumb Code    90  tasks.o(i.vTaskStartScheduler)
    vTaskSuspendAll                          0x080033c1   Thumb Code    10  tasks.o(i.vTaskSuspendAll)
    vTaskSwitchContext                       0x080033d1   Thumb Code    82  tasks.o(i.vTaskSwitchContext)
    xPortStartScheduler                      0x0800342d   Thumb Code   222  port.o(i.xPortStartScheduler)
    xQueueGenericCreate                      0x08003521   Thumb Code    72  queue.o(i.xQueueGenericCreate)
    xQueueGenericCreateStatic                0x08003569   Thumb Code   102  queue.o(i.xQueueGenericCreateStatic)
    xQueueGenericReset                       0x080035d1   Thumb Code   132  queue.o(i.xQueueGenericReset)
    xQueueGenericSendFromISR                 0x08003659   Thumb Code   188  queue.o(i.xQueueGenericSendFromISR)
    xQueueReceive                            0x08003715   Thumb Code   308  queue.o(i.xQueueReceive)
    xTaskCheckForTimeOut                     0x0800384d   Thumb Code   102  tasks.o(i.xTaskCheckForTimeOut)
    xTaskCreate                              0x080038b9   Thumb Code    90  tasks.o(i.xTaskCreate)
    xTaskCreateStatic                        0x08003913   Thumb Code    86  tasks.o(i.xTaskCreateStatic)
    xTaskGetSchedulerState                   0x08003969   Thumb Code    22  tasks.o(i.xTaskGetSchedulerState)
    xTaskIncrementTick                       0x08003985   Thumb Code   192  tasks.o(i.xTaskIncrementTick)
    xTaskPriorityDisinherit                  0x08003a4d   Thumb Code   144  tasks.o(i.xTaskPriorityDisinherit)
    xTaskRemoveFromEventList                 0x08003ae5   Thumb Code   106  tasks.o(i.xTaskRemoveFromEventList)
    xTaskResumeAll                           0x08003b5d   Thumb Code   182  tasks.o(i.xTaskResumeAll)
    _fp_init                                 0x08003c21   Thumb Code    10  fpinit.o(x$fpl$fpinit)
    __fplib_config_fpu_vfp                   0x08003c29   Thumb Code     0  fpinit.o(x$fpl$fpinit)
    __fplib_config_pureend_doubles           0x08003c29   Thumb Code     0  fpinit.o(x$fpl$fpinit)
    AHBPrescTable                            0x08003c7c   Data          16  system_stm32f4xx.o(.constdata)
    APBPrescTable                            0x08003c8c   Data           8  system_stm32f4xx.o(.constdata)
    Region$$Table$$Base                      0x08003ca8   Number         0  anon$$obj.o(Region$$Table)
    Region$$Table$$Limit                     0x08003cc8   Number         0  anon$$obj.o(Region$$Table)
    StartTaskHandle                          0x20000004   Data           4  freertos.o(.data)
    CANTaskHandle                            0x20000008   Data           4  freertos.o(.data)
    xQueueCanReceiveHandle                   0x2000000c   Data           4  freertos.o(.data)
    uwTickFreq                               0x20000010   Data           1  stm32f4xx_hal.o(.data)
    uwTickPrio                               0x20000014   Data           4  stm32f4xx_hal.o(.data)
    uwTick                                   0x20000018   Data           4  stm32f4xx_hal.o(.data)
    SystemCoreClock                          0x2000001c   Data           4  system_stm32f4xx.o(.data)
    pxCurrentTCB                             0x20000020   Data           4  tasks.o(.data)
    DR16                                     0x20000080   Data          44  dr16_remote.o(.data)
    DJIMotorFunction                         0x200000ac   Data          12  djimotor.o(.data)
    BLDCMotorFunction                        0x200000b8   Data          12  bldcmotor.o(.data)
    BLDC_Cmd                                 0x200000c4   Data           1  bldcmotor.o(.data)
    stat_tmp                                 0x200000c8   Data           4  bldcmotor.o(.data)
    stat_tmp_2                               0x200000cc   Data           4  bldcmotor.o(.data)
    stat_tmp_3                               0x200000d0   Data           4  bldcmotor.o(.data)
    stat_tmp_4                               0x200000d4   Data           4  bldcmotor.o(.data)
    stat_tmp_5                               0x200000d8   Data           4  bldcmotor.o(.data)
    CAN1_Filter                              0x200000dc   Data          40  can.o(.bss)
    CAN2_Filter                              0x20000104   Data          40  can.o(.bss)
    hcan1                                    0x2000012c   Data          40  can.o(.bss)
    hcan2                                    0x20000154   Data          40  can.o(.bss)
    huart1                                   0x200003d0   Data          64  usart.o(.bss)
    hdma_usart1_rx                           0x20000410   Data          96  usart.o(.bss)
    htim6                                    0x20000470   Data          64  stm32f4xx_hal_timebase_tim.o(.bss)
    DR16Buffer                               0x2000436c   Data          22  dr16_remote.o(.bss)
    DR16_Export_data                         0x20004384   Data          16  dr16_remote.o(.bss)
    M3508_MoonWheel                          0x20004394   Data         800  djimotor.o(.bss)
    BLDC_Motors                              0x200046b4   Data         368  bldcmotor.o(.bss)
    __libspace_start                         0x20004824   Data          96  libspace.o(.bss)
    __temporary_stack_top$libspace           0x20004884   Data           0  libspace.o(.bss)



==============================================================================

Memory Map of the image

  Image Entry point : 0x080001ad

  Load Region LR_IROM1 (Base: 0x08000000, Size: 0x00003da4, Max: 0x00200000, ABSOLUTE)

    Execution Region ER_IROM1 (Exec base: 0x08000000, Load base: 0x08000000, Size: 0x00003cc8, Max: 0x00200000, ABSOLUTE)

    Exec Addr    Load Addr    Size         Type   Attr      Idx    E Section Name        Object

    0x08000000   0x08000000   0x000001ac   Data   RO            3    RESET               startup_stm32f427xx.o
    0x080001ac   0x080001ac   0x00000008   Code   RO         4861  * !!!main             c_w.l(__main.o)
    0x080001b4   0x080001b4   0x00000034   Code   RO         5030    !!!scatter          c_w.l(__scatter.o)
    0x080001e8   0x080001e8   0x0000001a   Code   RO         5032    !!handler_copy      c_w.l(__scatter_copy.o)
    0x08000202   0x08000202   0x00000002   PAD
    0x08000204   0x08000204   0x0000001c   Code   RO         5034    !!handler_zi        c_w.l(__scatter_zi.o)
    0x08000220   0x08000220   0x00000002   Code   RO         4900    .ARM.Collect$$libinit$$00000000  c_w.l(libinit.o)
    0x08000222   0x08000222   0x00000004   Code   RO         4912    .ARM.Collect$$libinit$$00000001  c_w.l(libinit2.o)
    0x08000226   0x08000226   0x00000000   Code   RO         4915    .ARM.Collect$$libinit$$00000004  c_w.l(libinit2.o)
    0x08000226   0x08000226   0x00000000   Code   RO         4918    .ARM.Collect$$libinit$$0000000A  c_w.l(libinit2.o)
    0x08000226   0x08000226   0x00000000   Code   RO         4920    .ARM.Collect$$libinit$$0000000C  c_w.l(libinit2.o)
    0x08000226   0x08000226   0x00000000   Code   RO         4922    .ARM.Collect$$libinit$$0000000E  c_w.l(libinit2.o)
    0x08000226   0x08000226   0x00000000   Code   RO         4925    .ARM.Collect$$libinit$$00000011  c_w.l(libinit2.o)
    0x08000226   0x08000226   0x00000000   Code   RO         4927    .ARM.Collect$$libinit$$00000013  c_w.l(libinit2.o)
    0x08000226   0x08000226   0x00000000   Code   RO         4929    .ARM.Collect$$libinit$$00000015  c_w.l(libinit2.o)
    0x08000226   0x08000226   0x00000000   Code   RO         4931    .ARM.Collect$$libinit$$00000017  c_w.l(libinit2.o)
    0x08000226   0x08000226   0x00000000   Code   RO         4933    .ARM.Collect$$libinit$$00000019  c_w.l(libinit2.o)
    0x08000226   0x08000226   0x00000000   Code   RO         4935    .ARM.Collect$$libinit$$0000001B  c_w.l(libinit2.o)
    0x08000226   0x08000226   0x00000000   Code   RO         4937    .ARM.Collect$$libinit$$0000001D  c_w.l(libinit2.o)
    0x08000226   0x08000226   0x00000000   Code   RO         4939    .ARM.Collect$$libinit$$0000001F  c_w.l(libinit2.o)
    0x08000226   0x08000226   0x00000000   Code   RO         4941    .ARM.Collect$$libinit$$00000021  c_w.l(libinit2.o)
    0x08000226   0x08000226   0x00000000   Code   RO         4943    .ARM.Collect$$libinit$$00000023  c_w.l(libinit2.o)
    0x08000226   0x08000226   0x00000000   Code   RO         4945    .ARM.Collect$$libinit$$00000025  c_w.l(libinit2.o)
    0x08000226   0x08000226   0x00000000   Code   RO         4949    .ARM.Collect$$libinit$$0000002C  c_w.l(libinit2.o)
    0x08000226   0x08000226   0x00000000   Code   RO         4951    .ARM.Collect$$libinit$$0000002E  c_w.l(libinit2.o)
    0x08000226   0x08000226   0x00000000   Code   RO         4953    .ARM.Collect$$libinit$$00000030  c_w.l(libinit2.o)
    0x08000226   0x08000226   0x00000000   Code   RO         4955    .ARM.Collect$$libinit$$00000032  c_w.l(libinit2.o)
    0x08000226   0x08000226   0x00000002   Code   RO         4956    .ARM.Collect$$libinit$$00000033  c_w.l(libinit2.o)
    0x08000228   0x08000228   0x00000002   Code   RO         4987    .ARM.Collect$$libshutdown$$00000000  c_w.l(libshutdown.o)
    0x0800022a   0x0800022a   0x00000000   Code   RO         5013    .ARM.Collect$$libshutdown$$00000002  c_w.l(libshutdown2.o)
    0x0800022a   0x0800022a   0x00000000   Code   RO         5015    .ARM.Collect$$libshutdown$$00000004  c_w.l(libshutdown2.o)
    0x0800022a   0x0800022a   0x00000000   Code   RO         5018    .ARM.Collect$$libshutdown$$00000007  c_w.l(libshutdown2.o)
    0x0800022a   0x0800022a   0x00000000   Code   RO         5021    .ARM.Collect$$libshutdown$$0000000A  c_w.l(libshutdown2.o)
    0x0800022a   0x0800022a   0x00000000   Code   RO         5023    .ARM.Collect$$libshutdown$$0000000C  c_w.l(libshutdown2.o)
    0x0800022a   0x0800022a   0x00000000   Code   RO         5026    .ARM.Collect$$libshutdown$$0000000F  c_w.l(libshutdown2.o)
    0x0800022a   0x0800022a   0x00000002   Code   RO         5027    .ARM.Collect$$libshutdown$$00000010  c_w.l(libshutdown2.o)
    0x0800022c   0x0800022c   0x00000000   Code   RO         4863    .ARM.Collect$$rtentry$$00000000  c_w.l(__rtentry.o)
    0x0800022c   0x0800022c   0x00000000   Code   RO         4871    .ARM.Collect$$rtentry$$00000002  c_w.l(__rtentry2.o)
    0x0800022c   0x0800022c   0x00000006   Code   RO         4883    .ARM.Collect$$rtentry$$00000004  c_w.l(__rtentry4.o)
    0x08000232   0x08000232   0x00000000   Code   RO         4873    .ARM.Collect$$rtentry$$00000009  c_w.l(__rtentry2.o)
    0x08000232   0x08000232   0x00000004   Code   RO         4874    .ARM.Collect$$rtentry$$0000000A  c_w.l(__rtentry2.o)
    0x08000236   0x08000236   0x00000000   Code   RO         4876    .ARM.Collect$$rtentry$$0000000C  c_w.l(__rtentry2.o)
    0x08000236   0x08000236   0x00000008   Code   RO         4877    .ARM.Collect$$rtentry$$0000000D  c_w.l(__rtentry2.o)
    0x0800023e   0x0800023e   0x00000002   Code   RO         4904    .ARM.Collect$$rtexit$$00000000  c_w.l(rtexit.o)
    0x08000240   0x08000240   0x00000000   Code   RO         4960    .ARM.Collect$$rtexit$$00000002  c_w.l(rtexit2.o)
    0x08000240   0x08000240   0x00000004   Code   RO         4961    .ARM.Collect$$rtexit$$00000003  c_w.l(rtexit2.o)
    0x08000244   0x08000244   0x00000006   Code   RO         4962    .ARM.Collect$$rtexit$$00000004  c_w.l(rtexit2.o)
    0x0800024a   0x0800024a   0x00000002   PAD
    0x0800024c   0x0800024c   0x000000be   Code   RO         4522    .emb_text           port.o
    0x0800030a   0x0800030a   0x00000002   PAD
    0x0800030c   0x0800030c   0x00000040   Code   RO            4    .text               startup_stm32f427xx.o
    0x0800034c   0x0800034c   0x000000ee   Code   RO         4847    .text               c_w.l(lludivv7m.o)
    0x0800043a   0x0800043a   0x0000008a   Code   RO         4851    .text               c_w.l(rt_memcpy_v6.o)
    0x080004c4   0x080004c4   0x00000064   Code   RO         4853    .text               c_w.l(rt_memcpy_w.o)
    0x08000528   0x08000528   0x0000004e   Code   RO         4857    .text               c_w.l(rt_memclr_w.o)
    0x08000576   0x08000576   0x00000006   Code   RO         4859    .text               c_w.l(heapauxi.o)
    0x0800057c   0x0800057c   0x0000004a   Code   RO         4887    .text               c_w.l(sys_stackheap_outer.o)
    0x080005c6   0x080005c6   0x00000012   Code   RO         4889    .text               c_w.l(exit.o)
    0x080005d8   0x080005d8   0x00000008   Code   RO         4901    .text               c_w.l(libspace.o)
    0x080005e0   0x080005e0   0x0000000c   Code   RO         4957    .text               c_w.l(sys_exit.o)
    0x080005ec   0x080005ec   0x00000002   Code   RO         4976    .text               c_w.l(use_no_semi.o)
    0x080005ee   0x080005ee   0x00000000   Code   RO         4978    .text               c_w.l(indicate_semi.o)
    0x080005ee   0x080005ee   0x00000002   PAD
    0x080005f0   0x080005f0   0x000001dc   Code   RO         4698    i.BLDCMotor_Process  bldcmotor.o
    0x080007cc   0x080007cc   0x00000038   Code   RO         4699    i.BLDC_Motor_CAN2_IT_Init  bldcmotor.o
    0x08000804   0x08000804   0x00000002   Code   RO          438    i.BusFault_Handler  stm32f4xx_it.o
    0x08000806   0x08000806   0x00000002   PAD
    0x08000808   0x08000808   0x00000030   Code   RO          242    i.CAN1_FILTER_Init  can.o
    0x08000838   0x08000838   0x0000003c   Code   RO         4651    i.CAN1_Handler      djimotor.o
    0x08000874   0x08000874   0x0000002c   Code   RO          439    i.CAN1_RX0_IRQHandler  stm32f4xx_it.o
    0x080008a0   0x080008a0   0x00000030   Code   RO          243    i.CAN2_FILTER_Init  can.o
    0x080008d0   0x080008d0   0x0000003c   Code   RO         4700    i.CAN2_Handler      bldcmotor.o
    0x0800090c   0x0800090c   0x0000002c   Code   RO          440    i.CAN2_RX0_IRQHandler  stm32f4xx_it.o
    0x08000938   0x08000938   0x0000006c   Code   RO          329    i.CANTaskEnter      freertos.o
    0x080009a4   0x080009a4   0x00000080   Code   RO         4652    i.DJI_Motor3508Process  djimotor.o
    0x08000a24   0x08000a24   0x00000038   Code   RO         4653    i.DJI_Motor_CAN1_IT_Init  djimotor.o
    0x08000a5c   0x08000a5c   0x0000000c   Code   RO          441    i.DMA2_Stream2_IRQHandler  stm32f4xx_it.o
    0x08000a68   0x08000a68   0x00000028   Code   RO         1334    i.DMA_CalcBaseAndBitshift  stm32f4xx_hal_dma.o
    0x08000a90   0x08000a90   0x00000054   Code   RO         1335    i.DMA_CheckFifoParam  stm32f4xx_hal_dma.o
    0x08000ae4   0x08000ae4   0x00000028   Code   RO         1336    i.DMA_SetConfig     stm32f4xx_hal_dma.o
    0x08000b0c   0x08000b0c   0x00000054   Code   RO         4602    i.DR16_Handler      dr16_remote.o
    0x08000b60   0x08000b60   0x00000104   Code   RO         4603    i.DR16_Process      dr16_remote.o
    0x08000c64   0x08000c64   0x00000024   Code   RO         4604    i.DR16_ReInit       dr16_remote.o
    0x08000c88   0x08000c88   0x00000054   Code   RO         4605    i.DR16_USART1_IT_Init  dr16_remote.o
    0x08000cdc   0x08000cdc   0x00000002   Code   RO          442    i.DebugMon_Handler  stm32f4xx_it.o
    0x08000cde   0x08000cde   0x00000002   Code   RO           13    i.Error_Handler     main.o
    0x08000ce0   0x08000ce0   0x0000010c   Code   RO          592    i.HAL_CAN_ConfigFilter  stm32f4xx_hal_can.o
    0x08000dec   0x08000dec   0x00000002   Code   RO          595    i.HAL_CAN_ErrorCallback  stm32f4xx_hal_can.o
    0x08000dee   0x08000dee   0x000000e8   Code   RO          598    i.HAL_CAN_GetRxMessage  stm32f4xx_hal_can.o
    0x08000ed6   0x08000ed6   0x000001fc   Code   RO          602    i.HAL_CAN_IRQHandler  stm32f4xx_hal_can.o
    0x080010d2   0x080010d2   0x0000011a   Code   RO          603    i.HAL_CAN_Init      stm32f4xx_hal_can.o
    0x080011ec   0x080011ec   0x000000fc   Code   RO          245    i.HAL_CAN_MspInit   can.o
    0x080012e8   0x080012e8   0x00000002   Code   RO          610    i.HAL_CAN_RxFifo0FullCallback  stm32f4xx_hal_can.o
    0x080012ea   0x080012ea   0x00000002   Code   RO          611    i.HAL_CAN_RxFifo0MsgPendingCallback  stm32f4xx_hal_can.o
    0x080012ec   0x080012ec   0x00000002   Code   RO          612    i.HAL_CAN_RxFifo1FullCallback  stm32f4xx_hal_can.o
    0x080012ee   0x080012ee   0x00000002   Code   RO          613    i.HAL_CAN_RxFifo1MsgPendingCallback  stm32f4xx_hal_can.o
    0x080012f0   0x080012f0   0x00000002   Code   RO          614    i.HAL_CAN_SleepCallback  stm32f4xx_hal_can.o
    0x080012f2   0x080012f2   0x00000002   PAD
    0x080012f4   0x080012f4   0x00000058   Code   RO          615    i.HAL_CAN_Start     stm32f4xx_hal_can.o
    0x0800134c   0x0800134c   0x00000002   Code   RO          617    i.HAL_CAN_TxMailbox0AbortCallback  stm32f4xx_hal_can.o
    0x0800134e   0x0800134e   0x00000002   Code   RO          618    i.HAL_CAN_TxMailbox0CompleteCallback  stm32f4xx_hal_can.o
    0x08001350   0x08001350   0x00000002   Code   RO          619    i.HAL_CAN_TxMailbox1AbortCallback  stm32f4xx_hal_can.o
    0x08001352   0x08001352   0x00000002   Code   RO          620    i.HAL_CAN_TxMailbox1CompleteCallback  stm32f4xx_hal_can.o
    0x08001354   0x08001354   0x00000002   Code   RO          621    i.HAL_CAN_TxMailbox2AbortCallback  stm32f4xx_hal_can.o
    0x08001356   0x08001356   0x00000002   Code   RO          622    i.HAL_CAN_TxMailbox2CompleteCallback  stm32f4xx_hal_can.o
    0x08001358   0x08001358   0x00000002   Code   RO          624    i.HAL_CAN_WakeUpFromRxMsgCallback  stm32f4xx_hal_can.o
    0x0800135a   0x0800135a   0x00000024   Code   RO         1338    i.HAL_DMA_Abort_IT  stm32f4xx_hal_dma.o
    0x0800137e   0x0800137e   0x00000002   PAD
    0x08001380   0x08001380   0x000001a0   Code   RO         1342    i.HAL_DMA_IRQHandler  stm32f4xx_hal_dma.o
    0x08001520   0x08001520   0x000000d4   Code   RO         1343    i.HAL_DMA_Init      stm32f4xx_hal_dma.o
    0x080015f4   0x080015f4   0x00000046   Code   RO         1346    i.HAL_DMA_Start     stm32f4xx_hal_dma.o
    0x0800163a   0x0800163a   0x00000002   PAD
    0x0800163c   0x0800163c   0x000001d4   Code   RO         1230    i.HAL_GPIO_Init     stm32f4xx_hal_gpio.o
    0x08001810   0x08001810   0x0000000e   Code   RO         1233    i.HAL_GPIO_TogglePin  stm32f4xx_hal_gpio.o
    0x0800181e   0x0800181e   0x0000000a   Code   RO         1234    i.HAL_GPIO_WritePin  stm32f4xx_hal_gpio.o
    0x08001828   0x08001828   0x0000000c   Code   RO         1782    i.HAL_GetTick       stm32f4xx_hal.o
    0x08001834   0x08001834   0x00000010   Code   RO         1788    i.HAL_IncTick       stm32f4xx_hal.o
    0x08001844   0x08001844   0x00000034   Code   RO         1789    i.HAL_Init          stm32f4xx_hal.o
    0x08001878   0x08001878   0x00000074   Code   RO          550    i.HAL_InitTick      stm32f4xx_hal_timebase_tim.o
    0x080018ec   0x080018ec   0x00000038   Code   RO          526    i.HAL_MspInit       stm32f4xx_hal_msp.o
    0x08001924   0x08001924   0x0000001a   Code   RO         1637    i.HAL_NVIC_EnableIRQ  stm32f4xx_hal_cortex.o
    0x0800193e   0x0800193e   0x00000002   PAD
    0x08001940   0x08001940   0x00000040   Code   RO         1643    i.HAL_NVIC_SetPriority  stm32f4xx_hal_cortex.o
    0x08001980   0x08001980   0x00000024   Code   RO         1644    i.HAL_NVIC_SetPriorityGrouping  stm32f4xx_hal_cortex.o
    0x080019a4   0x080019a4   0x00000070   Code   RO         1566    i.HAL_PWREx_EnableOverDrive  stm32f4xx_hal_pwr_ex.o
    0x08001a14   0x08001a14   0x00000134   Code   RO          824    i.HAL_RCC_ClockConfig  stm32f4xx_hal_rcc.o
    0x08001b48   0x08001b48   0x00000040   Code   RO          828    i.HAL_RCC_GetClockConfig  stm32f4xx_hal_rcc.o
    0x08001b88   0x08001b88   0x00000020   Code   RO          831    i.HAL_RCC_GetPCLK1Freq  stm32f4xx_hal_rcc.o
    0x08001ba8   0x08001ba8   0x00000020   Code   RO          832    i.HAL_RCC_GetPCLK2Freq  stm32f4xx_hal_rcc.o
    0x08001bc8   0x08001bc8   0x00000064   Code   RO          833    i.HAL_RCC_GetSysClockFreq  stm32f4xx_hal_rcc.o
    0x08001c2c   0x08001c2c   0x0000035c   Code   RO          836    i.HAL_RCC_OscConfig  stm32f4xx_hal_rcc.o
    0x08001f88   0x08001f88   0x00000002   Code   RO         2714    i.HAL_TIMEx_BreakCallback  stm32f4xx_hal_tim_ex.o
    0x08001f8a   0x08001f8a   0x00000002   Code   RO         2715    i.HAL_TIMEx_CommutCallback  stm32f4xx_hal_tim_ex.o
    0x08001f8c   0x08001f8c   0x00000036   Code   RO         2039    i.HAL_TIM_Base_Init  stm32f4xx_hal_tim.o
    0x08001fc2   0x08001fc2   0x00000002   Code   RO         2041    i.HAL_TIM_Base_MspInit  stm32f4xx_hal_tim.o
    0x08001fc4   0x08001fc4   0x00000022   Code   RO         2044    i.HAL_TIM_Base_Start_IT  stm32f4xx_hal_tim.o
    0x08001fe6   0x08001fe6   0x00000002   Code   RO         2068    i.HAL_TIM_IC_CaptureCallback  stm32f4xx_hal_tim.o
    0x08001fe8   0x08001fe8   0x00000166   Code   RO         2082    i.HAL_TIM_IRQHandler  stm32f4xx_hal_tim.o
    0x0800214e   0x0800214e   0x00000002   Code   RO         2085    i.HAL_TIM_OC_DelayElapsedCallback  stm32f4xx_hal_tim.o
    0x08002150   0x08002150   0x00000002   Code   RO         2112    i.HAL_TIM_PWM_PulseFinishedCallback  stm32f4xx_hal_tim.o
    0x08002152   0x08002152   0x00000002   PAD
    0x08002154   0x08002154   0x00000014   Code   RO           14    i.HAL_TIM_PeriodElapsedCallback  main.o
    0x08002168   0x08002168   0x00000002   Code   RO         2125    i.HAL_TIM_TriggerCallback  stm32f4xx_hal_tim.o
    0x0800216a   0x0800216a   0x00000002   Code   RO         2986    i.HAL_UART_ErrorCallback  stm32f4xx_hal_uart.o
    0x0800216c   0x0800216c   0x00000114   Code   RO         2989    i.HAL_UART_IRQHandler  stm32f4xx_hal_uart.o
    0x08002280   0x08002280   0x00000062   Code   RO         2990    i.HAL_UART_Init     stm32f4xx_hal_uart.o
    0x080022e2   0x080022e2   0x00000002   PAD
    0x080022e4   0x080022e4   0x000000b0   Code   RO          397    i.HAL_UART_MspInit  usart.o
    0x08002394   0x08002394   0x00000002   Code   RO         2996    i.HAL_UART_RxCpltCallback  stm32f4xx_hal_uart.o
    0x08002396   0x08002396   0x00000002   Code   RO         3001    i.HAL_UART_TxCpltCallback  stm32f4xx_hal_uart.o
    0x08002398   0x08002398   0x00000002   Code   RO          443    i.HardFault_Handler  stm32f4xx_it.o
    0x0800239a   0x0800239a   0x00000002   PAD
    0x0800239c   0x0800239c   0x00000044   Code   RO          246    i.MX_CAN1_Init      can.o
    0x080023e0   0x080023e0   0x00000044   Code   RO          247    i.MX_CAN2_Init      can.o
    0x08002424   0x08002424   0x0000002c   Code   RO          305    i.MX_DMA_Init       dma.o
    0x08002450   0x08002450   0x00000054   Code   RO          330    i.MX_FREERTOS_Init  freertos.o
    0x080024a4   0x080024a4   0x00000090   Code   RO          218    i.MX_GPIO_Init      gpio.o
    0x08002534   0x08002534   0x0000003c   Code   RO          398    i.MX_USART1_UART_Init  usart.o
    0x08002570   0x08002570   0x00000002   Code   RO          444    i.MemManage_Handler  stm32f4xx_it.o
    0x08002572   0x08002572   0x00000002   Code   RO          445    i.NMI_Handler       stm32f4xx_it.o
    0x08002574   0x08002574   0x00000034   Code   RO          331    i.StartTaskEnter    freertos.o
    0x080025a8   0x080025a8   0x0000002c   Code   RO         4523    i.SysTick_Handler   port.o
    0x080025d4   0x080025d4   0x00000088   Code   RO           15    i.SystemClock_Config  main.o
    0x0800265c   0x0800265c   0x0000001c   Code   RO         3292    i.SystemInit        system_stm32f4xx.o
    0x08002678   0x08002678   0x0000000c   Code   RO          446    i.TIM6_DAC_IRQHandler  stm32f4xx_it.o
    0x08002684   0x08002684   0x000000c8   Code   RO         2127    i.TIM_Base_SetConfig  stm32f4xx_hal_tim.o
    0x0800274c   0x0800274c   0x00000010   Code   RO         3003    i.UART_DMAAbortOnError  stm32f4xx_hal_uart.o
    0x0800275c   0x0800275c   0x0000001c   Code   RO         3013    i.UART_EndRxTransfer  stm32f4xx_hal_uart.o
    0x08002778   0x08002778   0x00000096   Code   RO         3015    i.UART_Receive_IT   stm32f4xx_hal_uart.o
    0x0800280e   0x0800280e   0x00000002   PAD
    0x08002810   0x08002810   0x00000128   Code   RO         3016    i.UART_SetConfig    stm32f4xx_hal_uart.o
    0x08002938   0x08002938   0x00000062   Code   RO         3017    i.UART_Transmit_IT  stm32f4xx_hal_uart.o
    0x0800299a   0x0800299a   0x00000002   PAD
    0x0800299c   0x0800299c   0x0000002c   Code   RO          447    i.USART1_IRQHandler  stm32f4xx_it.o
    0x080029c8   0x080029c8   0x00000002   Code   RO          448    i.UsageFault_Handler  stm32f4xx_it.o
    0x080029ca   0x080029ca   0x00000020   Code   RO         1650    i.__NVIC_SetPriority  stm32f4xx_hal_cortex.o
    0x080029ea   0x080029ea   0x00000010   Code   RO         4709    i.buffer_get_int16  bldcmotor.o
    0x080029fa   0x080029fa   0x00000018   Code   RO         4710    i.buffer_get_int32  bldcmotor.o
    0x08002a12   0x08002a12   0x00000026   Code   RO           16    i.main              main.o
    0x08002a38   0x08002a38   0x0000000c   Code   RO         4094    i.makeFreeRtosPriority  cmsis_os.o
    0x08002a44   0x08002a44   0x0000000e   Code   RO         4096    i.osDelay           cmsis_os.o
    0x08002a52   0x08002a52   0x0000000a   Code   RO         4099    i.osKernelStart     cmsis_os.o
    0x08002a5c   0x08002a5c   0x00000026   Code   RO         4108    i.osMessageCreate   cmsis_os.o
    0x08002a82   0x08002a82   0x00000054   Code   RO         4133    i.osThreadCreate    cmsis_os.o
    0x08002ad6   0x08002ad6   0x00000002   PAD
    0x08002ad8   0x08002ad8   0x00000050   Code   RO         3794    i.prvAddCurrentTaskToDelayedList  tasks.o
    0x08002b28   0x08002b28   0x000000c8   Code   RO         3795    i.prvAddNewTaskToReadyList  tasks.o
    0x08002bf0   0x08002bf0   0x00000026   Code   RO         3470    i.prvCopyDataFromQueue  queue.o
    0x08002c16   0x08002c16   0x0000006c   Code   RO         3471    i.prvCopyDataToQueue  queue.o
    0x08002c82   0x08002c82   0x00000034   Code   RO         3796    i.prvDeleteTCB      tasks.o
    0x08002cb6   0x08002cb6   0x00000002   PAD
    0x08002cb8   0x08002cb8   0x0000004c   Code   RO         4461    i.prvHeapInit       heap_4.o
    0x08002d04   0x08002d04   0x00000060   Code   RO         3797    i.prvIdleTask       tasks.o
    0x08002d64   0x08002d64   0x00000016   Code   RO         3473    i.prvInitialiseNewQueue  queue.o
    0x08002d7a   0x08002d7a   0x00000098   Code   RO         3798    i.prvInitialiseNewTask  tasks.o
    0x08002e12   0x08002e12   0x00000002   PAD
    0x08002e14   0x08002e14   0x0000004c   Code   RO         4462    i.prvInsertBlockIntoFreeList  heap_4.o
    0x08002e60   0x08002e60   0x0000001c   Code   RO         3474    i.prvIsQueueEmpty   queue.o
    0x08002e7c   0x08002e7c   0x00000020   Code   RO         3799    i.prvResetNextTaskUnblockTime  tasks.o
    0x08002e9c   0x08002e9c   0x00000028   Code   RO         4524    i.prvTaskExitError  port.o
    0x08002ec4   0x08002ec4   0x0000006a   Code   RO         3475    i.prvUnlockQueue    queue.o
    0x08002f2e   0x08002f2e   0x00000002   PAD
    0x08002f30   0x08002f30   0x000000d8   Code   RO         4463    i.pvPortMalloc      heap_4.o
    0x08003008   0x08003008   0x0000002c   Code   RO         4525    i.pxPortInitialiseStack  port.o
    0x08003034   0x08003034   0x00000026   Code   RO         3430    i.uxListRemove      list.o
    0x0800305a   0x0800305a   0x00000002   PAD
    0x0800305c   0x0800305c   0x00000014   Code   RO          332    i.vApplicationGetIdleTaskMemory  freertos.o
    0x08003070   0x08003070   0x00000016   Code   RO         3431    i.vListInitialise   list.o
    0x08003086   0x08003086   0x00000006   Code   RO         3432    i.vListInitialiseItem  list.o
    0x0800308c   0x0800308c   0x00000030   Code   RO         3433    i.vListInsert       list.o
    0x080030bc   0x080030bc   0x00000018   Code   RO         3434    i.vListInsertEnd    list.o
    0x080030d4   0x080030d4   0x00000040   Code   RO         4527    i.vPortEnterCritical  port.o
    0x08003114   0x08003114   0x00000028   Code   RO         4528    i.vPortExitCritical  port.o
    0x0800313c   0x0800313c   0x0000005c   Code   RO         4464    i.vPortFree         heap_4.o
    0x08003198   0x08003198   0x00000024   Code   RO         4529    i.vPortSetupTimerInterrupt  port.o
    0x080031bc   0x080031bc   0x00000054   Code   RO         4530    i.vPortValidateInterruptPriority  port.o
    0x08003210   0x08003210   0x0000004c   Code   RO         3807    i.vTaskDelay        tasks.o
    0x0800325c   0x0800325c   0x000000ac   Code   RO         3809    i.vTaskDelete       tasks.o
    0x08003308   0x08003308   0x00000010   Code   RO         3811    i.vTaskInternalSetTimeOutState  tasks.o
    0x08003318   0x08003318   0x0000000c   Code   RO         3812    i.vTaskMissedYield  tasks.o
    0x08003324   0x08003324   0x00000030   Code   RO         3814    i.vTaskPlaceOnEventList  tasks.o
    0x08003354   0x08003354   0x0000006c   Code   RO         3820    i.vTaskStartScheduler  tasks.o
    0x080033c0   0x080033c0   0x00000010   Code   RO         3821    i.vTaskSuspendAll   tasks.o
    0x080033d0   0x080033d0   0x0000005c   Code   RO         3822    i.vTaskSwitchContext  tasks.o
    0x0800342c   0x0800342c   0x000000f4   Code   RO         4531    i.xPortStartScheduler  port.o
    0x08003520   0x08003520   0x00000048   Code   RO         3484    i.xQueueGenericCreate  queue.o
    0x08003568   0x08003568   0x00000066   Code   RO         3485    i.xQueueGenericCreateStatic  queue.o
    0x080035ce   0x080035ce   0x00000002   PAD
    0x080035d0   0x080035d0   0x00000088   Code   RO         3486    i.xQueueGenericReset  queue.o
    0x08003658   0x08003658   0x000000bc   Code   RO         3488    i.xQueueGenericSendFromISR  queue.o
    0x08003714   0x08003714   0x00000138   Code   RO         3494    i.xQueueReceive     queue.o
    0x0800384c   0x0800384c   0x0000006c   Code   RO         3823    i.xTaskCheckForTimeOut  tasks.o
    0x080038b8   0x080038b8   0x0000005a   Code   RO         3824    i.xTaskCreate       tasks.o
    0x08003912   0x08003912   0x00000056   Code   RO         3825    i.xTaskCreateStatic  tasks.o
    0x08003968   0x08003968   0x0000001c   Code   RO         3830    i.xTaskGetSchedulerState  tasks.o
    0x08003984   0x08003984   0x000000c8   Code   RO         3833    i.xTaskIncrementTick  tasks.o
    0x08003a4c   0x08003a4c   0x00000098   Code   RO         3836    i.xTaskPriorityDisinherit  tasks.o
    0x08003ae4   0x08003ae4   0x00000078   Code   RO         3838    i.xTaskRemoveFromEventList  tasks.o
    0x08003b5c   0x08003b5c   0x000000c4   Code   RO         3839    i.xTaskResumeAll    tasks.o
    0x08003c20   0x08003c20   0x0000000a   Code   RO         4972    x$fpl$fpinit        fz_wm.l(fpinit.o)
    0x08003c2a   0x08003c2a   0x00000002   PAD
    0x08003c2c   0x08003c2c   0x00000048   Data   RO          334    .constdata          freertos.o
    0x08003c74   0x08003c74   0x00000008   Data   RO         1349    .constdata          stm32f4xx_hal_dma.o
    0x08003c7c   0x08003c7c   0x00000010   Data   RO         3293    .constdata          system_stm32f4xx.o
    0x08003c8c   0x08003c8c   0x00000008   Data   RO         3294    .constdata          system_stm32f4xx.o
    0x08003c94   0x08003c94   0x00000012   Data   RO          335    .conststring        freertos.o
    0x08003ca6   0x08003ca6   0x00000002   PAD
    0x08003ca8   0x08003ca8   0x00000020   Data   RO         5028    Region$$Table       anon$$obj.o


    Execution Region RW_IRAM2 (Exec base: 0x10000000, Load base: 0x08003da4, Size: 0x00000000, Max: 0x00010000, ABSOLUTE)

    **** No section assigned to this execution region ****


    Execution Region RW_IRAM1 (Exec base: 0x20000000, Load base: 0x08003cc8, Size: 0x00004e88, Max: 0x00030000, ABSOLUTE)

    Exec Addr    Load Addr    Size         Type   Attr      Idx    E Section Name        Object

    0x20000000   0x08003cc8   0x00000004   Data   RW          251    .data               can.o
    0x20000004   0x08003ccc   0x0000000c   Data   RW          336    .data               freertos.o
    0x20000010   0x08003cd8   0x0000000c   Data   RW         1796    .data               stm32f4xx_hal.o
    0x2000001c   0x08003ce4   0x00000004   Data   RW         3295    .data               system_stm32f4xx.o
    0x20000020   0x08003ce8   0x0000003c   Data   RW         3841    .data               tasks.o
    0x2000005c   0x08003d24   0x00000018   Data   RW         4469    .data               heap_4.o
    0x20000074   0x08003d3c   0x0000000c   Data   RW         4532    .data               port.o
    0x20000080   0x08003d48   0x0000002c   Data   RW         4607    .data               dr16_remote.o
    0x200000ac   0x08003d74   0x0000000c   Data   RW         4655    .data               djimotor.o
    0x200000b8   0x08003d80   0x0000000c   Data   RW         4714    .data               bldcmotor.o
    0x200000c4   0x08003d8c   0x00000018   Data   RW         4715    .data               bldcmotor.o
    0x200000dc        -       0x00000028   Zero   RW          248    .bss                can.o
    0x20000104        -       0x00000028   Zero   RW          249    .bss                can.o
    0x2000012c        -       0x00000050   Zero   RW          250    .bss                can.o
    0x2000017c        -       0x00000254   Zero   RW          333    .bss                freertos.o
    0x200003d0        -       0x000000a0   Zero   RW          399    .bss                usart.o
    0x20000470        -       0x00000040   Zero   RW          553    .bss                stm32f4xx_hal_timebase_tim.o
    0x200004b0        -       0x000002bc   Zero   RW         3840    .bss                tasks.o
    0x2000076c        -       0x00003c00   Zero   RW         4468    .bss                heap_4.o
    0x2000436c        -       0x00000028   Zero   RW         4606    .bss                dr16_remote.o
    0x20004394        -       0x00000320   Zero   RW         4654    .bss                djimotor.o
    0x200046b4        -       0x00000170   Zero   RW         4713    .bss                bldcmotor.o
    0x20004824        -       0x00000060   Zero   RW         4902    .bss                c_w.l(libspace.o)
    0x20004884   0x08003da4   0x00000004   PAD
    0x20004888        -       0x00000200   Zero   RW            2    HEAP                startup_stm32f427xx.o
    0x20004a88        -       0x00000400   Zero   RW            1    STACK               startup_stm32f427xx.o


==============================================================================

Image component sizes


      Code (inc. data)   RO Data    RW Data    ZI Data      Debug   Object Name

       632         40          0         36        368       6219   bldcmotor.o
       484         52          0          4        160       3524   can.o
       158          0          0          0          0      23687   cmsis_os.o
       244         22          0         12        800       3530   djimotor.o
        44          4          0          0          0        730   dma.o
       464         32          0         44         40       4429   dr16_remote.o
         0          0          0          0          0      18756   event_groups.o
       264         40         90         12        596       4054   freertos.o
       144         10          0          0          0        935   gpio.o
       460         24          0         24      15360       7239   heap_4.o
       138          0          0          0          0       3478   list.o
       196         14          0          0          0     779982   main.o
       786         82          0         12          0      11797   port.o
      1112          8          0          0          0      14714   queue.o
        64         26        428          0       1536        832   startup_stm32f427xx.o
        80         14          0         12          0       8150   stm32f4xx_hal.o
      1404          6          0          0          0      12693   stm32f4xx_hal_can.o
       158         14          0          0          0      33106   stm32f4xx_hal_cortex.o
       898         16          8          0          0       6199   stm32f4xx_hal_dma.o
       492         54          0          0          0       2985   stm32f4xx_hal_gpio.o
        56          4          0          0          0        814   stm32f4xx_hal_msp.o
       112         14          0          0          0       1264   stm32f4xx_hal_pwr_ex.o
      1396         86          0          0          0       5801   stm32f4xx_hal_rcc.o
       656         44          0          0          0       7124   stm32f4xx_hal_tim.o
         4          0          0          0          0       1561   stm32f4xx_hal_tim_ex.o
       116         16          0          0         64       1359   stm32f4xx_hal_timebase_tim.o
       968         16          0          0          0       7327   stm32f4xx_hal_uart.o
       168         54          0          0          0       5069   stm32f4xx_it.o
         0          0          0          0          0        400   stream_buffer.o
        28          6         24          4          0       1095   system_stm32f4xx.o
      2132        170          0         60        700      25508   tasks.o
       236         34          0          0        160       1705   usart.o

    ----------------------------------------------------------------------
     14128        902        584        220      19784    1006066   Object Totals
         0          0         32          0          0          0   (incl. Generated)
        34          0          2          0          0          0   (incl. Padding)

    ----------------------------------------------------------------------

      Code (inc. data)   RO Data    RW Data    ZI Data      Debug   Library Member Name

         8          0          0          0          0         68   __main.o
         0          0          0          0          0          0   __rtentry.o
        12          0          0          0          0          0   __rtentry2.o
         6          0          0          0          0          0   __rtentry4.o
        52          8          0          0          0          0   __scatter.o
        26          0          0          0          0          0   __scatter_copy.o
        28          0          0          0          0          0   __scatter_zi.o
        18          0          0          0          0         80   exit.o
         6          0          0          0          0        152   heapauxi.o
         0          0          0          0          0          0   indicate_semi.o
         2          0          0          0          0          0   libinit.o
         6          0          0          0          0          0   libinit2.o
         2          0          0          0          0          0   libshutdown.o
         2          0          0          0          0          0   libshutdown2.o
         8          4          0          0         96         68   libspace.o
       238          0          0          0          0        100   lludivv7m.o
        78          0          0          0          0         80   rt_memclr_w.o
       138          0          0          0          0         68   rt_memcpy_v6.o
       100          0          0          0          0         80   rt_memcpy_w.o
         2          0          0          0          0          0   rtexit.o
        10          0          0          0          0          0   rtexit2.o
        12          4          0          0          0         68   sys_exit.o
        74          0          0          0          0         80   sys_stackheap_outer.o
         2          0          0          0          0         68   use_no_semi.o
        10          0          0          0          0        116   fpinit.o

    ----------------------------------------------------------------------
       848         16          0          0        100       1028   Library Totals
         8          0          0          0          4          0   (incl. Padding)

    ----------------------------------------------------------------------

      Code (inc. data)   RO Data    RW Data    ZI Data      Debug   Library Name

       830         16          0          0         96        912   c_w.l
        10          0          0          0          0        116   fz_wm.l

    ----------------------------------------------------------------------
       848         16          0          0        100       1028   Library Totals

    ----------------------------------------------------------------------

==============================================================================


      Code (inc. data)   RO Data    RW Data    ZI Data      Debug   

     14976        918        584        220      19884     991430   Grand Totals
     14976        918        584        220      19884     991430   ELF Image Totals
     14976        918        584        220          0          0   ROM Totals

==============================================================================

    Total RO  Size (Code + RO Data)                15560 (  15.20kB)
    Total RW  Size (RW Data + ZI Data)             20104 (  19.63kB)
    Total ROM Size (Code + RO Data + RW Data)      15780 (  15.41kB)

==============================================================================

